Component: ARM Compiler 5.06 update 1 (build 61) Tool: armlink [4d35a8]

==============================================================================

Section Cross References

    stm32f4xx_hal_rcc.o(i.HAL_RCC_ClockConfig) refers to stm32f4xx_hal.o(i.HAL_GetTick) for HAL_GetTick
    stm32f4xx_hal_rcc.o(i.HAL_RCC_ClockConfig) refers to stm32f4xx_hal.o(i.HAL_InitTick) for HAL_InitTick
    stm32f4xx_hal_rcc.o(i.HAL_RCC_GetHCLKFreq) refers to stm32f4xx_hal_rcc.o(i.HAL_RCC_GetSysClockFreq) for HAL_RCC_GetSysClockFreq
    stm32f4xx_hal_rcc.o(i.HAL_RCC_GetHCLKFreq) refers to stm32f4xx_hal_rcc.o(.constdata) for .constdata
    stm32f4xx_hal_rcc.o(i.HAL_RCC_GetHCLKFreq) refers to system_stm32f4xx.o(.data) for SystemCoreClock
    stm32f4xx_hal_rcc.o(i.HAL_RCC_GetPCLK1Freq) refers to stm32f4xx_hal_rcc.o(i.HAL_RCC_GetHCLKFreq) for HAL_RCC_GetHCLKFreq
    stm32f4xx_hal_rcc.o(i.HAL_RCC_GetPCLK1Freq) refers to stm32f4xx_hal_rcc.o(.constdata) for .constdata
    stm32f4xx_hal_rcc.o(i.HAL_RCC_GetPCLK2Freq) refers to stm32f4xx_hal_rcc.o(i.HAL_RCC_GetHCLKFreq) for HAL_RCC_GetHCLKFreq
    stm32f4xx_hal_rcc.o(i.HAL_RCC_GetPCLK2Freq) refers to stm32f4xx_hal_rcc.o(.constdata) for .constdata
    stm32f4xx_hal_rcc.o(i.HAL_RCC_MCOConfig) refers to stm32f4xx_hal_gpio.o(i.HAL_GPIO_Init) for HAL_GPIO_Init
    stm32f4xx_hal_rcc.o(i.HAL_RCC_NMI_IRQHandler) refers to stm32f4xx_hal_rcc.o(i.HAL_RCC_CSSCallback) for HAL_RCC_CSSCallback
    stm32f4xx_hal_rcc.o(i.HAL_RCC_OscConfig) refers to stm32f4xx_hal.o(i.HAL_GetTick) for HAL_GetTick
    stm32f4xx_hal_pwr.o(i.HAL_PWR_PVD_IRQHandler) refers to stm32f4xx_hal_pwr.o(i.HAL_PWR_PVDCallback) for HAL_PWR_PVDCallback
    stm32f4xx_hal_flash.o(i.FLASH_SetErrorCode) refers to stm32f4xx_hal_flash.o(.bss) for .bss
    stm32f4xx_hal_flash.o(i.FLASH_WaitForLastOperation) refers to stm32f4xx_hal.o(i.HAL_GetTick) for HAL_GetTick
    stm32f4xx_hal_flash.o(i.FLASH_WaitForLastOperation) refers to stm32f4xx_hal_flash.o(i.FLASH_SetErrorCode) for FLASH_SetErrorCode
    stm32f4xx_hal_flash.o(i.FLASH_WaitForLastOperation) refers to stm32f4xx_hal_flash.o(.bss) for .bss
    stm32f4xx_hal_flash.o(i.HAL_FLASH_GetError) refers to stm32f4xx_hal_flash.o(.bss) for .bss
    stm32f4xx_hal_flash.o(i.HAL_FLASH_IRQHandler) refers to stm32f4xx_hal_flash.o(i.FLASH_SetErrorCode) for FLASH_SetErrorCode
    stm32f4xx_hal_flash.o(i.HAL_FLASH_IRQHandler) refers to stm32f4xx_hal_flash.o(i.HAL_FLASH_OperationErrorCallback) for HAL_FLASH_OperationErrorCallback
    stm32f4xx_hal_flash.o(i.HAL_FLASH_IRQHandler) refers to stm32f4xx_hal_flash.o(i.HAL_FLASH_EndOfOperationCallback) for HAL_FLASH_EndOfOperationCallback
    stm32f4xx_hal_flash.o(i.HAL_FLASH_IRQHandler) refers to stm32f4xx_hal_flash_ex.o(i.FLASH_Erase_Sector) for FLASH_Erase_Sector
    stm32f4xx_hal_flash.o(i.HAL_FLASH_IRQHandler) refers to stm32f4xx_hal_flash_ex.o(i.FLASH_FlushCaches) for FLASH_FlushCaches
    stm32f4xx_hal_flash.o(i.HAL_FLASH_IRQHandler) refers to stm32f4xx_hal_flash.o(.bss) for .bss
    stm32f4xx_hal_flash.o(i.HAL_FLASH_OB_Launch) refers to stm32f4xx_hal_flash.o(i.FLASH_WaitForLastOperation) for FLASH_WaitForLastOperation
    stm32f4xx_hal_flash.o(i.HAL_FLASH_Program) refers to stm32f4xx_hal_flash.o(i.FLASH_WaitForLastOperation) for FLASH_WaitForLastOperation
    stm32f4xx_hal_flash.o(i.HAL_FLASH_Program) refers to stm32f4xx_hal_flash.o(i.FLASH_Program_DoubleWord) for FLASH_Program_DoubleWord
    stm32f4xx_hal_flash.o(i.HAL_FLASH_Program) refers to stm32f4xx_hal_flash.o(i.FLASH_Program_Byte) for FLASH_Program_Byte
    stm32f4xx_hal_flash.o(i.HAL_FLASH_Program) refers to stm32f4xx_hal_flash.o(i.FLASH_Program_HalfWord) for FLASH_Program_HalfWord
    stm32f4xx_hal_flash.o(i.HAL_FLASH_Program) refers to stm32f4xx_hal_flash.o(i.FLASH_Program_Word) for FLASH_Program_Word
    stm32f4xx_hal_flash.o(i.HAL_FLASH_Program) refers to stm32f4xx_hal_flash.o(.bss) for .bss
    stm32f4xx_hal_flash.o(i.HAL_FLASH_Program_IT) refers to stm32f4xx_hal_flash.o(i.FLASH_Program_DoubleWord) for FLASH_Program_DoubleWord
    stm32f4xx_hal_flash.o(i.HAL_FLASH_Program_IT) refers to stm32f4xx_hal_flash.o(i.FLASH_Program_Byte) for FLASH_Program_Byte
    stm32f4xx_hal_flash.o(i.HAL_FLASH_Program_IT) refers to stm32f4xx_hal_flash.o(i.FLASH_Program_HalfWord) for FLASH_Program_HalfWord
    stm32f4xx_hal_flash.o(i.HAL_FLASH_Program_IT) refers to stm32f4xx_hal_flash.o(i.FLASH_Program_Word) for FLASH_Program_Word
    stm32f4xx_hal_flash.o(i.HAL_FLASH_Program_IT) refers to stm32f4xx_hal_flash.o(.bss) for .bss
    stm32f4xx_hal_rcc_ex.o(i.HAL_RCCEx_PeriphCLKConfig) refers to stm32f4xx_hal.o(i.HAL_GetTick) for HAL_GetTick
    stm32f4xx_hal_cortex.o(i.HAL_NVIC_SetPriority) refers to stm32f4xx_hal_cortex.o(i.NVIC_SetPriority) for NVIC_SetPriority
    stm32f4xx_hal_cortex.o(i.HAL_SYSTICK_Config) refers to stm32f4xx_hal_cortex.o(i.NVIC_SetPriority) for NVIC_SetPriority
    stm32f4xx_hal_cortex.o(i.HAL_SYSTICK_IRQHandler) refers to stm32f4xx_hal_cortex.o(i.HAL_SYSTICK_Callback) for HAL_SYSTICK_Callback
[...]
    .text                                    0x080001c0   Section       36  startup_stm32f429xx.o(.text)
    $v0                                      0x080001c0   Number         0  startup_stm32f429xx.o(.text)
    .text                                    0x080001e4   Section        0  memcpya.o(.text)
    .text                                    0x08000208   Section        0  memseta.o(.text)
    .text                                    0x0800022c   Section       36  init.o(.text)
    i.DMA1_Stream5_IRQHandler                0x08000250   Section        0  stm32f4xx_it.o(i.DMA1_Stream5_IRQHandler)
    i.DMA_CalcBaseAndBitshift                0x0800025c   Section        0  stm32f4xx_hal_dma.o(i.DMA_CalcBaseAndBitshift)
    DMA_CalcBaseAndBitshift                  0x0800025d   Thumb Code    34  stm32f4xx_hal_dma.o(i.DMA_CalcBaseAndBitshift)
    i.DMA_SetConfig                          0x08000284   Section        0  stm32f4xx_hal_dma.o(i.DMA_SetConfig)
    DMA_SetConfig                            0x08000285   Thumb Code    40  stm32f4xx_hal_dma.o(i.DMA_SetConfig)
    i.DeInitStateMachine                     0x080002ac   Section        0  usbh_core.o(i.DeInitStateMachine)
    DeInitStateMachine                       0x080002ad   Thumb Code    72  usbh_core.o(i.DeInitStateMachine)
    i.FATFS_LinkDriver                       0x080002f4   Section        0  ff_gen_drv.o(i.FATFS_LinkDriver)
    i.FATFS_LinkDriverEx                     0x080002fc   Section        0  ff_gen_drv.o(i.FATFS_LinkDriverEx)
    i.HAL_DMA_IRQHandler                     0x0800033c   Section        0  stm32f4xx_hal_dma.o(i.HAL_DMA_IRQHandler)
    i.HAL_DMA_Init                           0x080004dc   Section        0  stm32f4xx_hal_dma.o(i.HAL_DMA_Init)
    i.HAL_DMA_Start_IT                       0x08000554   Section        0  stm32f4xx_hal_dma.o(i.HAL_DMA_Start_IT)
    i.HAL_Delay                              0x080005a2   Section        0  stm32f4xx_hal.o(i.HAL_Delay)
    i.HAL_GPIO_Init                          0x080005b8   Section        0  stm32f4xx_hal_gpio.o(i.HAL_GPIO_Init)
    i.HAL_GetTick                            0x08000784   Section        0  stm32f4xx_hal.o(i.HAL_GetTick)
    i.HAL_HCD_Connect_Callback               0x08000790   Section        0  usbh_conf.o(i.HAL_HCD_Connect_Callback)
    i.HAL_HCD_Disconnect_Callback            0x08000798   Section        0  usbh_conf.o(i.HAL_HCD_Disconnect_Callback)
    i.HAL_HCD_GetCurrentFrame                0x080007a0   Section        0  stm32f4xx_hal_hcd.o(i.HAL_HCD_GetCurrentFrame)
    i.HAL_HCD_GetCurrentSpeed                0x080007a6   Section        0  stm32f4xx_hal_hcd.o(i.HAL_HCD_GetCurrentSpeed)
    i.HAL_HCD_HC_GetURBState                 0x080007ac   Section        0  stm32f4xx_hal_hcd.o(i.HAL_HCD_HC_GetURBState)
    i.HAL_HCD_HC_GetXferCount                0x080007ba   Section        0  stm32f4xx_hal_hcd.o(i.HAL_HCD_HC_GetXferCount)
    i.HAL_HCD_HC_Halt                        0x080007c6   Section        0  stm32f4xx_hal_hcd.o(i.HAL_HCD_HC_Halt)
    i.HAL_HCD_HC_Init                        0x080007ea   Section        0  stm32f4xx_hal_hcd.o(i.HAL_HCD_HC_Init)
    i.HAL_HCD_HC_NotifyURBChange_Callback    0x0800083e   Section        0  usbh_conf.o(i.HAL_HCD_HC_NotifyURBChange_Callback)
    i.HAL_HCD_HC_SubmitRequest               0x08000840   Section        0  stm32f4xx_hal_hcd.o(i.HAL_HCD_HC_SubmitRequest)
    i.HAL_HCD_IRQHandler                     0x080008f8   Section        0  stm32f4xx_hal_hcd.o(i.HAL_HCD_IRQHandler)
    i.HAL_HCD_Init                           0x08000a26   Section        0  stm32f4xx_hal_hcd.o(i.HAL_HCD_Init)
    i.HAL_HCD_MspInit                        0x08000a80   Section        0  usbh_conf.o(i.HAL_HCD_MspInit)
    i.HAL_HCD_ResetPort                      0x08000ae4   Section        0  stm32f4xx_hal_hcd.o(i.HAL_HCD_ResetPort)
    i.HAL_HCD_SOF_Callback                   0x08000aea   Section        0  usbh_conf.o(i.HAL_HCD_SOF_Callback)
    i.HAL_HCD_Start                          0x08000af2   Section        0  stm32f4xx_hal_hcd.o(i.HAL_HCD_Start)
    i.HAL_HCD_Stop                           0x08000b1e   Section        0  stm32f4xx_hal_hcd.o(i.HAL_HCD_Stop)
    i.HAL_I2S_ErrorCallback                  0x08000b42   Section        0  stm32f4xx_hal_i2s.o(i.HAL_I2S_ErrorCallback)
    i.HAL_I2S_Init                           0x08000b44   Section        0  stm32f4xx_hal_i2s_ex.o(i.HAL_I2S_Init)
    i.HAL_I2S_MspInit                        0x08000ca8   Section        0  stm32f4xx_hal_msp.o(i.HAL_I2S_MspInit)
    i.HAL_I2S_Transmit_DMA                   0x08000d38   Section        0  stm32f4xx_hal_i2s.o(i.HAL_I2S_Transmit_DMA)
    i.HAL_I2S_TxCpltCallback                 0x08000de0   Section        0  waveplayer.o(i.HAL_I2S_TxCpltCallback)
    i.HAL_I2S_TxHalfCpltCallback             0x08000e0c   Section        0  waveplayer.o(i.HAL_I2S_TxHalfCpltCallback)
    i.HAL_IncTick                            0x08000e44   Section        0  stm32f4xx_hal.o(i.HAL_IncTick)
    i.HAL_Init                               0x08000e54   Section        0  stm32f4xx_hal.o(i.HAL_Init)
    i.HAL_InitTick                           0x08000e88   Section        0  stm32f4xx_hal.o(i.HAL_InitTick)
    i.HAL_MspInit                            0x08000eaa   Section        0  stm32f4xx_hal_msp.o(i.HAL_MspInit)
    i.HAL_NVIC_EnableIRQ                     0x08000ec0   Section        0  stm32f4xx_hal_cortex.o(i.HAL_NVIC_EnableIRQ)
    i.HAL_NVIC_SetPriority                   0x08000ed8   Section        0  stm32f4xx_hal_cortex.o(i.HAL_NVIC_SetPriority)
    i.HAL_NVIC_SetPriorityGrouping           0x08000f18   Section        0  stm32f4xx_hal_cortex.o(i.HAL_NVIC_SetPriorityGrouping)
    i.HAL_RCCEx_PeriphCLKConfig              0x08000f3c   Section        0  stm32f4xx_hal_rcc_ex.o(i.HAL_RCCEx_PeriphCLKConfig)
    i.HAL_RCC_GetHCLKFreq                    0x080011e4   Section        0  stm32f4xx_hal_rcc.o(i.HAL_RCC_GetHCLKFreq)
    i.HAL_RCC_GetSysClockFreq                0x08001218   Section        0  stm32f4xx_hal_rcc.o(i.HAL_RCC_GetSysClockFreq)
    i.HAL_RCC_OscConfig                      0x0800128c   Section        0  stm32f4xx_hal_rcc.o(i.HAL_RCC_OscConfig)
    i.HAL_SPI_Init                           0x080015c4   Section        0  stm32f4xx_hal_spi.o(i.HAL_SPI_Init)
    i.HAL_SPI_MspInit                        0x08001648   Section        0  stm32f4xx_hal_msp.o(i.HAL_SPI_MspInit)
    i.HAL_SYSTICK_CLKSourceConfig            0x080016ac   Section        0  stm32f4xx_hal_cortex.o(i.HAL_SYSTICK_CLKSourceConfig)
    i.HAL_SYSTICK_Callback                   0x080016c4   Section        0  stm32f4xx_hal_cortex.o(i.HAL_SYSTICK_Callback)
    i.HAL_SYSTICK_Config                     0x080016c6   Section        0  stm32f4xx_hal_cortex.o(i.HAL_SYSTICK_Config)
    i.HAL_SYSTICK_IRQHandler                 0x080016ee   Section        0  stm32f4xx_hal_cortex.o(i.HAL_SYSTICK_IRQHandler)
    i.HCD_HC_IN_IRQHandler                   0x080016f6   Section        0  stm32f4xx_hal_hcd.o(i.HCD_HC_IN_IRQHandler)
    HCD_HC_IN_IRQHandler                     0x080016f7   Thumb Code   562  stm32f4xx_hal_hcd.o(i.HCD_HC_IN_IRQHandler)
    i.HCD_HC_OUT_IRQHandler                  0x08001928   Section        0  stm32f4xx_hal_hcd.o(i.HCD_HC_OUT_IRQHandler)
    HCD_HC_OUT_IRQHandler                    0x08001929   Thumb Code   556  stm32f4xx_hal_hcd.o(i.HCD_HC_OUT_IRQHandler)
    i.HCD_Port_IRQHandler                    0x08001b54   Section        0  stm32f4xx_hal_hcd.o(i.HCD_Port_IRQHandler)
    HCD_Port_IRQHandler                      0x08001b55   Thumb Code   176  stm32f4xx_hal_hcd.o(i.HCD_Port_IRQHandler)
    i.HCD_RXQLVL_IRQHandler                  0x08001c04   Section        0  stm32f4xx_hal_hcd.o(i.HCD_RXQLVL_IRQHandler)
    HCD_RXQLVL_IRQHandler                    0x08001c05   Thumb Code   108  stm32f4xx_hal_hcd.o(i.HCD_RXQLVL_IRQHandler)
    i.I2S_DMAError                           0x08001c74   Section        0  stm32f4xx_hal_i2s.o(i.I2S_DMAError)
    i.I2S_DMATxCplt                          0x08001c94   Section        0  stm32f4xx_hal_i2s_ex.o(i.I2S_DMATxCplt)
    i.I2S_DMATxHalfCplt                      0x08001cf8   Section        0  stm32f4xx_hal_i2s.o(i.I2S_DMATxHalfCplt)
    i.I2S_GetInputClock                      0x08001d04   Section        0  stm32f4xx_hal_i2s_ex.o(i.I2S_GetInputClock)
    i.MX_FATFS_Init                          0x08001d5c   Section        0  fatfs.o(i.MX_FATFS_Init)
    i.MX_GPIO_Init                           0x08001d78   Section        0  main.o(i.MX_GPIO_Init)
    MX_GPIO_Init                             0x08001d79   Thumb Code    70  main.o(i.MX_GPIO_Init)
    i.MX_SPI1_Init                           0x08001dc4   Section        0  main.o(i.MX_SPI1_Init)
    MX_SPI1_Init                             0x08001dc5   Thumb Code    44  main.o(i.MX_SPI1_Init)
    i.MX_USB_HOST_Init                       0x08001df8   Section        0  usb_host.o(i.MX_USB_HOST_Init)
    i.MX_USB_HOST_Process                    0x08001e24   Section        0  usb_host.o(i.MX_USB_HOST_Process)
    i.NVIC_SetPriority                       0x08001e30   Section        0  stm32f4xx_hal_cortex.o(i.NVIC_SetPriority)
    NVIC_SetPriority                         0x08001e31   Thumb Code    32  stm32f4xx_hal_cortex.o(i.NVIC_SetPriority)
    i.OTG_FS_IRQHandler                      0x08001e50   Section        0  stm32f4xx_it.o(i.OTG_FS_IRQHandler)
    i.SysTick_Handler                        0x08001e5c   Section        0  stm32f4xx_it.o(i.SysTick_Handler)
    i.SystemClock_Config                     0x08001e6c   Section        0  main.o(i.SystemClock_Config)
    i.SystemInit                             0x08001efc   Section        0  system_stm32f4xx.o(i.SystemInit)
    i.USBH_AllocPipe                         0x08001f50   Section        0  usbh_pipes.o(i.USBH_AllocPipe)
    i.USBH_BulkReceiveData                   0x08001f84   Section        0  usbh_ioreq.o(i.USBH_BulkReceiveData)
    i.USBH_BulkSendData                      0x08001fa4   Section        0  usbh_ioreq.o(i.USBH_BulkSendData)
    i.USBH_ClosePipe                         0x08001fcc   Section        0  usbh_pipes.o(i.USBH_ClosePipe)
    i.USBH_ClrFeature                        0x08001fd6   Section        0  usbh_ctlreq.o(i.USBH_ClrFeature)
    i.USBH_CtlReceiveData                    0x08001ff4   Section        0  usbh_ioreq.o(i.USBH_CtlReceiveData)
    i.USBH_CtlReq                            0x08002012   Section        0  usbh_ctlreq.o(i.USBH_CtlReq)
    i.USBH_CtlSendData                       0x08002048   Section        0  usbh_ioreq.o(i.USBH_CtlSendData)
    i.USBH_CtlSendSetup                      0x08002070   Section        0  usbh_ioreq.o(i.USBH_CtlSendSetup)
    i.USBH_Delay                             0x0800208e   Section        0  usbh_conf.o(i.USBH_Delay)
    i.USBH_FindInterface                     0x08002092   Section        0  usbh_core.o(i.USBH_FindInterface)
    i.USBH_FreePipe                          0x080020d6   Section        0  usbh_pipes.o(i.USBH_FreePipe)
    i.USBH_GetDescriptor                     0x080020ee   Section        0  usbh_ctlreq.o(i.USBH_GetDescriptor)
    i.USBH_GetNextDesc                       0x08002122   Section        0  usbh_ctlreq.o(i.USBH_GetNextDesc)
    i.USBH_Get_CfgDesc                       0x08002130   Section        0  usbh_ctlreq.o(i.USBH_Get_CfgDesc)
    i.USBH_Get_DevDesc                       0x0800215c   Section        0  usbh_ctlreq.o(i.USBH_Get_DevDesc)
    i.USBH_Get_StringDesc                    0x080021f6   Section        0  usbh_ctlreq.o(i.USBH_Get_StringDesc)
    i.USBH_HandleControl                     0x0800223e   Section        0  usbh_ctlreq.o(i.USBH_HandleControl)
    USBH_HandleControl                       0x0800223f   Thumb Code   382  usbh_ctlreq.o(i.USBH_HandleControl)
    i.USBH_HandleEnum                        0x080023bc   Section        0  usbh_core.o(i.USBH_HandleEnum)
    USBH_HandleEnum                          0x080023bd   Thumb Code   242  usbh_core.o(i.USBH_HandleEnum)
    i.USBH_Init                              0x080024ae   Section        0  usbh_core.o(i.USBH_Init)
    i.USBH_LL_ClosePipe                      0x080024de   Section        0  usbh_conf.o(i.USBH_LL_ClosePipe)
    i.USBH_LL_Connect                        0x080024ec   Section        0  usbh_core.o(i.USBH_LL_Connect)
    i.USBH_LL_Disconnect                     0x08002514   Section        0  usbh_core.o(i.USBH_LL_Disconnect)
    i.USBH_LL_DriverVBUS                     0x0800254c   Section        0  usbh_conf.o(i.USBH_LL_DriverVBUS)
    i.USBH_LL_GetLastXferSize                0x08002558   Section        0  usbh_conf.o(i.USBH_LL_GetLastXferSize)
    i.USBH_LL_GetSpeed                       0x08002560   Section        0  usbh_conf.o(i.USBH_LL_GetSpeed)
    i.USBH_LL_GetToggle                      0x08002582   Section        0  usbh_conf.o(i.USBH_LL_GetToggle)
    i.USBH_LL_GetURBState                    0x080025a0   Section        0  usbh_conf.o(i.USBH_LL_GetURBState)
    i.USBH_LL_IncTimer                       0x080025a8   Section        0  usbh_core.o(i.USBH_LL_IncTimer)
    i.USBH_LL_Init                           0x080025c8   Section        0  usbh_conf.o(i.USBH_LL_Init)
    i.USBH_LL_OpenPipe                       0x08002610   Section        0  usbh_conf.o(i.USBH_LL_OpenPipe)
    i.USBH_LL_ResetPort                      0x08002628   Section        0  usbh_conf.o(i.USBH_LL_ResetPort)
    i.USBH_LL_SetTimer                       0x08002636   Section        0  usbh_core.o(i.USBH_LL_SetTimer)
    i.USBH_LL_SetToggle                      0x0800263c   Section        0  usbh_conf.o(i.USBH_LL_SetToggle)
    i.USBH_LL_Start                          0x0800265c   Section        0  usbh_conf.o(i.USBH_LL_Start)
    i.USBH_LL_Stop                           0x0800266a   Section        0  usbh_conf.o(i.USBH_LL_Stop)
    i.USBH_LL_SubmitURB                      0x08002678   Section        0  usbh_conf.o(i.USBH_LL_SubmitURB)
    i.USBH_MSC_BOT_Abort                     0x08002698   Section        0  usbh_msc_bot.o(i.USBH_MSC_BOT_Abort)
    USBH_MSC_BOT_Abort                       0x08002699   Thumb Code    30  usbh_msc_bot.o(i.USBH_MSC_BOT_Abort)
    i.USBH_MSC_BOT_Init                      0x080026b8   Section        0  usbh_msc_bot.o(i.USBH_MSC_BOT_Init)
    i.USBH_MSC_BOT_Process                   0x080026dc   Section        0  usbh_msc_bot.o(i.USBH_MSC_BOT_Process)
    i.USBH_MSC_BOT_REQ_GetMaxLUN             0x080028b8   Section        0  usbh_msc_bot.o(i.USBH_MSC_BOT_REQ_GetMaxLUN)
    i.USBH_MSC_BOT_REQ_Reset                 0x080028ce   Section        0  usbh_msc_bot.o(i.USBH_MSC_BOT_REQ_Reset)
    i.USBH_MSC_ClassRequest                  0x080028e4   Section        0  usbh_msc.o(i.USBH_MSC_ClassRequest)
    USBH_MSC_ClassRequest                    0x080028e5   Thumb Code   108  usbh_msc.o(i.USBH_MSC_ClassRequest)
    i.USBH_MSC_GetLUNInfo                    0x08002950   Section        0  usbh_msc.o(i.USBH_MSC_GetLUNInfo)
    i.USBH_MSC_InterfaceDeInit               0x0800297e   Section        0  usbh_msc.o(i.USBH_MSC_InterfaceDeInit)
    USBH_MSC_InterfaceDeInit                 0x0800297f   Thumb Code    74  usbh_msc.o(i.USBH_MSC_InterfaceDeInit)
    i.USBH_MSC_InterfaceInit                 0x080029c8   Section        0  usbh_msc.o(i.USBH_MSC_InterfaceInit)
    USBH_MSC_InterfaceInit                   0x080029c9   Thumb Code   332  usbh_msc.o(i.USBH_MSC_InterfaceInit)
    i.USBH_MSC_Process                       0x08002b14   Section        0  usbh_msc.o(i.USBH_MSC_Process)
    USBH_MSC_Process                         0x08002b15   Thumb Code   656  usbh_msc.o(i.USBH_MSC_Process)
    i.USBH_MSC_RdWrProcess                   0x08002da4   Section        0  usbh_msc.o(i.USBH_MSC_RdWrProcess)
    USBH_MSC_RdWrProcess                     0x08002da5   Thumb Code   142  usbh_msc.o(i.USBH_MSC_RdWrProcess)
    i.USBH_MSC_Read                          0x08002e32   Section        0  usbh_msc.o(i.USBH_MSC_Read)
    i.USBH_MSC_SCSI_Inquiry                  0x08002ebc   Section        0  usbh_msc_scsi.o(i.USBH_MSC_SCSI_Inquiry)
    i.USBH_MSC_SCSI_Read                     0x08002f7c   Section        0  usbh_msc_scsi.o(i.USBH_MSC_SCSI_Read)
    i.USBH_MSC_SCSI_ReadCapacity             0x08002ff8   Section        0  usbh_msc_scsi.o(i.USBH_MSC_SCSI_ReadCapacity)
    i.USBH_MSC_SCSI_RequestSense             0x08003072   Section        0  usbh_msc_scsi.o(i.USBH_MSC_SCSI_RequestSense)
    i.USBH_MSC_SCSI_TestUnitReady            0x08003104   Section        0  usbh_msc_scsi.o(i.USBH_MSC_SCSI_TestUnitReady)
    i.USBH_MSC_SCSI_Write                    0x08003150   Section        0  usbh_msc_scsi.o(i.USBH_MSC_SCSI_Write)
    i.USBH_MSC_SOFProcess                    0x080031cc   Section        0  usbh_msc.o(i.USBH_MSC_SOFProcess)
    USBH_MSC_SOFProcess                      0x080031cd   Thumb Code     4  usbh_msc.o(i.USBH_MSC_SOFProcess)
    i.USBH_MSC_UnitIsReady                   0x080031d0   Section        0  usbh_msc.o(i.USBH_MSC_UnitIsReady)
    i.USBH_MSC_Write                         0x080031f6   Section        0  usbh_msc.o(i.USBH_MSC_Write)
    i.USBH_OpenPipe                          0x08003280   Section        0  usbh_pipes.o(i.USBH_OpenPipe)
    i.USBH_ParseCfgDesc                      0x08003294   Section        0  usbh_ctlreq.o(i.USBH_ParseCfgDesc)
    USBH_ParseCfgDesc                        0x08003295   Thumb Code   232  usbh_ctlreq.o(i.USBH_ParseCfgDesc)
    i.USBH_Process                           0x0800337c   Section        0  usbh_core.o(i.USBH_Process)
    i.USBH_RegisterClass                     0x080034e4   Section        0  usbh_core.o(i.USBH_RegisterClass)
    i.USBH_SelectInterface                   0x08003500   Section        0  usbh_core.o(i.USBH_SelectInterface)
    i.USBH_SetAddress                        0x08003516   Section        0  usbh_ctlreq.o(i.USBH_SetAddress)
    i.USBH_SetCfg                            0x08003532   Section        0  usbh_ctlreq.o(i.USBH_SetCfg)
    i.USBH_Start                             0x0800354e   Section        0  usbh_core.o(i.USBH_Start)
    i.USBH_UserProcess                       0x08003564   Section        0  usb_host.o(i.USBH_UserProcess)
    USBH_UserProcess                         0x08003565   Thumb Code    28  usb_host.o(i.USBH_UserProcess)
    i.USBH_initialize                        0x08003584   Section        0  usbh_diskio.o(i.USBH_initialize)
    i.USBH_ioctl                             0x08003588   Section        0  usbh_diskio.o(i.USBH_ioctl)
    i.USBH_read                              0x080035d8   Section        0  usbh_diskio.o(i.USBH_read)
    i.USBH_status                            0x08003620   Section        0  usbh_diskio.o(i.USBH_status)
    i.USBH_write                             0x08003638   Section        0  usbh_diskio.o(i.USBH_write)
    i.USB_CoreInit                           0x08003688   Section        0  stm32f4xx_ll_usb.o(i.USB_CoreInit)
    i.USB_CoreReset                          0x080036f4   Section        0  stm32f4xx_ll_usb.o(i.USB_CoreReset)
    USB_CoreReset                            0x080036f5   Thumb Code    50  stm32f4xx_ll_usb.o(i.USB_CoreReset)
    i.USB_DisableGlobalInt                   0x0800372c   Section        0  stm32f4xx_ll_usb.o(i.USB_DisableGlobalInt)
    i.USB_DoPing                             0x08003738   Section        0  stm32f4xx_ll_usb.o(i.USB_DoPing)
    i.USB_DriveVbus                          0x08003778   Section        0  stm32f4xx_ll_usb.o(i.USB_DriveVbus)
    i.USB_EnableGlobalInt                    0x080037a4   Section        0  stm32f4xx_ll_usb.o(i.USB_EnableGlobalInt)
    i.USB_FlushRxFifo                        0x080037b0   Section        0  stm32f4xx_ll_usb.o(i.USB_FlushRxFifo)
    i.USB_FlushTxFifo                        0x080037d0   Section        0  stm32f4xx_ll_usb.o(i.USB_FlushTxFifo)
    i.USB_GetCurrentFrame                    0x080037f4   Section        0  stm32f4xx_ll_usb.o(i.USB_GetCurrentFrame)
    i.USB_GetHostSpeed                       0x080037fc   Section        0  stm32f4xx_ll_usb.o(i.USB_GetHostSpeed)
    i.USB_GetMode                            0x0800380a   Section        0  stm32f4xx_ll_usb.o(i.USB_GetMode)
    i.USB_HC_Halt                            0x08003812   Section        0  stm32f4xx_ll_usb.o(i.USB_HC_Halt)
    i.USB_HC_Init                            0x0800398c   Section        0  stm32f4xx_ll_usb.o(i.USB_HC_Init)
    i.USB_HC_ReadInterrupt                   0x08003a76   Section        0  stm32f4xx_ll_usb.o(i.USB_HC_ReadInterrupt)
    i.USB_HC_StartXfer                       0x08003a84   Section        0  stm32f4xx_ll_usb.o(i.USB_HC_StartXfer)
    i.USB_HostInit                           0x08003c0c   Section        0  stm32f4xx_ll_usb.o(i.USB_HostInit)
    i.USB_InitFSLSPClkSel                    0x08003ce0   Section        0  stm32f4xx_ll_usb.o(i.USB_InitFSLSPClkSel)
    i.USB_ReadInterrupts                     0x08003d16   Section        0  stm32f4xx_ll_usb.o(i.USB_ReadInterrupts)
    i.USB_ReadPacket                         0x08003d1e   Section        0  stm32f4xx_ll_usb.o(i.USB_ReadPacket)
    i.USB_ResetPort                          0x08003d3e   Section        0  stm32f4xx_ll_usb.o(i.USB_ResetPort)
    i.USB_SetCurrentMode                     0x08003d6a   Section        0  stm32f4xx_ll_usb.o(i.USB_SetCurrentMode)
    i.USB_StopHost                           0x08003d96   Section        0  stm32f4xx_ll_usb.o(i.USB_StopHost)
    i.USB_WritePacket                        0x08003e48   Section        0  stm32f4xx_ll_usb.o(i.USB_WritePacket)
    i.WavePlayerStart                        0x08003e70   Section        0  waveplayer.o(i.WavePlayerStart)
    i.__0printf$bare                         0x08003ebc   Section        0  printfb.o(i.__0printf$bare)
    i.__scatterload_copy                     0x08003ecc   Section       14  handlers.o(i.__scatterload_copy)
    i.__scatterload_null                     0x08003eda   Section        2  handlers.o(i.__scatterload_null)
    i.__scatterload_zeroinit                 0x08003edc   Section       14  handlers.o(i.__scatterload_zeroinit)
    i._printf_core                           0x08003eea   Section        0  printfb.o(i._printf_core)
    _printf_core                             0x08003eeb   Thumb Code    34  printfb.o(i._printf_core)
    i.check_fs                               0x08003f0c   Section        0  ff.o(i.check_fs)
    check_fs                                 0x08003f0d   Thumb Code    90  ff.o(i.check_fs)
    i.chk_lock                               0x08003f6c   Section        0  ff.o(i.chk_lock)
    chk_lock                                 0x08003f6d   Thumb Code   102  ff.o(i.chk_lock)
    i.clear_lock                             0x08003fd8   Section        0  ff.o(i.clear_lock)
    clear_lock                               0x08003fd9   Thumb Code    32  ff.o(i.clear_lock)
    i.clmt_clust                             0x08003ffc   Section        0  ff.o(i.clmt_clust)
    clmt_clust                               0x08003ffd   Thumb Code    42  ff.o(i.clmt_clust)
    i.clust2sect                             0x08004026   Section        0  ff.o(i.clust2sect)
    i.create_chain                           0x08004044   Section        0  ff.o(i.create_chain)
    create_chain                             0x08004045   Thumb Code   176  ff.o(i.create_chain)
    i.create_name                            0x080040f4   Section        0  ff.o(i.create_name)
    create_name                              0x080040f5   Thumb Code   234  ff.o(i.create_name)
    i.dir_next                               0x080041f4   Section        0  ff.o(i.dir_next)
    dir_next                                 0x080041f5   Thumb Code   286  ff.o(i.dir_next)
    i.dir_register                           0x08004312   Section        0  ff.o(i.dir_register)
    dir_register                             0x08004313   Thumb Code   118  ff.o(i.dir_register)
    i.dir_sdi                                0x08004388   Section        0  ff.o(i.dir_sdi)
    dir_sdi                                  0x08004389   Thumb Code   152  ff.o(i.dir_sdi)
    i.disk_initialize                        0x08004420   Section        0  diskio.o(i.disk_initialize)
    i.disk_read                              0x08004448   Section        0  diskio.o(i.disk_read)
    i.disk_status                            0x08004464   Section        0  diskio.o(i.disk_status)
    i.disk_write                             0x0800447c   Section        0  diskio.o(i.disk_write)
    i.f_mount                                0x08004498   Section        0  ff.o(i.f_mount)
    i.f_open                                 0x080044f4   Section        0  ff.o(i.f_open)
    i.f_read                                 0x08004694   Section        0  ff.o(i.f_read)
    i.find_volume                            0x08004820   Section        0  ff.o(i.find_volume)
    find_volume                              0x08004821   Thumb Code   588  ff.o(i.find_volume)
    i.follow_path                            0x08004a78   Section        0  ff.o(i.follow_path)
    follow_path                              0x08004a79   Thumb Code   192  ff.o(i.follow_path)
    i.fputc                                  0x08004b38   Section        0  debug.o(i.fputc)
    i.free                                   0x08004b54   Section        0  malloc.o(i.free)
    i.get_fat                                0x08004ba4   Section        0  ff.o(i.get_fat)
    i.get_fattime                            0x08004c66   Section        0  fatfs.o(i.get_fattime)
    i.get_ldnumber                           0x08004c6a   Section        0  ff.o(i.get_ldnumber)
    get_ldnumber                             0x08004c6b   Thumb Code    60  ff.o(i.get_ldnumber)
    i.inc_lock                               0x08004ca8   Section        0  ff.o(i.inc_lock)
    inc_lock                                 0x08004ca9   Thumb Code   154  ff.o(i.inc_lock)
    i.ld_clust                               0x08004d48   Section        0  ff.o(i.ld_clust)
    ld_clust                                 0x08004d49   Thumb Code    20  ff.o(i.ld_clust)
    i.main                                   0x08004d5c   Section        0  main.o(i.main)
    i.malloc                                 0x08004e14   Section        0  malloc.o(i.malloc)
    i.mem_cpy                                0x08004e80   Section        0  ff.o(i.mem_cpy)
    mem_cpy                                  0x08004e81   Thumb Code    18  ff.o(i.mem_cpy)
    i.mem_set                                0x08004e92   Section        0  ff.o(i.mem_set)
    mem_set                                  0x08004e93   Thumb Code    14  ff.o(i.mem_set)
    i.move_window                            0x08004ea0   Section        0  ff.o(i.move_window)
    move_window                              0x08004ea1   Thumb Code    54  ff.o(i.move_window)
    i.put_fat                                0x08004ed6   Section        0  ff.o(i.put_fat)
    i.remove_chain                           0x08004fce   Section        0  ff.o(i.remove_chain)
    remove_chain                             0x08004fcf   Thumb Code   110  ff.o(i.remove_chain)
    i.st_clust                               0x0800503c   Section        0  ff.o(i.st_clust)
    st_clust                                 0x0800503d   Thumb Code    16  ff.o(i.st_clust)
    i.sync_window                            0x0800504c   Section        0  ff.o(i.sync_window)
    sync_window                              0x0800504d   Thumb Code    96  ff.o(i.sync_window)
    i.validate                               0x080050ac   Section        0  ff.o(i.validate)
    validate                                 0x080050ad   Thumb Code    44  ff.o(i.validate)
    .constdata                               0x080050d8   Section       16  stm32f4xx_hal_rcc.o(.constdata)
    .constdata                               0x080050e8   Section        8  stm32f4xx_hal_dma.o(.constdata)
    flagBitshiftOffset                       0x080050e8   Data           8  stm32f4xx_hal_dma.o(.constdata)
    .constdata                               0x080050f0   Section      172  ff.o(.constdata)
    ExCvt                                    0x080050f0   Data         128  ff.o(.constdata)
    vst                                      0x08005170   Data          22  ff.o(.constdata)
    cst                                      0x08005186   Data          22  ff.o(.constdata)
    .constdata                               0x0800519c   Section       20  usbh_diskio.o(.constdata)
    .conststring                             0x080051b0   Section        4  usbh_msc.o(.conststring)
    .data                                    0x20000000   Section        4  stm32f4xx_hal.o(.data)
    uwTick                                   0x20000000   Data           4  stm32f4xx_hal.o(.data)
    .data                                    0x20000004   Section        5  fatfs.o(.data)
    .data                                    0x20000009   Section        1  usb_host.o(.data)
    .data                                    0x2000000c   Section       12  waveplayer.o(.data)
    .data                                    0x20000018   Section        4  system_stm32f4xx.o(.data)
    .data                                    0x2000001c   Section        8  ff.o(.data)
    Fsid                                     0x2000001c   Data           2  ff.o(.data)
    FatFs                                    0x20000020   Data           4  ff.o(.data)
    .data                                    0x20000024   Section       32  usbh_msc.o(.data)
    .data                                    0x20000044   Section        4  stdout.o(.data)
    .data                                    0x20000048   Section        4  mvars.o(.data)
    .data                                    0x2000004c   Section        4  mvars.o(.data)
    .bss                                     0x20000050   Section      716  main.o(.bss)
    .bss                                     0x2000031c   Section       88  main.o(.bss)
    .bss                                     0x20000374   Section      968  usb_host.o(.bss)
    .bss                                     0x2000073c   Section      664  usbh_conf.o(.bss)
    .bss                                     0x200009d4   Section     4652  waveplayer.o(.bss)
    .bss                                     0x20001c00   Section       24  ff.o(.bss)
    Files                                    0x20001c00   Data          24  ff.o(.bss)
    .bss                                     0x20001c18   Section       12  ff_gen_drv.o(.bss)
    HEAP                                     0x20001c28   Section      512  startup_stm32f429xx.o(HEAP)
    STACK                                    0x20001e28   Section     1024  startup_stm32f429xx.o(STACK)

    Global Symbols

    Symbol Name                              Value     Ov Type        Size  Object(Section)

    BuildAttributes$$THM_ISAv4$E$P$D$K$B$S$7EM$VFPi3$EXTD16$VFPS$VFMA$PE$A:L22UL41UL21$X:L11$S22US41US21$IEEE1$IW$USESV6$~STKCKD$USESV7$~SHL$OSPACE$ROPI$EBA8$MICROLIB$REQ8$PRES8$EABIv2 0x00000000   Number         0  anon$$obj.o ABSOLUTE
    __ARM_use_no_argv                        0x00000000   Number         0  main.o ABSOLUTE
    __cpp_initialize__aeabi_                  - Undefined Weak Reference
    __cxa_finalize                            - Undefined Weak Reference
    __decompress                              - Undefined Weak Reference
    _clock_init                               - Undefined Weak Reference
    _microlib_exit                            - Undefined Weak Reference
    __Vectors_Size                           0x000001ac   Number         0  startup_stm32f429xx.o ABSOLUTE
    __Vectors                                0x08000000   Data           4  startup_stm32f429xx.o(RESET)
    __Vectors_End                            0x080001ac   Data           0  startup_stm32f429xx.o(RESET)
    __main                                   0x080001ad   Thumb Code     0  entry.o(.ARM.Collect$$$$00000000)
    _main_stk                                0x080001ad   Thumb Code     0  entry2.o(.ARM.Collect$$$$00000001)
    _main_scatterload                        0x080001b1   Thumb Code     0  entry5.o(.ARM.Collect$$$$00000004)
    __main_after_scatterload                 0x080001b5   Thumb Code     0  entry5.o(.ARM.Collect$$$$00000004)
    _main_clock                              0x080001b5   Thumb Code     0  entry7b.o(.ARM.Collect$$$$00000008)
    _main_cpp_init                           0x080001b5   Thumb Code     0  entry8b.o(.ARM.Collect$$$$0000000A)
    _main_init                               0x080001b5   Thumb Code     0  entry9a.o(.ARM.Collect$$$$0000000B)
    __rt_final_cpp                           0x080001bd   Thumb Code     0  entry10a.o(.ARM.Collect$$$$0000000D)
    __rt_final_exit                          0x080001bd   Thumb Code     0  entry11a.o(.ARM.Collect$$$$0000000F)
    Reset_Handler                            0x080001c1   Thumb Code     8  startup_stm32f429xx.o(.text)
    NMI_Handler                              0x080001c9   Thumb Code     2  startup_stm32f429xx.o(.text)
    HardFault_Handler                        0x080001cb   Thumb Code     2  startup_stm32f429xx.o(.text)
    MemManage_Handler                        0x080001cd   Thumb Code     2  startup_stm32f429xx.o(.text)
    BusFault_Handler                         0x080001cf   Thumb Code     2  startup_stm32f429xx.o(.text)
    UsageFault_Handler                       0x080001d1   Thumb Code     2  startup_stm32f429xx.o(.text)
    SVC_Handler                              0x080001d3   Thumb Code     2  startup_stm32f429xx.o(.text)
    DebugMon_Handler                         0x080001d5   Thumb Code     2  startup_stm32f429xx.o(.text)
    PendSV_Handler                           0x080001d7   Thumb Code     2  startup_stm32f429xx.o(.text)
    ADC_IRQHandler                           0x080001db   Thumb Code     0  startup_stm32f429xx.o(.text)
    CAN1_RX0_IRQHandler                      0x080001db   Thumb Code     0  startup_stm32f429xx.o(.text)
    CAN1_RX1_IRQHandler                      0x080001db   Thumb Code     0  startup_stm32f429xx.o(.text)
    CAN1_SCE_IRQHandler                      0x080001db   Thumb Code     0  startup_stm32f429xx.o(.text)
    CAN1_TX_IRQHandler                       0x080001db   Thumb Code     0  startup_stm32f429xx.o(.text)
    CAN2_RX0_IRQHandler                      0x080001db   Thumb Code     0  startup_stm32f429xx.o(.text)
    CAN2_RX1_IRQHandler                      0x080001db   Thumb Code     0  startup_stm32f429xx.o(.text)
    CAN2_SCE_IRQHandler                      0x080001db   Thumb Code     0  startup_stm32f429xx.o(.text)
    CAN2_TX_IRQHandler                       0x080001db   Thumb Code     0  startup_stm32f429xx.o(.text)
    DCMI_IRQHandler                          0x080001db   Thumb Code     0  startup_stm32f429xx.o(.text)
    DMA1_Stream0_IRQHandler                  0x080001db   Thumb Code     0  startup_stm32f429xx.o(.text)
    DMA1_Stream1_IRQHandler                  0x080001db   Thumb Code     0  startup_stm32f429xx.o(.text)
    DMA1_Stream2_IRQHandler                  0x080001db   Thumb Code     0  startup_stm32f429xx.o(.text)
    DMA1_Stream3_IRQHandler                  0x080001db   Thumb Code     0  startup_stm32f429xx.o(.text)
    DMA1_Stream4_IRQHandler                  0x080001db   Thumb Code     0  startup_stm32f429xx.o(.text)
    DMA1_Stream6_IRQHandler                  0x080001db   Thumb Code     0  startup_stm32f429xx.o(.text)
    DMA1_Stream7_IRQHandler                  0x080001db   Thumb Code     0  startup_stm32f429xx.o(.text)
    DMA2D_IRQHandler                         0x080001db   Thumb Code     0  startup_stm32f429xx.o(.text)
    DMA2_Stream0_IRQHandler                  0x080001db   Thumb Code     0  startup_stm32f429xx.o(.text)
    DMA2_Stream1_IRQHandler                  0x080001db   Thumb Code     0  startup_stm32f429xx.o(.text)
    DMA2_Stream2_IRQHandler                  0x080001db   Thumb Code     0  startup_stm32f429xx.o(.text)
    DMA2_Stream3_IRQHandler                  0x080001db   Thumb Code     0  startup_stm32f429xx.o(.text)
    DMA2_Stream4_IRQHandler                  0x080001db   Thumb Code     0  startup_stm32f429xx.o(.text)
    DMA2_Stream5_IRQHandler                  0x080001db   Thumb Code     0  startup_stm32f429xx.o(.text)
    DMA2_Stream6_IRQHandler                  0x080001db   Thumb Code     0  startup_stm32f429xx.o(.text)
    DMA2_Stream7_IRQHandler                  0x080001db   Thumb Code     0  startup_stm32f429xx.o(.text)
    ETH_IRQHandler                           0x080001db   Thumb Code     0  startup_stm32f429xx.o(.text)
    ETH_WKUP_IRQHandler                      0x080001db   Thumb Code     0  startup_stm32f429xx.o(.text)
    EXTI0_IRQHandler                         0x080001db   Thumb Code     0  startup_stm32f429xx.o(.text)
    EXTI15_10_IRQHandler                     0x080001db   Thumb Code     0  startup_stm32f429xx.o(.text)
    EXTI1_IRQHandler                         0x080001db   Thumb Code     0  startup_stm32f429xx.o(.text)
    EXTI2_IRQHandler                         0x080001db   Thumb Code     0  startup_stm32f429xx.o(.text)
    EXTI3_IRQHandler                         0x080001db   Thumb Code     0  startup_stm32f429xx.o(.text)
    EXTI4_IRQHandler                         0x080001db   Thumb Code     0  startup_stm32f429xx.o(.text)
    EXTI9_5_IRQHandler                       0x080001db   Thumb Code     0  startup_stm32f429xx.o(.text)
    FLASH_IRQHandler                         0x080001db   Thumb Code     0  startup_stm32f429xx.o(.text)
    FMC_IRQHandler                           0x080001db   Thumb Code     0  startup_stm32f429xx.o(.text)
    FPU_IRQHandler                           0x080001db   Thumb Code     0  startup_stm32f429xx.o(.text)
    HASH_RNG_IRQHandler                      0x080001db   Thumb Code     0  startup_stm32f429xx.o(.text)
    I2C1_ER_IRQHandler                       0x080001db   Thumb Code     0  startup_stm32f429xx.o(.text)
    I2C1_EV_IRQHandler                       0x080001db   Thumb Code     0  startup_stm32f429xx.o(.text)
    I2C2_ER_IRQHandler                       0x080001db   Thumb Code     0  startup_stm32f429xx.o(.text)
    I2C2_EV_IRQHandler                       0x080001db   Thumb Code     0  startup_stm32f429xx.o(.text)
    I2C3_ER_IRQHandler                       0x080001db   Thumb Code     0  startup_stm32f429xx.o(.text)
    I2C3_EV_IRQHandler                       0x080001db   Thumb Code     0  startup_stm32f429xx.o(.text)
    LTDC_ER_IRQHandler                       0x080001db   Thumb Code     0  startup_stm32f429xx.o(.text)
    LTDC_IRQHandler                          0x080001db   Thumb Code     0  startup_stm32f429xx.o(.text)
    OTG_FS_WKUP_IRQHandler                   0x080001db   Thumb Code     0  startup_stm32f429xx.o(.text)
    OTG_HS_EP1_IN_IRQHandler                 0x080001db   Thumb Code     0  startup_stm32f429xx.o(.text)
    OTG_HS_EP1_OUT_IRQHandler                0x080001db   Thumb Code     0  startup_stm32f429xx.o(.text)
    OTG_HS_IRQHandler                        0x080001db   Thumb Code     0  startup_stm32f429xx.o(.text)
    OTG_HS_WKUP_IRQHandler                   0x080001db   Thumb Code     0  startup_stm32f429xx.o(.text)
    PVD_IRQHandler                           0x080001db   Thumb Code     0  startup_stm32f429xx.o(.text)
    RCC_IRQHandler                           0x080001db   Thumb Code     0  startup_stm32f429xx.o(.text)
    RTC_Alarm_IRQHandler                     0x080001db   Thumb Code     0  startup_stm32f429xx.o(.text)
    RTC_WKUP_IRQHandler                      0x080001db   Thumb Code     0  startup_stm32f429xx.o(.text)
    SAI1_IRQHandler                          0x080001db   Thumb Code     0  startup_stm32f429xx.o(.text)
    SDIO_IRQHandler                          0x080001db   Thumb Code     0  startup_stm32f429xx.o(.text)
    SPI1_IRQHandler                          0x080001db   Thumb Code     0  startup_stm32f429xx.o(.text)
    SPI2_IRQHandler                          0x080001db   Thumb Code     0  startup_stm32f429xx.o(.text)
    SPI3_IRQHandler                          0x080001db   Thumb Code     0  startup_stm32f429xx.o(.text)
    SPI4_IRQHandler                          0x080001db   Thumb Code     0  startup_stm32f429xx.o(.text)
    SPI5_IRQHandler                          0x080001db   Thumb Code     0  startup_stm32f429xx.o(.text)
    SPI6_IRQHandler                          0x080001db   Thumb Code     0  startup_stm32f429xx.o(.text)
    TAMP_STAMP_IRQHandler                    0x080001db   Thumb Code     0  startup_stm32f429xx.o(.text)
    TIM1_BRK_TIM9_IRQHandler                 0x080001db   Thumb Code     0  startup_stm32f429xx.o(.text)
    TIM1_CC_IRQHandler                       0x080001db   Thumb Code     0  startup_stm32f429xx.o(.text)
    TIM1_TRG_COM_TIM11_IRQHandler            0x080001db   Thumb Code     0  startup_stm32f429xx.o(.text)
    TIM1_UP_TIM10_IRQHandler                 0x080001db   Thumb Code     0  startup_stm32f429xx.o(.text)
    TIM2_IRQHandler                          0x080001db   Thumb Code     0  startup_stm32f429xx.o(.text)
    TIM3_IRQHandler                          0x080001db   Thumb Code     0  startup_stm32f429xx.o(.text)
    TIM4_IRQHandler                          0x080001db   Thumb Code     0  startup_stm32f429xx.o(.text)
    TIM5_IRQHandler                          0x080001db   Thumb Code     0  startup_stm32f429xx.o(.text)
    TIM6_DAC_IRQHandler                      0x080001db   Thumb Code     0  startup_stm32f429xx.o(.text)
    TIM7_IRQHandler                          0x080001db   Thumb Code     0  startup_stm32f429xx.o(.text)
    TIM8_BRK_TIM12_IRQHandler                0x080001db   Thumb Code     0  startup_stm32f429xx.o(.text)
    TIM8_CC_IRQHandler                       0x080001db   Thumb Code     0  startup_stm32f429xx.o(.text)
    TIM8_TRG_COM_TIM14_IRQHandler            0x080001db   Thumb Code     0  startup_stm32f429xx.o(.text)
    TIM8_UP_TIM13_IRQHandler                 0x080001db   Thumb Code     0  startup_stm32f429xx.o(.text)
    UART4_IRQHandler                         0x080001db   Thumb Code     0  startup_stm32f429xx.o(.text)
    UART5_IRQHandler                         0x080001db   Thumb Code     0  startup_stm32f429xx.o(.text)
    UART7_IRQHandler                         0x080001db   Thumb Code     0  startup_stm32f429xx.o(.text)
    UART8_IRQHandler                         0x080001db   Thumb Code     0  startup_stm32f429xx.o(.text)
    USART1_IRQHandler                        0x080001db   Thumb Code     0  startup_stm32f429xx.o(.text)
    USART2_IRQHandler                        0x080001db   Thumb Code     0  startup_stm32f429xx.o(.text)
    USART3_IRQHandler                        0x080001db   Thumb Code     0  startup_stm32f429xx.o(.text)
    USART6_IRQHandler                        0x080001db   Thumb Code     0  startup_stm32f429xx.o(.text)
    WWDG_IRQHandler                          0x080001db   Thumb Code     0  startup_stm32f429xx.o(.text)
    __aeabi_memcpy                           0x080001e5   Thumb Code    36  memcpya.o(.text)
    __aeabi_memcpy4                          0x080001e5   Thumb Code     0  memcpya.o(.text)
    __aeabi_memcpy8                          0x080001e5   Thumb Code     0  memcpya.o(.text)
    __aeabi_memset                           0x08000209   Thumb Code    14  memseta.o(.text)
    __aeabi_memset4                          0x08000209   Thumb Code     0  memseta.o(.text)
    __aeabi_memset8                          0x08000209   Thumb Code     0  memseta.o(.text)
    __aeabi_memclr                           0x08000217   Thumb Code     4  memseta.o(.text)
    __aeabi_memclr4                          0x08000217   Thumb Code     0  memseta.o(.text)
    __aeabi_memclr8                          0x08000217   Thumb Code     0  memseta.o(.text)
    _memset$wrapper                          0x0800021b   Thumb Code    18  memseta.o(.text)
    __scatterload                            0x0800022d   Thumb Code    28  init.o(.text)
    __scatterload_rt2                        0x0800022d   Thumb Code     0  init.o(.text)
    DMA1_Stream5_IRQHandler                  0x08000251   Thumb Code     6  stm32f4xx_it.o(i.DMA1_Stream5_IRQHandler)
    FATFS_LinkDriver                         0x080002f5   Thumb Code     6  ff_gen_drv.o(i.FATFS_LinkDriver)
    FATFS_LinkDriverEx                       0x080002fd   Thumb Code    60  ff_gen_drv.o(i.FATFS_LinkDriverEx)
    HAL_DMA_IRQHandler                       0x0800033d   Thumb Code   412  stm32f4xx_hal_dma.o(i.HAL_DMA_IRQHandler)
    HAL_DMA_Init                             0x080004dd   Thumb Code   116  stm32f4xx_hal_dma.o(i.HAL_DMA_Init)
    HAL_DMA_Start_IT                         0x08000555   Thumb Code    78  stm32f4xx_hal_dma.o(i.HAL_DMA_Start_IT)
    HAL_Delay                                0x080005a3   Thumb Code    22  stm32f4xx_hal.o(i.HAL_Delay)
    HAL_GPIO_Init                            0x080005b9   Thumb Code   408  stm32f4xx_hal_gpio.o(i.HAL_GPIO_Init)
    HAL_GetTick                              0x08000785   Thumb Code     6  stm32f4xx_hal.o(i.HAL_GetTick)
    HAL_HCD_Connect_Callback                 0x08000791   Thumb Code     8  usbh_conf.o(i.HAL_HCD_Connect_Callback)
    HAL_HCD_Disconnect_Callback              0x08000799   Thumb Code     8  usbh_conf.o(i.HAL_HCD_Disconnect_Callback)
    HAL_HCD_GetCurrentFrame                  0x080007a1   Thumb Code     6  stm32f4xx_hal_hcd.o(i.HAL_HCD_GetCurrentFrame)
    HAL_HCD_GetCurrentSpeed                  0x080007a7   Thumb Code     6  stm32f4xx_hal_hcd.o(i.HAL_HCD_GetCurrentSpeed)
    HAL_HCD_HC_GetURBState                   0x080007ad   Thumb Code    14  stm32f4xx_hal_hcd.o(i.HAL_HCD_HC_GetURBState)
    HAL_HCD_HC_GetXferCount                  0x080007bb   Thumb Code    12  stm32f4xx_hal_hcd.o(i.HAL_HCD_HC_GetXferCount)
    HAL_HCD_HC_Halt                          0x080007c7   Thumb Code    36  stm32f4xx_hal_hcd.o(i.HAL_HCD_HC_Halt)
    HAL_HCD_HC_Init                          0x080007eb   Thumb Code    84  stm32f4xx_hal_hcd.o(i.HAL_HCD_HC_Init)
    HAL_HCD_HC_NotifyURBChange_Callback      0x0800083f   Thumb Code     2  usbh_conf.o(i.HAL_HCD_HC_NotifyURBChange_Callback)
    HAL_HCD_HC_SubmitRequest                 0x08000841   Thumb Code   182  stm32f4xx_hal_hcd.o(i.HAL_HCD_HC_SubmitRequest)
    HAL_HCD_IRQHandler                       0x080008f9   Thumb Code   302  stm32f4xx_hal_hcd.o(i.HAL_HCD_IRQHandler)
    HAL_HCD_Init                             0x08000a27   Thumb Code    90  stm32f4xx_hal_hcd.o(i.HAL_HCD_Init)
    HAL_HCD_MspInit                          0x08000a81   Thumb Code    92  usbh_conf.o(i.HAL_HCD_MspInit)
    HAL_HCD_ResetPort                        0x08000ae5   Thumb Code     6  stm32f4xx_hal_hcd.o(i.HAL_HCD_ResetPort)
    HAL_HCD_SOF_Callback                     0x08000aeb   Thumb Code     8  usbh_conf.o(i.HAL_HCD_SOF_Callback)
    HAL_HCD_Start                            0x08000af3   Thumb Code    44  stm32f4xx_hal_hcd.o(i.HAL_HCD_Start)
    HAL_HCD_Stop                             0x08000b1f   Thumb Code    36  stm32f4xx_hal_hcd.o(i.HAL_HCD_Stop)
    HAL_I2S_ErrorCallback                    0x08000b43   Thumb Code     2  stm32f4xx_hal_i2s.o(i.HAL_I2S_ErrorCallback)
    HAL_I2S_Init                             0x08000b45   Thumb Code   346  stm32f4xx_hal_i2s_ex.o(i.HAL_I2S_Init)
    HAL_I2S_MspInit                          0x08000ca9   Thumb Code   118  stm32f4xx_hal_msp.o(i.HAL_I2S_MspInit)
    HAL_I2S_Transmit_DMA                     0x08000d39   Thumb Code   156  stm32f4xx_hal_i2s.o(i.HAL_I2S_Transmit_DMA)
    HAL_I2S_TxCpltCallback                   0x08000de1   Thumb Code    26  waveplayer.o(i.HAL_I2S_TxCpltCallback)
    HAL_I2S_TxHalfCpltCallback               0x08000e0d   Thumb Code    40  waveplayer.o(i.HAL_I2S_TxHalfCpltCallback)
    HAL_IncTick                              0x08000e45   Thumb Code    10  stm32f4xx_hal.o(i.HAL_IncTick)
    HAL_Init                                 0x08000e55   Thumb Code    48  stm32f4xx_hal.o(i.HAL_Init)
    HAL_InitTick                             0x08000e89   Thumb Code    34  stm32f4xx_hal.o(i.HAL_InitTick)
    HAL_MspInit                              0x08000eab   Thumb Code    22  stm32f4xx_hal_msp.o(i.HAL_MspInit)
    HAL_NVIC_EnableIRQ                       0x08000ec1   Thumb Code    22  stm32f4xx_hal_cortex.o(i.HAL_NVIC_EnableIRQ)
    HAL_NVIC_SetPriority                     0x08000ed9   Thumb Code    60  stm32f4xx_hal_cortex.o(i.HAL_NVIC_SetPriority)
    HAL_NVIC_SetPriorityGrouping             0x08000f19   Thumb Code    26  stm32f4xx_hal_cortex.o(i.HAL_NVIC_SetPriorityGrouping)
    HAL_RCCEx_PeriphCLKConfig                0x08000f3d   Thumb Code   644  stm32f4xx_hal_rcc_ex.o(i.HAL_RCCEx_PeriphCLKConfig)
    HAL_RCC_GetHCLKFreq                      0x080011e5   Thumb Code    38  stm32f4xx_hal_rcc.o(i.HAL_RCC_GetHCLKFreq)
    HAL_RCC_GetSysClockFreq                  0x08001219   Thumb Code   104  stm32f4xx_hal_rcc.o(i.HAL_RCC_GetSysClockFreq)
    HAL_RCC_OscConfig                        0x0800128d   Thumb Code   802  stm32f4xx_hal_rcc.o(i.HAL_RCC_OscConfig)
    HAL_SPI_Init                             0x080015c5   Thumb Code   132  stm32f4xx_hal_spi.o(i.HAL_SPI_Init)
    HAL_SPI_MspInit                          0x08001649   Thumb Code    82  stm32f4xx_hal_msp.o(i.HAL_SPI_MspInit)
    HAL_SYSTICK_CLKSourceConfig              0x080016ad   Thumb Code    24  stm32f4xx_hal_cortex.o(i.HAL_SYSTICK_CLKSourceConfig)
    HAL_SYSTICK_Callback                     0x080016c5   Thumb Code     2  stm32f4xx_hal_cortex.o(i.HAL_SYSTICK_Callback)
    HAL_SYSTICK_Config                       0x080016c7   Thumb Code    40  stm32f4xx_hal_cortex.o(i.HAL_SYSTICK_Config)
    HAL_SYSTICK_IRQHandler                   0x080016ef   Thumb Code     8  stm32f4xx_hal_cortex.o(i.HAL_SYSTICK_IRQHandler)
    I2S_DMAError                             0x08001c75   Thumb Code    30  stm32f4xx_hal_i2s.o(i.I2S_DMAError)
    I2S_DMATxCplt                            0x08001c95   Thumb Code    92  stm32f4xx_hal_i2s_ex.o(i.I2S_DMATxCplt)
    I2S_DMATxHalfCplt                        0x08001cf9   Thumb Code    10  stm32f4xx_hal_i2s.o(i.I2S_DMATxHalfCplt)
    I2S_GetInputClock                        0x08001d05   Thumb Code    66  stm32f4xx_hal_i2s_ex.o(i.I2S_GetInputClock)
    MX_FATFS_Init                            0x08001d5d   Thumb Code    18  fatfs.o(i.MX_FATFS_Init)
    MX_USB_HOST_Init                         0x08001df9   Thumb Code    30  usb_host.o(i.MX_USB_HOST_Init)
    MX_USB_HOST_Process                      0x08001e25   Thumb Code     6  usb_host.o(i.MX_USB_HOST_Process)
    OTG_FS_IRQHandler                        0x08001e51   Thumb Code     6  stm32f4xx_it.o(i.OTG_FS_IRQHandler)
    SysTick_Handler                          0x08001e5d   Thumb Code    14  stm32f4xx_it.o(i.SysTick_Handler)
    SystemClock_Config                       0x08001e6d   Thumb Code   136  main.o(i.SystemClock_Config)
    SystemInit                               0x08001efd   Thumb Code    66  system_stm32f4xx.o(i.SystemInit)
    USBH_AllocPipe                           0x08001f51   Thumb Code    52  usbh_pipes.o(i.USBH_AllocPipe)
    USBH_BulkReceiveData                     0x08001f85   Thumb Code    32  usbh_ioreq.o(i.USBH_BulkReceiveData)
    USBH_BulkSendData                        0x08001fa5   Thumb Code    40  usbh_ioreq.o(i.USBH_BulkSendData)
    USBH_ClosePipe                           0x08001fcd   Thumb Code    10  usbh_pipes.o(i.USBH_ClosePipe)
    USBH_ClrFeature                          0x08001fd7   Thumb Code    30  usbh_ctlreq.o(i.USBH_ClrFeature)
    USBH_CtlReceiveData                      0x08001ff5   Thumb Code    30  usbh_ioreq.o(i.USBH_CtlReceiveData)
    USBH_CtlReq                              0x08002013   Thumb Code    54  usbh_ctlreq.o(i.USBH_CtlReq)
    USBH_CtlSendData                         0x08002049   Thumb Code    40  usbh_ioreq.o(i.USBH_CtlSendData)
    USBH_CtlSendSetup                        0x08002071   Thumb Code    30  usbh_ioreq.o(i.USBH_CtlSendSetup)
    USBH_Delay                               0x0800208f   Thumb Code     4  usbh_conf.o(i.USBH_Delay)
    USBH_FindInterface                       0x08002093   Thumb Code    68  usbh_core.o(i.USBH_FindInterface)
    USBH_FreePipe                            0x080020d7   Thumb Code    24  usbh_pipes.o(i.USBH_FreePipe)
    USBH_GetDescriptor                       0x080020ef   Thumb Code    52  usbh_ctlreq.o(i.USBH_GetDescriptor)
    USBH_GetNextDesc                         0x08002123   Thumb Code    14  usbh_ctlreq.o(i.USBH_GetNextDesc)
    USBH_Get_CfgDesc                         0x08002131   Thumb Code    44  usbh_ctlreq.o(i.USBH_Get_CfgDesc)
    USBH_Get_DevDesc                         0x0800215d   Thumb Code   154  usbh_ctlreq.o(i.USBH_Get_DevDesc)
    USBH_Get_StringDesc                      0x080021f7   Thumb Code    72  usbh_ctlreq.o(i.USBH_Get_StringDesc)
    USBH_Init                                0x080024af   Thumb Code    48  usbh_core.o(i.USBH_Init)
    USBH_LL_ClosePipe                        0x080024df   Thumb Code    14  usbh_conf.o(i.USBH_LL_ClosePipe)
    USBH_LL_Connect                          0x080024ed   Thumb Code    40  usbh_core.o(i.USBH_LL_Connect)
    USBH_LL_Disconnect                       0x08002515   Thumb Code    56  usbh_core.o(i.USBH_LL_Disconnect)
    USBH_LL_DriverVBUS                       0x0800254d   Thumb Code    12  usbh_conf.o(i.USBH_LL_DriverVBUS)
    USBH_LL_GetLastXferSize                  0x08002559   Thumb Code     8  usbh_conf.o(i.USBH_LL_GetLastXferSize)
    USBH_LL_GetSpeed                         0x08002561   Thumb Code    34  usbh_conf.o(i.USBH_LL_GetSpeed)
    USBH_LL_GetToggle                        0x08002583   Thumb Code    30  usbh_conf.o(i.USBH_LL_GetToggle)
    USBH_LL_GetURBState                      0x080025a1   Thumb Code     8  usbh_conf.o(i.USBH_LL_GetURBState)
    USBH_LL_IncTimer                         0x080025a9   Thumb Code    30  usbh_core.o(i.USBH_LL_IncTimer)
    USBH_LL_Init                             0x080025c9   Thumb Code    68  usbh_conf.o(i.USBH_LL_Init)
    USBH_LL_OpenPipe                         0x08002611   Thumb Code    24  usbh_conf.o(i.USBH_LL_OpenPipe)
    USBH_LL_ResetPort                        0x08002629   Thumb Code    14  usbh_conf.o(i.USBH_LL_ResetPort)
    USBH_LL_SetTimer                         0x08002637   Thumb Code     6  usbh_core.o(i.USBH_LL_SetTimer)
    USBH_LL_SetToggle                        0x0800263d   Thumb Code    32  usbh_conf.o(i.USBH_LL_SetToggle)
    USBH_LL_Start                            0x0800265d   Thumb Code    14  usbh_conf.o(i.USBH_LL_Start)
    USBH_LL_Stop                             0x0800266b   Thumb Code    14  usbh_conf.o(i.USBH_LL_Stop)
    USBH_LL_SubmitURB                        0x08002679   Thumb Code    32  usbh_conf.o(i.USBH_LL_SubmitURB)
    USBH_MSC_BOT_Init                        0x080026b9   Thumb Code    26  usbh_msc_bot.o(i.USBH_MSC_BOT_Init)
    USBH_MSC_BOT_Process                     0x080026dd   Thumb Code   470  usbh_msc_bot.o(i.USBH_MSC_BOT_Process)
    USBH_MSC_BOT_REQ_GetMaxLUN               0x080028b9   Thumb Code    22  usbh_msc_bot.o(i.USBH_MSC_BOT_REQ_GetMaxLUN)
    USBH_MSC_BOT_REQ_Reset                   0x080028cf   Thumb Code    22  usbh_msc_bot.o(i.USBH_MSC_BOT_REQ_Reset)
    USBH_MSC_GetLUNInfo                      0x08002951   Thumb Code    46  usbh_msc.o(i.USBH_MSC_GetLUNInfo)
    USBH_MSC_Read                            0x08002e33   Thumb Code   138  usbh_msc.o(i.USBH_MSC_Read)
    USBH_MSC_SCSI_Inquiry                    0x08002ebd   Thumb Code   192  usbh_msc_scsi.o(i.USBH_MSC_SCSI_Inquiry)
    USBH_MSC_SCSI_Read                       0x08002f7d   Thumb Code   124  usbh_msc_scsi.o(i.USBH_MSC_SCSI_Read)
    USBH_MSC_SCSI_ReadCapacity               0x08002ff9   Thumb Code   122  usbh_msc_scsi.o(i.USBH_MSC_SCSI_ReadCapacity)
    USBH_MSC_SCSI_RequestSense               0x08003073   Thumb Code   146  usbh_msc_scsi.o(i.USBH_MSC_SCSI_RequestSense)
    USBH_MSC_SCSI_TestUnitReady              0x08003105   Thumb Code    76  usbh_msc_scsi.o(i.USBH_MSC_SCSI_TestUnitReady)
    USBH_MSC_SCSI_Write                      0x08003151   Thumb Code   124  usbh_msc_scsi.o(i.USBH_MSC_SCSI_Write)
    USBH_MSC_UnitIsReady                     0x080031d1   Thumb Code    38  usbh_msc.o(i.USBH_MSC_UnitIsReady)
    USBH_MSC_Write                           0x080031f7   Thumb Code   138  usbh_msc.o(i.USBH_MSC_Write)
    USBH_OpenPipe                            0x08003281   Thumb Code    20  usbh_pipes.o(i.USBH_OpenPipe)
    USBH_Process                             0x0800337d   Thumb Code   360  usbh_core.o(i.USBH_Process)
    USBH_RegisterClass                       0x080034e5   Thumb Code    28  usbh_core.o(i.USBH_RegisterClass)
    USBH_SelectInterface                     0x08003501   Thumb Code    22  usbh_core.o(i.USBH_SelectInterface)
    USBH_SetAddress                          0x08003517   Thumb Code    28  usbh_ctlreq.o(i.USBH_SetAddress)
    USBH_SetCfg                              0x08003533   Thumb Code    28  usbh_ctlreq.o(i.USBH_SetCfg)
    USBH_Start                               0x0800354f   Thumb Code    20  usbh_core.o(i.USBH_Start)
    USBH_initialize                          0x08003585   Thumb Code     4  usbh_diskio.o(i.USBH_initialize)
    USBH_ioctl                               0x08003589   Thumb Code    74  usbh_diskio.o(i.USBH_ioctl)
    USBH_read                                0x080035d9   Thumb Code    66  usbh_diskio.o(i.USBH_read)
    USBH_status                              0x08003621   Thumb Code    20  usbh_diskio.o(i.USBH_status)
    USBH_write                               0x08003639   Thumb Code    74  usbh_diskio.o(i.USBH_write)
    USB_CoreInit                             0x08003689   Thumb Code   104  stm32f4xx_ll_usb.o(i.USB_CoreInit)
    USB_DisableGlobalInt                     0x0800372d   Thumb Code    12  stm32f4xx_ll_usb.o(i.USB_DisableGlobalInt)
    USB_DoPing                               0x08003739   Thumb Code    60  stm32f4xx_ll_usb.o(i.USB_DoPing)
    USB_DriveVbus                            0x08003779   Thumb Code    44  stm32f4xx_ll_usb.o(i.USB_DriveVbus)
    USB_EnableGlobalInt                      0x080037a5   Thumb Code    12  stm32f4xx_ll_usb.o(i.USB_EnableGlobalInt)
    USB_FlushRxFifo                          0x080037b1   Thumb Code    28  stm32f4xx_ll_usb.o(i.USB_FlushRxFifo)
    USB_FlushTxFifo                          0x080037d1   Thumb Code    32  stm32f4xx_ll_usb.o(i.USB_FlushTxFifo)
    USB_GetCurrentFrame                      0x080037f5   Thumb Code     8  stm32f4xx_ll_usb.o(i.USB_GetCurrentFrame)
    USB_GetHostSpeed                         0x080037fd   Thumb Code    14  stm32f4xx_ll_usb.o(i.USB_GetHostSpeed)
    USB_GetMode                              0x0800380b   Thumb Code     8  stm32f4xx_ll_usb.o(i.USB_GetMode)
    USB_HC_Halt                              0x08003813   Thumb Code   376  stm32f4xx_ll_usb.o(i.USB_HC_Halt)
    USB_HC_Init                              0x0800398d   Thumb Code   234  stm32f4xx_ll_usb.o(i.USB_HC_Init)
    USB_HC_ReadInterrupt                     0x08003a77   Thumb Code    12  stm32f4xx_ll_usb.o(i.USB_HC_ReadInterrupt)
    USB_HC_StartXfer                         0x08003a85   Thumb Code   386  stm32f4xx_ll_usb.o(i.USB_HC_StartXfer)
    USB_HostInit                             0x08003c0d   Thumb Code   192  stm32f4xx_ll_usb.o(i.USB_HostInit)
    USB_InitFSLSPClkSel                      0x08003ce1   Thumb Code    54  stm32f4xx_ll_usb.o(i.USB_InitFSLSPClkSel)
    USB_ReadInterrupts                       0x08003d17   Thumb Code     8  stm32f4xx_ll_usb.o(i.USB_ReadInterrupts)
    USB_ReadPacket                           0x08003d1f   Thumb Code    32  stm32f4xx_ll_usb.o(i.USB_ReadPacket)
    USB_ResetPort                            0x08003d3f   Thumb Code    44  stm32f4xx_ll_usb.o(i.USB_ResetPort)
    USB_SetCurrentMode                       0x08003d6b   Thumb Code    44  stm32f4xx_ll_usb.o(i.USB_SetCurrentMode)
    USB_StopHost                             0x08003d97   Thumb Code   178  stm32f4xx_ll_usb.o(i.USB_StopHost)
    USB_WritePacket                          0x08003e49   Thumb Code    40  stm32f4xx_ll_usb.o(i.USB_WritePacket)
    WavePlayerStart                          0x08003e71   Thumb Code    58  waveplayer.o(i.WavePlayerStart)
    __0printf$bare                           0x08003ebd   Thumb Code     8  printfb.o(i.__0printf$bare)
    __1printf$bare                           0x08003ebd   Thumb Code     0  printfb.o(i.__0printf$bare)
    __2printf                                0x08003ebd   Thumb Code     0  printfb.o(i.__0printf$bare)
    __scatterload_copy                       0x08003ecd   Thumb Code    14  handlers.o(i.__scatterload_copy)
    __scatterload_null                       0x08003edb   Thumb Code     2  handlers.o(i.__scatterload_null)
    __scatterload_zeroinit                   0x08003edd   Thumb Code    14  handlers.o(i.__scatterload_zeroinit)
    clust2sect                               0x08004027   Thumb Code    30  ff.o(i.clust2sect)
    disk_initialize                          0x08004421   Thumb Code    36  diskio.o(i.disk_initialize)
    disk_read                                0x08004449   Thumb Code    24  diskio.o(i.disk_read)
    disk_status                              0x08004465   Thumb Code    18  diskio.o(i.disk_status)
    disk_write                               0x0800447d   Thumb Code    24  diskio.o(i.disk_write)
    f_mount                                  0x08004499   Thumb Code    88  ff.o(i.f_mount)
    f_open                                   0x080044f5   Thumb Code   412  ff.o(i.f_open)
    f_read                                   0x08004695   Thumb Code   396  ff.o(i.f_read)
    fputc                                    0x08004b39   Thumb Code    22  debug.o(i.fputc)
    free                                     0x08004b55   Thumb Code    76  malloc.o(i.free)
    get_fat                                  0x08004ba5   Thumb Code   194  ff.o(i.get_fat)
    get_fattime                              0x08004c67   Thumb Code     4  fatfs.o(i.get_fattime)
    main                                     0x08004d5d   Thumb Code   134  main.o(i.main)
    malloc                                   0x08004e15   Thumb Code    92  malloc.o(i.malloc)
    put_fat                                  0x08004ed7   Thumb Code   248  ff.o(i.put_fat)
    APBAHBPrescTable                         0x080050d8   Data          16  stm32f4xx_hal_rcc.o(.constdata)
    USBH_Driver                              0x0800519c   Data          20  usbh_diskio.o(.constdata)
    Region$$Table$$Base                      0x080051b4   Number         0  anon$$obj.o(Region$$Table)
    Region$$Table$$Limit                     0x080051d4   Number         0  anon$$obj.o(Region$$Table)
    retUSBH                                  0x20000004   Data           1  fatfs.o(.data)
    USBH_Path                                0x20000005   Data           4  fatfs.o(.data)
    Appli_state                              0x20000009   Data           1  usb_host.o(.data)
    bufSwitch                                0x2000000c   Data           1  waveplayer.o(.data)
    bytesRead1                               0x20000010   Data           4  waveplayer.o(.data)
    bytesRead2                               0x20000014   Data           4  waveplayer.o(.data)
    SystemCoreClock                          0x20000018   Data           4  system_stm32f4xx.o(.data)
    USBH_msc                                 0x20000024   Data          32  usbh_msc.o(.data)
    __stdout                                 0x20000044   Data           4  stdout.o(.data)
    __microlib_freelist                      0x20000048   Data           4  mvars.o(.data)
    __microlib_freelist_initialised          0x2000004c   Data           4  mvars.o(.data)
    hi2s3                                    0x20000050   Data          68  main.o(.bss)
    hspi1                                    0x20000094   Data          88  main.o(.bss)
    fatfs                                    0x200000ec   Data         560  main.o(.bss)
    hdma_spi3_tx                             0x2000031c   Data          88  main.o(.bss)
    hUsbHostFS                               0x20000374   Data         968  usb_host.o(.bss)
    hhcd_USB_OTG_FS                          0x2000073c   Data         664  usbh_conf.o(.bss)
    buf1                                     0x200009d4   Data        2048  waveplayer.o(.bss)
    buf2                                     0x200011d4   Data        2048  waveplayer.o(.bss)
    fr                                       0x200019d4   Data         556  waveplayer.o(.bss)
    disk                                     0x20001c18   Data          12  ff_gen_drv.o(.bss)
    __heap_base                              0x20001c28   Data           0  startup_stm32f429xx.o(HEAP)
    __heap_limit                             0x20001e28   Data           0  startup_stm32f429xx.o(HEAP)
    __initial_sp                             0x20002228   Data           0  startup_stm32f429xx.o(STACK)



==============================================================================

Memory Map of the image

  Image Entry point : 0x080001ad

  Load Region LR_IROM1 (Base: 0x08000000, Size: 0x00005224, Max: 0x00200000, ABSOLUTE)

    Execution Region ER_IROM1 (Base: 0x08000000, Size: 0x000051d4, Max: 0x00200000, ABSOLUTE)

    Base Addr    Size         Type   Attr      Idx    E Section Name        Object

    0x08000000   0x000001ac   Data   RO         2596    RESET               startup_stm32f429xx.o
    0x080001ac   0x00000000   Code   RO         3671  * .ARM.Collect$$$$00000000  mc_w.l(entry.o)
    0x080001ac   0x00000004   Code   RO         3968    .ARM.Collect$$$$00000001  mc_w.l(entry2.o)
    0x080001b0   0x00000004   Code   RO         3971    .ARM.Collect$$$$00000004  mc_w.l(entry5.o)
    0x080001b4   0x00000000   Code   RO         3973    .ARM.Collect$$$$00000008  mc_w.l(entry7b.o)
    0x080001b4   0x00000000   Code   RO         3975    .ARM.Collect$$$$0000000A  mc_w.l(entry8b.o)
    0x080001b4   0x00000008   Code   RO         3976    .ARM.Collect$$$$0000000B  mc_w.l(entry9a.o)
    0x080001bc   0x00000000   Code   RO         3978    .ARM.Collect$$$$0000000D  mc_w.l(entry10a.o)
    0x080001bc   0x00000000   Code   RO         3980    .ARM.Collect$$$$0000000F  mc_w.l(entry11a.o)
    0x080001bc   0x00000004   Code   RO         3969    .ARM.Collect$$$$00002712  mc_w.l(entry2.o)
    0x080001c0   0x00000024   Code   RO         2597    .text               startup_stm32f429xx.o
    0x080001e4   0x00000024   Code   RO         3674    .text               mc_w.l(memcpya.o)
    0x08000208   0x00000024   Code   RO         3676    .text               mc_w.l(memseta.o)
    0x0800022c   0x00000024   Code   RO         4000    .text               mc_w.l(init.o)
    0x08000250   0x0000000c   Code   RO         2270    i.DMA1_Stream5_IRQHandler  stm32f4xx_it.o
    0x0800025c   0x00000028   Code   RO         1330    i.DMA_CalcBaseAndBitshift  stm32f4xx_hal_dma.o
    0x08000284   0x00000028   Code   RO         1331    i.DMA_SetConfig     stm32f4xx_hal_dma.o
    0x080002ac   0x00000048   Code   RO         3251    i.DeInitStateMachine  usbh_core.o
    0x080002f4   0x00000006   Code   RO         3051    i.FATFS_LinkDriver  ff_gen_drv.o
    0x080002fa   0x00000002   PAD
    0x080002fc   0x00000040   Code   RO         3052    i.FATFS_LinkDriverEx  ff_gen_drv.o
    0x0800033c   0x000001a0   Code   RO         1336    i.HAL_DMA_IRQHandler  stm32f4xx_hal_dma.o
    0x080004dc   0x00000078   Code   RO         1337    i.HAL_DMA_Init      stm32f4xx_hal_dma.o
    0x08000554   0x0000004e   Code   RO         1340    i.HAL_DMA_Start_IT  stm32f4xx_hal_dma.o
    0x080005a2   0x00000016   Code   RO          815    i.HAL_Delay         stm32f4xx_hal.o
    0x080005b8   0x000001cc   Code   RO         1069    i.HAL_GPIO_Init     stm32f4xx_hal_gpio.o
    0x08000784   0x0000000c   Code   RO          823    i.HAL_GetTick       stm32f4xx_hal.o
    0x08000790   0x00000008   Code   RO         2385    i.HAL_HCD_Connect_Callback  usbh_conf.o
    0x08000798   0x00000008   Code   RO         2386    i.HAL_HCD_Disconnect_Callback  usbh_conf.o
    0x080007a0   0x00000006   Code   RO         1660    i.HAL_HCD_GetCurrentFrame  stm32f4xx_hal_hcd.o
    0x080007a6   0x00000006   Code   RO         1661    i.HAL_HCD_GetCurrentSpeed  stm32f4xx_hal_hcd.o
    0x080007ac   0x0000000e   Code   RO         1664    i.HAL_HCD_HC_GetURBState  stm32f4xx_hal_hcd.o
    0x080007ba   0x0000000c   Code   RO         1665    i.HAL_HCD_HC_GetXferCount  stm32f4xx_hal_hcd.o
    0x080007c6   0x00000024   Code   RO         1666    i.HAL_HCD_HC_Halt   stm32f4xx_hal_hcd.o
    0x080007ea   0x00000054   Code   RO         1667    i.HAL_HCD_HC_Init   stm32f4xx_hal_hcd.o
    0x0800083e   0x00000002   Code   RO         2387    i.HAL_HCD_HC_NotifyURBChange_Callback  usbh_conf.o
    0x08000840   0x000000b6   Code   RO         1669    i.HAL_HCD_HC_SubmitRequest  stm32f4xx_hal_hcd.o
    0x080008f6   0x00000002   PAD
    0x080008f8   0x0000012e   Code   RO         1670    i.HAL_HCD_IRQHandler  stm32f4xx_hal_hcd.o
    0x08000a26   0x0000005a   Code   RO         1671    i.HAL_HCD_Init      stm32f4xx_hal_hcd.o
    0x08000a80   0x00000064   Code   RO         2389    i.HAL_HCD_MspInit   usbh_conf.o
    0x08000ae4   0x00000006   Code   RO         1674    i.HAL_HCD_ResetPort  stm32f4xx_hal_hcd.o
    0x08000aea   0x00000008   Code   RO         2390    i.HAL_HCD_SOF_Callback  usbh_conf.o
    0x08000af2   0x0000002c   Code   RO         1676    i.HAL_HCD_Start     stm32f4xx_hal_hcd.o
    0x08000b1e   0x00000024   Code   RO         1677    i.HAL_HCD_Stop      stm32f4xx_hal_hcd.o
    0x08000b42   0x00000002   Code   RO         1154    i.HAL_I2S_ErrorCallback  stm32f4xx_hal_i2s.o
    0x08000b44   0x00000164   Code   RO          725    i.HAL_I2S_Init      stm32f4xx_hal_i2s_ex.o
    0x08000ca8   0x00000090   Code   RO         2105    i.HAL_I2S_MspInit   stm32f4xx_hal_msp.o
    0x08000d38   0x000000a8   Code   RO         1167    i.HAL_I2S_Transmit_DMA  stm32f4xx_hal_i2s.o
    0x08000de0   0x0000002c   Code   RO         2556    i.HAL_I2S_TxCpltCallback  waveplayer.o
    0x08000e0c   0x00000038   Code   RO         2557    i.HAL_I2S_TxHalfCpltCallback  waveplayer.o
    0x08000e44   0x00000010   Code   RO          824    i.HAL_IncTick       stm32f4xx_hal.o
    0x08000e54   0x00000034   Code   RO          825    i.HAL_Init          stm32f4xx_hal.o
    0x08000e88   0x00000022   Code   RO          826    i.HAL_InitTick      stm32f4xx_hal.o
    0x08000eaa   0x00000016   Code   RO         2106    i.HAL_MspInit       stm32f4xx_hal_msp.o
    0x08000ec0   0x00000016   Code   RO          485    i.HAL_NVIC_EnableIRQ  stm32f4xx_hal_cortex.o
    0x08000ed6   0x00000002   PAD
    0x08000ed8   0x00000040   Code   RO          491    i.HAL_NVIC_SetPriority  stm32f4xx_hal_cortex.o
    0x08000f18   0x00000024   Code   RO          492    i.HAL_NVIC_SetPriorityGrouping  stm32f4xx_hal_cortex.o
    0x08000f3c   0x000002a8   Code   RO          447    i.HAL_RCCEx_PeriphCLKConfig  stm32f4xx_hal_rcc_ex.o
    0x080011e4   0x00000034   Code   RO           10    i.HAL_RCC_GetHCLKFreq  stm32f4xx_hal_rcc.o
    0x08001218   0x00000074   Code   RO           14    i.HAL_RCC_GetSysClockFreq  stm32f4xx_hal_rcc.o
    0x0800128c   0x00000338   Code   RO           17    i.HAL_RCC_OscConfig  stm32f4xx_hal_rcc.o
    0x080015c4   0x00000084   Code   RO         1421    i.HAL_SPI_Init      stm32f4xx_hal_spi.o
    0x08001648   0x00000064   Code   RO         2108    i.HAL_SPI_MspInit   stm32f4xx_hal_msp.o
    0x080016ac   0x00000018   Code   RO          494    i.HAL_SYSTICK_CLKSourceConfig  stm32f4xx_hal_cortex.o
    0x080016c4   0x00000002   Code   RO          495    i.HAL_SYSTICK_Callback  stm32f4xx_hal_cortex.o
    0x080016c6   0x00000028   Code   RO          496    i.HAL_SYSTICK_Config  stm32f4xx_hal_cortex.o
    0x080016ee   0x00000008   Code   RO          497    i.HAL_SYSTICK_IRQHandler  stm32f4xx_hal_cortex.o
    0x080016f6   0x00000232   Code   RO         1678    i.HCD_HC_IN_IRQHandler  stm32f4xx_hal_hcd.o
    0x08001928   0x0000022c   Code   RO         1679    i.HCD_HC_OUT_IRQHandler  stm32f4xx_hal_hcd.o
    0x08001b54   0x000000b0   Code   RO         1680    i.HCD_Port_IRQHandler  stm32f4xx_hal_hcd.o
    0x08001c04   0x00000070   Code   RO         1681    i.HCD_RXQLVL_IRQHandler  stm32f4xx_hal_hcd.o
    0x08001c74   0x0000001e   Code   RO         1171    i.I2S_DMAError      stm32f4xx_hal_i2s.o
    0x08001c92   0x00000002   PAD
    0x08001c94   0x00000064   Code   RO          728    i.I2S_DMATxCplt     stm32f4xx_hal_i2s_ex.o
    0x08001cf8   0x0000000a   Code   RO         1173    i.I2S_DMATxHalfCplt  stm32f4xx_hal_i2s.o
    0x08001d02   0x00000002   PAD
    0x08001d04   0x00000058   Code   RO          729    i.I2S_GetInputClock  stm32f4xx_hal_i2s_ex.o
    0x08001d5c   0x0000001c   Code   RO         2310    i.MX_FATFS_Init     fatfs.o
    0x08001d78   0x0000004c   Code   RO         2153    i.MX_GPIO_Init      main.o
    0x08001dc4   0x00000034   Code   RO         2154    i.MX_SPI1_Init      main.o
    0x08001df8   0x0000002c   Code   RO         2346    i.MX_USB_HOST_Init  usb_host.o
    0x08001e24   0x0000000c   Code   RO         2347    i.MX_USB_HOST_Process  usb_host.o
    0x08001e30   0x00000020   Code   RO          498    i.NVIC_SetPriority  stm32f4xx_hal_cortex.o
    0x08001e50   0x0000000c   Code   RO         2271    i.OTG_FS_IRQHandler  stm32f4xx_it.o
    0x08001e5c   0x0000000e   Code   RO         2272    i.SysTick_Handler   stm32f4xx_it.o
    0x08001e6a   0x00000002   PAD
    0x08001e6c   0x00000090   Code   RO         2155    i.SystemClock_Config  main.o
    0x08001efc   0x00000054   Code   RO         2605    i.SystemInit        system_stm32f4xx.o
    0x08001f50   0x00000034   Code   RO         3422    i.USBH_AllocPipe    usbh_pipes.o
    0x08001f84   0x00000020   Code   RO         3602    i.USBH_BulkReceiveData  usbh_ioreq.o
    0x08001fa4   0x00000028   Code   RO         3603    i.USBH_BulkSendData  usbh_ioreq.o
    0x08001fcc   0x0000000a   Code   RO         3423    i.USBH_ClosePipe    usbh_pipes.o
    0x08001fd6   0x0000001e   Code   RO         3163    i.USBH_ClrFeature   usbh_ctlreq.o
    0x08001ff4   0x0000001e   Code   RO         3604    i.USBH_CtlReceiveData  usbh_ioreq.o
    0x08002012   0x00000036   Code   RO         3164    i.USBH_CtlReq       usbh_ctlreq.o
    0x08002048   0x00000028   Code   RO         3605    i.USBH_CtlSendData  usbh_ioreq.o
    0x08002070   0x0000001e   Code   RO         3606    i.USBH_CtlSendSetup  usbh_ioreq.o
    0x0800208e   0x00000004   Code   RO         2391    i.USBH_Delay        usbh_conf.o
    0x08002092   0x00000044   Code   RO         3253    i.USBH_FindInterface  usbh_core.o
    0x080020d6   0x00000018   Code   RO         3424    i.USBH_FreePipe     usbh_pipes.o
    0x080020ee   0x00000034   Code   RO         3165    i.USBH_GetDescriptor  usbh_ctlreq.o
    0x08002122   0x0000000e   Code   RO         3166    i.USBH_GetNextDesc  usbh_ctlreq.o
    0x08002130   0x0000002c   Code   RO         3167    i.USBH_Get_CfgDesc  usbh_ctlreq.o
    0x0800215c   0x0000009a   Code   RO         3168    i.USBH_Get_DevDesc  usbh_ctlreq.o
    0x080021f6   0x00000048   Code   RO         3169    i.USBH_Get_StringDesc  usbh_ctlreq.o
    0x0800223e   0x0000017e   Code   RO         3170    i.USBH_HandleControl  usbh_ctlreq.o
    0x080023bc   0x000000f2   Code   RO         3256    i.USBH_HandleEnum   usbh_core.o
    0x080024ae   0x00000030   Code   RO         3257    i.USBH_Init         usbh_core.o
    0x080024de   0x0000000e   Code   RO         2392    i.USBH_LL_ClosePipe  usbh_conf.o
    0x080024ec   0x00000028   Code   RO         3258    i.USBH_LL_Connect   usbh_core.o
    0x08002514   0x00000038   Code   RO         3259    i.USBH_LL_Disconnect  usbh_core.o
    0x0800254c   0x0000000c   Code   RO         2394    i.USBH_LL_DriverVBUS  usbh_conf.o
    0x08002558   0x00000008   Code   RO         2395    i.USBH_LL_GetLastXferSize  usbh_conf.o
    0x08002560   0x00000022   Code   RO         2396    i.USBH_LL_GetSpeed  usbh_conf.o
    0x08002582   0x0000001e   Code   RO         2397    i.USBH_LL_GetToggle  usbh_conf.o
    0x080025a0   0x00000008   Code   RO         2398    i.USBH_LL_GetURBState  usbh_conf.o
    0x080025a8   0x0000001e   Code   RO         3260    i.USBH_LL_IncTimer  usbh_core.o
    0x080025c6   0x00000002   PAD
    0x080025c8   0x00000048   Code   RO         2399    i.USBH_LL_Init      usbh_conf.o
    0x08002610   0x00000018   Code   RO         2400    i.USBH_LL_OpenPipe  usbh_conf.o
    0x08002628   0x0000000e   Code   RO         2401    i.USBH_LL_ResetPort  usbh_conf.o
    0x08002636   0x00000006   Code   RO         3261    i.USBH_LL_SetTimer  usbh_core.o
    0x0800263c   0x00000020   Code   RO         2402    i.USBH_LL_SetToggle  usbh_conf.o
    0x0800265c   0x0000000e   Code   RO         2403    i.USBH_LL_Start     usbh_conf.o
    0x0800266a   0x0000000e   Code   RO         2404    i.USBH_LL_Stop      usbh_conf.o
    0x08002678   0x00000020   Code   RO         2405    i.USBH_LL_SubmitURB  usbh_conf.o
    0x08002698   0x0000001e   Code   RO         3555    i.USBH_MSC_BOT_Abort  usbh_msc_bot.o
    0x080026b6   0x00000002   PAD
    0x080026b8   0x00000024   Code   RO         3556    i.USBH_MSC_BOT_Init  usbh_msc_bot.o
    0x080026dc   0x000001dc   Code   RO         3557    i.USBH_MSC_BOT_Process  usbh_msc_bot.o
    0x080028b8   0x00000016   Code   RO         3558    i.USBH_MSC_BOT_REQ_GetMaxLUN  usbh_msc_bot.o
    0x080028ce   0x00000016   Code   RO         3559    i.USBH_MSC_BOT_REQ_Reset  usbh_msc_bot.o
    0x080028e4   0x0000006c   Code   RO         3464    i.USBH_MSC_ClassRequest  usbh_msc.o
    0x08002950   0x0000002e   Code   RO         3465    i.USBH_MSC_GetLUNInfo  usbh_msc.o
    0x0800297e   0x0000004a   Code   RO         3467    i.USBH_MSC_InterfaceDeInit  usbh_msc.o
    0x080029c8   0x0000014c   Code   RO         3468    i.USBH_MSC_InterfaceInit  usbh_msc.o
    0x08002b14   0x00000290   Code   RO         3470    i.USBH_MSC_Process  usbh_msc.o
    0x08002da4   0x0000008e   Code   RO         3471    i.USBH_MSC_RdWrProcess  usbh_msc.o
    0x08002e32   0x0000008a   Code   RO         3472    i.USBH_MSC_Read     usbh_msc.o
    0x08002ebc   0x000000c0   Code   RO         3368    i.USBH_MSC_SCSI_Inquiry  usbh_msc_scsi.o
    0x08002f7c   0x0000007c   Code   RO         3369    i.USBH_MSC_SCSI_Read  usbh_msc_scsi.o
    0x08002ff8   0x0000007a   Code   RO         3370    i.USBH_MSC_SCSI_ReadCapacity  usbh_msc_scsi.o
    0x08003072   0x00000092   Code   RO         3371    i.USBH_MSC_SCSI_RequestSense  usbh_msc_scsi.o
    0x08003104   0x0000004c   Code   RO         3372    i.USBH_MSC_SCSI_TestUnitReady  usbh_msc_scsi.o
    0x08003150   0x0000007c   Code   RO         3373    i.USBH_MSC_SCSI_Write  usbh_msc_scsi.o
    0x080031cc   0x00000004   Code   RO         3473    i.USBH_MSC_SOFProcess  usbh_msc.o
    0x080031d0   0x00000026   Code   RO         3474    i.USBH_MSC_UnitIsReady  usbh_msc.o
    0x080031f6   0x0000008a   Code   RO         3475    i.USBH_MSC_Write    usbh_msc.o
    0x08003280   0x00000014   Code   RO         3425    i.USBH_OpenPipe     usbh_pipes.o
    0x08003294   0x000000e8   Code   RO         3171    i.USBH_ParseCfgDesc  usbh_ctlreq.o
    0x0800337c   0x00000168   Code   RO         3262    i.USBH_Process      usbh_core.o
    0x080034e4   0x0000001c   Code   RO         3264    i.USBH_RegisterClass  usbh_core.o
    0x08003500   0x00000016   Code   RO         3265    i.USBH_SelectInterface  usbh_core.o
    0x08003516   0x0000001c   Code   RO         3172    i.USBH_SetAddress   usbh_ctlreq.o
    0x08003532   0x0000001c   Code   RO         3173    i.USBH_SetCfg       usbh_ctlreq.o
    0x0800354e   0x00000014   Code   RO         3266    i.USBH_Start        usbh_core.o
    0x08003562   0x00000002   PAD
    0x08003564   0x00000020   Code   RO         2348    i.USBH_UserProcess  usb_host.o
    0x08003584   0x00000004   Code   RO         3101    i.USBH_initialize   usbh_diskio.o
    0x08003588   0x00000050   Code   RO         3102    i.USBH_ioctl        usbh_diskio.o
    0x080035d8   0x00000048   Code   RO         3103    i.USBH_read         usbh_diskio.o
    0x08003620   0x00000018   Code   RO         3104    i.USBH_status       usbh_diskio.o
    0x08003638   0x00000050   Code   RO         3105    i.USBH_write        usbh_diskio.o
    0x08003688   0x0000006c   Code   RO         1825    i.USB_CoreInit      stm32f4xx_ll_usb.o
    0x080036f4   0x00000038   Code   RO         1826    i.USB_CoreReset     stm32f4xx_ll_usb.o
    0x0800372c   0x0000000c   Code   RO         1832    i.USB_DisableGlobalInt  stm32f4xx_ll_usb.o
    0x08003738   0x00000040   Code   RO         1833    i.USB_DoPing        stm32f4xx_ll_usb.o
    0x08003778   0x0000002c   Code   RO         1834    i.USB_DriveVbus     stm32f4xx_ll_usb.o
    0x080037a4   0x0000000c   Code   RO         1840    i.USB_EnableGlobalInt  stm32f4xx_ll_usb.o
    0x080037b0   0x00000020   Code   RO         1841    i.USB_FlushRxFifo   stm32f4xx_ll_usb.o
    0x080037d0   0x00000024   Code   RO         1842    i.USB_FlushTxFifo   stm32f4xx_ll_usb.o
    0x080037f4   0x00000008   Code   RO         1843    i.USB_GetCurrentFrame  stm32f4xx_ll_usb.o
    0x080037fc   0x0000000e   Code   RO         1845    i.USB_GetHostSpeed  stm32f4xx_ll_usb.o
    0x0800380a   0x00000008   Code   RO         1846    i.USB_GetMode       stm32f4xx_ll_usb.o
    0x08003812   0x00000178   Code   RO         1847    i.USB_HC_Halt       stm32f4xx_ll_usb.o
    0x0800398a   0x00000002   PAD
    0x0800398c   0x000000ea   Code   RO         1848    i.USB_HC_Init       stm32f4xx_ll_usb.o
    0x08003a76   0x0000000c   Code   RO         1849    i.USB_HC_ReadInterrupt  stm32f4xx_ll_usb.o
    0x08003a82   0x00000002   PAD
    0x08003a84   0x00000188   Code   RO         1850    i.USB_HC_StartXfer  stm32f4xx_ll_usb.o
    0x08003c0c   0x000000d4   Code   RO         1851    i.USB_HostInit      stm32f4xx_ll_usb.o
    0x08003ce0   0x00000036   Code   RO         1852    i.USB_InitFSLSPClkSel  stm32f4xx_ll_usb.o
    0x08003d16   0x00000008   Code   RO         1857    i.USB_ReadInterrupts  stm32f4xx_ll_usb.o
    0x08003d1e   0x00000020   Code   RO         1858    i.USB_ReadPacket    stm32f4xx_ll_usb.o
    0x08003d3e   0x0000002c   Code   RO         1859    i.USB_ResetPort     stm32f4xx_ll_usb.o
    0x08003d6a   0x0000002c   Code   RO         1860    i.USB_SetCurrentMode  stm32f4xx_ll_usb.o
    0x08003d96   0x000000b2   Code   RO         1864    i.USB_StopHost      stm32f4xx_ll_usb.o
    0x08003e48   0x00000028   Code   RO         1865    i.USB_WritePacket   stm32f4xx_ll_usb.o
    0x08003e70   0x0000004c   Code   RO         2558    i.WavePlayerStart   waveplayer.o
    0x08003ebc   0x00000010   Code   RO         3681    i.__0printf$bare    mc_w.l(printfb.o)
    0x08003ecc   0x0000000e   Code   RO         4012    i.__scatterload_copy  mc_w.l(handlers.o)
    0x08003eda   0x00000002   Code   RO         4013    i.__scatterload_null  mc_w.l(handlers.o)
    0x08003edc   0x0000000e   Code   RO         4014    i.__scatterload_zeroinit  mc_w.l(handlers.o)
    0x08003eea   0x00000022   Code   RO         3688    i._printf_core      mc_w.l(printfb.o)
    0x08003f0c   0x00000060   Code   RO         2641    i.check_fs          ff.o
    0x08003f6c   0x0000006c   Code   RO         2642    i.chk_lock          ff.o
    0x08003fd8   0x00000024   Code   RO         2643    i.clear_lock        ff.o
    0x08003ffc   0x0000002a   Code   RO         2644    i.clmt_clust        ff.o
    0x08004026   0x0000001e   Code   RO         2645    i.clust2sect        ff.o
    0x08004044   0x000000b0   Code   RO         2646    i.create_chain      ff.o
    0x080040f4   0x00000100   Code   RO         2647    i.create_name       ff.o
    0x080041f4   0x0000011e   Code   RO         2649    i.dir_next          ff.o
    0x08004312   0x00000076   Code   RO         2651    i.dir_register      ff.o
    0x08004388   0x00000098   Code   RO         2653    i.dir_sdi           ff.o
    0x08004420   0x00000028   Code   RO         2961    i.disk_initialize   diskio.o
    0x08004448   0x0000001c   Code   RO         2963    i.disk_read         diskio.o
    0x08004464   0x00000018   Code   RO         2964    i.disk_status       diskio.o
    0x0800447c   0x0000001c   Code   RO         2965    i.disk_write        diskio.o
    0x08004498   0x0000005c   Code   RO         2662    i.f_mount           ff.o
    0x080044f4   0x000001a0   Code   RO         2663    i.f_open            ff.o
    0x08004694   0x0000018c   Code   RO         2668    i.f_read            ff.o
    0x08004820   0x00000258   Code   RO         2677    i.find_volume       ff.o
    0x08004a78   0x000000c0   Code   RO         2678    i.follow_path       ff.o
    0x08004b38   0x0000001c   Code   RO         2532    i.fputc             debug.o
    0x08004b54   0x00000050   Code   RO         3940    i.free              mc_w.l(malloc.o)
    0x08004ba4   0x000000c2   Code   RO         2679    i.get_fat           ff.o
    0x08004c66   0x00000004   Code   RO         2311    i.get_fattime       fatfs.o
    0x08004c6a   0x0000003c   Code   RO         2681    i.get_ldnumber      ff.o
    0x08004ca6   0x00000002   PAD
    0x08004ca8   0x000000a0   Code   RO         2682    i.inc_lock          ff.o
    0x08004d48   0x00000014   Code   RO         2683    i.ld_clust          ff.o
    0x08004d5c   0x000000b8   Code   RO         2156    i.main              main.o
    0x08004e14   0x0000006c   Code   RO         3941    i.malloc            mc_w.l(malloc.o)
    0x08004e80   0x00000012   Code   RO         2684    i.mem_cpy           ff.o
    0x08004e92   0x0000000e   Code   RO         2685    i.mem_set           ff.o
    0x08004ea0   0x00000036   Code   RO         2686    i.move_window       ff.o
    0x08004ed6   0x000000f8   Code   RO         2687    i.put_fat           ff.o
    0x08004fce   0x0000006e   Code   RO         2689    i.remove_chain      ff.o
    0x0800503c   0x00000010   Code   RO         2690    i.st_clust          ff.o
    0x0800504c   0x00000060   Code   RO         2692    i.sync_window       ff.o
    0x080050ac   0x0000002c   Code   RO         2693    i.validate          ff.o
    0x080050d8   0x00000010   Data   RO           18    .constdata          stm32f4xx_hal_rcc.o
    0x080050e8   0x00000008   Data   RO         1341    .constdata          stm32f4xx_hal_dma.o
    0x080050f0   0x000000ac   Data   RO         2695    .constdata          ff.o
    0x0800519c   0x00000014   Data   RO         3106    .constdata          usbh_diskio.o
    0x080051b0   0x00000004   Data   RO         3476    .conststring        usbh_msc.o
    0x080051b4   0x00000020   Data   RO         4010    Region$$Table       anon$$obj.o


    Execution Region RW_IRAM1 (Base: 0x20000000, Size: 0x00002228, Max: 0x00030000, ABSOLUTE)

    Base Addr    Size         Type   Attr      Idx    E Section Name        Object

    0x20000000   0x00000004   Data   RW          831    .data               stm32f4xx_hal.o
    0x20000004   0x00000005   Data   RW         2312    .data               fatfs.o
    0x20000009   0x00000001   Data   RW         2350    .data               usb_host.o
    0x2000000a   0x00000002   PAD
    0x2000000c   0x0000000c   Data   RW         2560    .data               waveplayer.o
    0x20000018   0x00000004   Data   RW         2607    .data               system_stm32f4xx.o
    0x2000001c   0x00000008   Data   RW         2696    .data               ff.o
    0x20000024   0x00000020   Data   RW         3477    .data               usbh_msc.o
    0x20000044   0x00000004   Data   RW         3982    .data               mc_w.l(stdout.o)
    0x20000048   0x00000004   Data   RW         3987    .data               mc_w.l(mvars.o)
    0x2000004c   0x00000004   Data   RW         3988    .data               mc_w.l(mvars.o)
    0x20000050   0x000002cc   Zero   RW         2157    .bss                main.o
    0x2000031c   0x00000058   Zero   RW         2158    .bss                main.o
    0x20000374   0x000003c8   Zero   RW         2349    .bss                usb_host.o
    0x2000073c   0x00000298   Zero   RW         2406    .bss                usbh_conf.o
    0x200009d4   0x0000122c   Zero   RW         2559    .bss                waveplayer.o
    0x20001c00   0x00000018   Zero   RW         2694    .bss                ff.o
    0x20001c18   0x0000000c   Zero   RW         3055    .bss                ff_gen_drv.o
    0x20001c24   0x00000004   PAD
    0x20001c28   0x00000200   Zero   RW         2595    HEAP                startup_stm32f429xx.o
    0x20001e28   0x00000400   Zero   RW         2594    STACK               startup_stm32f429xx.o


==============================================================================

Image component sizes


      Code (inc. data)   RO Data    RW Data    ZI Data      Debug   Object Name

        28          6          0          0          0        492   debug.o
       120         18          0          0          0       3000   diskio.o
        32         10          0          5          0       1366   fatfs.o
      4030         64        172          8         24      29666   ff.o
        70          4          0          0         12       1599   ff_gen_drv.o
       456         72          0          0        804      23158   main.o
        36          8        428          0       1536        912   startup_stm32f429xx.o
       136         16          0          4          0       4078   stm32f4xx_hal.o
       228         14          0          0          0      32041   stm32f4xx_hal_cortex.o
       694         14          8          0          0       4455   stm32f4xx_hal_dma.o
       460         52          0          0          0       1844   stm32f4xx_hal_gpio.o
      2224          4          0          0          0      13241   stm32f4xx_hal_hcd.o
       210         12          0          0          0       3046   stm32f4xx_hal_i2s.o
       544         40          0          0          0       3059   stm32f4xx_hal_i2s_ex.o
       266         44          0          0          0       2213   stm32f4xx_hal_msp.o
       992         48         16          0          0     384151   stm32f4xx_hal_rcc.o
       680         36          0          0          0       1560   stm32f4xx_hal_rcc_ex.o
       132          0          0          0          0       1147   stm32f4xx_hal_spi.o
        38         12          0          0          0       1392   stm32f4xx_it.o
      2020         48          0          0          0      16951   stm32f4xx_ll_usb.o
        84         18          0          4          0       1305   system_stm32f4xx.o
        88         24          0          1        968       2022   usb_host.o
       438         12          0          0        664      11036   usbh_conf.o
       992         20          0          0          0       9476   usbh_core.o
      1090         12          0          0          0       9804   usbh_ctlreq.o
       260         22         20          0          0       4533   usbh_diskio.o
       172          0          0          0          0       4280   usbh_ioreq.o
      1676         10          4         32          0      10593   usbh_msc.o
       586         28          0          0          0       4745   usbh_msc_bot.o
       784          0          0          0          0       6183   usbh_msc_scsi.o
       106          0          0          0          0       3310   usbh_pipes.o
       176         52          0         12       4652       2293   waveplayer.o

    ----------------------------------------------------------------------
     19872        720        680         68       8664     598951   Object Totals
         0          0         32          0          0          0   (incl. Generated)
        24          0          0          2          4          0   (incl. Padding)

    ----------------------------------------------------------------------

      Code (inc. data)   RO Data    RW Data    ZI Data      Debug   Library Member Name

         0          0          0          0          0          0   entry.o
         0          0          0          0          0          0   entry10a.o
         0          0          0          0          0          0   entry11a.o
         8          4          0          0          0          0   entry2.o
         4          0          0          0          0          0   entry5.o
         0          0          0          0          0          0   entry7b.o
         0          0          0          0          0          0   entry8b.o
         8          4          0          0          0          0   entry9a.o
        30          0          0          0          0          0   handlers.o
        36          8          0          0          0         68   init.o
       188         20          0          0          0        160   malloc.o
        36          0          0          0          0         68   memcpya.o
        36          0          0          0          0        108   memseta.o
         0          0          0          8          0          0   mvars.o
        50          8          0          0          0        152   printfb.o
         0          0          0          4          0          0   stdout.o

    ----------------------------------------------------------------------
       396         44          0         12          0        556   Library Totals
         0          0          0          0          0          0   (incl. Padding)

    ----------------------------------------------------------------------

      Code (inc. data)   RO Data    RW Data    ZI Data      Debug   Library Name

       396         44          0         12          0        556   mc_w.l

    ----------------------------------------------------------------------
       396         44          0         12          0        556   Library Totals

    ----------------------------------------------------------------------

==============================================================================


      Code (inc. data)   RO Data    RW Data    ZI Data      Debug   

     20268        764        680         80       8664     580303   Grand Totals
     20268        764        680         80       8664     580303   ELF Image Totals
     20268        764        680         80          0          0   ROM Totals

==============================================================================

    Total RO  Size (Code + RO Data)                20948 (  20.46kB)
    Total RW  Size (RW Data + ZI Data)              8744 (   8.54kB)
    Total ROM Size (Code + RO Data + RW Data)      21028 (  20.54kB)

==============================================================================

