Component: ARM Compiler 5.06 update 1 (build 61) Tool: armlink [4d35a8]

==============================================================================

Section Cross References

    stm32f4xx_hal_rcc.o(i.HAL_RCC_ClockConfig) refers to stm32f4xx_hal.o(i.HAL_GetTick) for HAL_GetTick
    stm32f4xx_hal_rcc.o(i.HAL_RCC_ClockConfig) refers to stm32f4xx_hal.o(i.HAL_InitTick) for HAL_InitTick
    stm32f4xx_hal_rcc.o(i.HAL_RCC_GetHCLKFreq) refers to stm32f4xx_hal_rcc.o(i.HAL_RCC_GetSysClockFreq) for HAL_RCC_GetSysClockFreq
    stm32f4xx_hal_rcc.o(i.HAL_RCC_GetHCLKFreq) refers to stm32f4xx_hal_rcc.o(.constdata) for .constdata
    stm32f4xx_hal_rcc.o(i.HAL_RCC_GetHCLKFreq) refers to system_stm32f4xx.o(.data) for SystemCoreClock
    stm32f4xx_hal_rcc.o(i.HAL_RCC_GetPCLK1Freq) refers to stm32f4xx_hal_rcc.o(i.HAL_RCC_GetHCLKFreq) for HAL_RCC_GetHCLKFreq
    stm32f4xx_hal_rcc.o(i.HAL_RCC_GetPCLK1Freq) refers to stm32f4xx_hal_rcc.o(.constdata) for .constdata
    stm32f4xx_hal_rcc.o(i.HAL_RCC_GetPCLK2Freq) refers to stm32f4xx_hal_rcc.o(i.HAL_RCC_GetHCLKFreq) for HAL_RCC_GetHCLKFreq
    stm32f4xx_hal_rcc.o(i.HAL_RCC_GetPCLK2Freq) refers to stm32f4xx_hal_rcc.o(.constdata) for .constdata
    stm32f4xx_hal_rcc.o(i.HAL_RCC_MCOConfig) refers to stm32f4xx_hal_gpio.o(i.HAL_GPIO_Init) for HAL_GPIO_Init
    stm32f4xx_hal_rcc.o(i.HAL_RCC_NMI_IRQHandler) refers to stm32f4xx_hal_rcc.o(i.HAL_RCC_CSSCallback) for HAL_RCC_CSSCallback
    stm32f4xx_hal_rcc.o(i.HAL_RCC_OscConfig) refers to stm32f4xx_hal.o(i.HAL_GetTick) for HAL_GetTick
    stm32f4xx_hal_pwr.o(i.HAL_PWR_PVD_IRQHandler) refers to stm32f4xx_hal_pwr.o(i.HAL_PWR_PVDCallback) for HAL_PWR_PVDCallback
    stm32f4xx_hal_flash.o(i.FLASH_SetErrorCode) refers to stm32f4xx_hal_flash.o(.bss) for .bss
    stm32f4xx_hal_flash.o(i.FLASH_WaitForLastOperation) refers to stm32f4xx_hal.o(i.HAL_GetTick) for HAL_GetTick
    stm32f4xx_hal_flash.o(i.FLASH_WaitForLastOperation) refers to stm32f4xx_hal_flash.o(i.FLASH_SetErrorCode) for FLASH_SetErrorCode
    stm32f4xx_hal_flash.o(i.FLASH_WaitForLastOperation) refers to stm32f4xx_hal_flash.o(.bss) for .bss
    stm32f4xx_hal_flash.o(i.HAL_FLASH_GetError) refers to stm32f4xx_hal_flash.o(.bss) for .bss
    stm32f4xx_hal_flash.o(i.HAL_FLASH_IRQHandler) refers to stm32f4xx_hal_flash.o(i.FLASH_SetErrorCode) for FLASH_SetErrorCode
    stm32f4xx_hal_flash.o(i.HAL_FLASH_IRQHandler) refers to stm32f4xx_hal_flash.o(i.HAL_FLASH_OperationErrorCallback) for HAL_FLASH_OperationErrorCallback
    stm32f4xx_hal_flash.o(i.HAL_FLASH_IRQHandler) refers to stm32f4xx_hal_flash.o(i.HAL_FLASH_EndOfOperationCallback) for HAL_FLASH_EndOfOperationCallback
    stm32f4xx_hal_flash.o(i.HAL_FLASH_IRQHandler) refers to stm32f4xx_hal_flash_ex.o(i.FLASH_Erase_Sector) for FLASH_Erase_Sector
    stm32f4xx_hal_flash.o(i.HAL_FLASH_IRQHandler) refers to stm32f4xx_hal_flash_ex.o(i.FLASH_FlushCaches) for FLASH_FlushCaches
    stm32f4xx_hal_flash.o(i.HAL_FLASH_IRQHandler) refers to stm32f4xx_hal_flash.o(.bss) for .bss
    stm32f4xx_hal_flash.o(i.HAL_FLASH_OB_Launch) refers to stm32f4xx_hal_flash.o(i.FLASH_WaitForLastOperation) for FLASH_WaitForLastOperation
    stm32f4xx_hal_flash.o(i.HAL_FLASH_Program) refers to stm32f4xx_hal_flash.o(i.FLASH_WaitForLastOperation) for FLASH_WaitForLastOperation
    stm32f4xx_hal_flash.o(i.HAL_FLASH_Program) refers to stm32f4xx_hal_flash.o(i.FLASH_Program_DoubleWord) for FLASH_Program_DoubleWord
    stm32f4xx_hal_flash.o(i.HAL_FLASH_Program) refers to stm32f4xx_hal_flash.o(i.FLASH_Program_Byte) for FLASH_Program_Byte
    stm32f4xx_hal_flash.o(i.HAL_FLASH_Program) refers to stm32f4xx_hal_flash.o(i.FLASH_Program_HalfWord) for FLASH_Program_HalfWord
    stm32f4xx_hal_flash.o(i.HAL_FLASH_Program) refers to stm32f4xx_hal_flash.o(i.FLASH_Program_Word) for FLASH_Program_Word
    stm32f4xx_hal_flash.o(i.HAL_FLASH_Program) refers to stm32f4xx_hal_flash.o(.bss) for .bss
    stm32f4xx_hal_flash.o(i.HAL_FLASH_Program_IT) refers to stm32f4xx_hal_flash.o(i.FLASH_Program_DoubleWord) for FLASH_Program_DoubleWord
    stm32f4xx_hal_flash.o(i.HAL_FLASH_Program_IT) refers to stm32f4xx_hal_flash.o(i.FLASH_Program_Byte) for FLASH_Program_Byte
    stm32f4xx_hal_flash.o(i.HAL_FLASH_Program_IT) refers to stm32f4xx_hal_flash.o(i.FLASH_Program_HalfWord) for FLASH_Program_HalfWord
    stm32f4xx_hal_flash.o(i.HAL_FLASH_Program_IT) refers to stm32f4xx_hal_flash.o(i.FLASH_Program_Word) for FLASH_Program_Word
    stm32f4xx_hal_flash.o(i.HAL_FLASH_Program_IT) refers to stm32f4xx_hal_flash.o(.bss) for .bss
    stm32f4xx_hal_rcc_ex.o(i.HAL_RCCEx_PeriphCLKConfig) refers to stm32f4xx_hal.o(i.HAL_GetTick) for HAL_GetTick
    stm32f4xx_hal_cortex.o(i.HAL_NVIC_SetPriority) refers to stm32f4xx_hal_cortex.o(i.NVIC_SetPriority) for NVIC_SetPriority
    stm32f4xx_hal_cortex.o(i.HAL_SYSTICK_Config) refers to stm32f4xx_hal_cortex.o(i.NVIC_SetPriority) for NVIC_SetPriority
    stm32f4xx_hal_cortex.o(i.HAL_SYSTICK_IRQHandler) refers to stm32f4xx_hal_cortex.o(i.HAL_SYSTICK_Callback) for HAL_SYSTICK_Callback
[...]
    Removing stm32f4xx_hal_pwr.o(i.HAL_PWR_EnableBkUpAccess), (24 bytes).
    Removing stm32f4xx_hal_pwr.o(i.HAL_PWR_EnablePVD), (24 bytes).
    Removing stm32f4xx_hal_pwr.o(i.HAL_PWR_EnableSEVOnPend), (16 bytes).
    Removing stm32f4xx_hal_pwr.o(i.HAL_PWR_EnableSleepOnExit), (16 bytes).
    Removing stm32f4xx_hal_pwr.o(i.HAL_PWR_EnableWakeUpPin), (16 bytes).
    Removing stm32f4xx_hal_pwr.o(i.HAL_PWR_EnterSLEEPMode), (32 bytes).
    Removing stm32f4xx_hal_pwr.o(i.HAL_PWR_EnterSTANDBYMode), (32 bytes).
    Removing stm32f4xx_hal_pwr.o(i.HAL_PWR_EnterSTOPMode), (56 bytes).
    Removing stm32f4xx_hal_pwr.o(i.HAL_PWR_PVDCallback), (2 bytes).
    Removing stm32f4xx_hal_pwr.o(i.HAL_PWR_PVD_IRQHandler), (28 bytes).
    Removing stm32f4xx_hal_flash.o(.rev16_text), (4 bytes).
    Removing stm32f4xx_hal_flash.o(.revsh_text), (4 bytes).
    Removing stm32f4xx_hal_flash.o(.rrx_text), (6 bytes).
    Removing stm32f4xx_hal_flash.o(i.FLASH_Program_Byte), (32 bytes).
    Removing stm32f4xx_hal_flash.o(i.FLASH_Program_DoubleWord), (40 bytes).
    Removing stm32f4xx_hal_flash.o(i.FLASH_Program_HalfWord), (36 bytes).
    Removing stm32f4xx_hal_flash.o(i.FLASH_Program_Word), (36 bytes).
    Removing stm32f4xx_hal_flash.o(i.FLASH_SetErrorCode), (136 bytes).
    Removing stm32f4xx_hal_flash.o(i.FLASH_WaitForLastOperation), (88 bytes).
    Removing stm32f4xx_hal_flash.o(i.HAL_FLASH_EndOfOperationCallback), (2 bytes).
    Removing stm32f4xx_hal_flash.o(i.HAL_FLASH_GetError), (12 bytes).
    Removing stm32f4xx_hal_flash.o(i.HAL_FLASH_IRQHandler), (208 bytes).
    Removing stm32f4xx_hal_flash.o(i.HAL_FLASH_Lock), (20 bytes).
    Removing stm32f4xx_hal_flash.o(i.HAL_FLASH_OB_Launch), (24 bytes).
    Removing stm32f4xx_hal_flash.o(i.HAL_FLASH_OB_Lock), (20 bytes).
    Removing stm32f4xx_hal_flash.o(i.HAL_FLASH_OB_Unlock), (40 bytes).
    Removing stm32f4xx_hal_flash.o(i.HAL_FLASH_OperationErrorCallback), (2 bytes).
    Removing stm32f4xx_hal_flash.o(i.HAL_FLASH_Program), (124 bytes).
    Removing stm32f4xx_hal_flash.o(i.HAL_FLASH_Program_IT), (108 bytes).
    Removing stm32f4xx_hal_flash.o(i.HAL_FLASH_Unlock), (40 bytes).
    Removing stm32f4xx_hal_flash.o(.bss), (32 bytes).
    Removing stm32f4xx_hal_rcc_ex.o(.rev16_text), (4 bytes).
    Removing stm32f4xx_hal_rcc_ex.o(.revsh_text), (4 bytes).
    Removing stm32f4xx_hal_rcc_ex.o(.rrx_text), (6 bytes).
    Removing stm32f4xx_hal_rcc_ex.o(i.HAL_RCCEx_GetPeriphCLKConfig), (228 bytes).
    Removing stm32f4xx_hal_rcc_ex.o(i.HAL_RCC_DeInit), (88 bytes).
    Removing stm32f4xx_hal_cortex.o(.rev16_text), (4 bytes).
    Removing stm32f4xx_hal_cortex.o(.revsh_text), (4 bytes).
    Removing stm32f4xx_hal_cortex.o(.rrx_text), (6 bytes).
    Removing stm32f4xx_hal_cortex.o(i.HAL_MPU_ConfigRegion), (84 bytes).
    Removing stm32f4xx_hal_cortex.o(i.HAL_NVIC_ClearPendingIRQ), (22 bytes).
    Removing stm32f4xx_hal_cortex.o(i.HAL_NVIC_DisableIRQ), (22 bytes).
    Removing stm32f4xx_hal_cortex.o(i.HAL_NVIC_GetActive), (32 bytes).
    Removing stm32f4xx_hal_cortex.o(i.HAL_NVIC_GetPendingIRQ), (32 bytes).
    Removing stm32f4xx_hal_cortex.o(i.HAL_NVIC_GetPriority), (82 bytes).
    Removing stm32f4xx_hal_cortex.o(i.HAL_NVIC_GetPriorityGrouping), (16 bytes).
    Removing stm32f4xx_hal_cortex.o(i.HAL_NVIC_SetPendingIRQ), (22 bytes).
    Removing stm32f4xx_hal_cortex.o(i.HAL_NVIC_SystemReset), (36 bytes).
    Removing stm32f4xx_hal_dma_ex.o(.rev16_text), (4 bytes).
    Removing stm32f4xx_hal_dma_ex.o(.revsh_text), (4 bytes).
    Removing stm32f4xx_hal_dma_ex.o(.rrx_text), (6 bytes).
    Removing stm32f4xx_hal_dma_ex.o(i.DMA_MultiBufferSetConfig), (30 bytes).
    Removing stm32f4xx_hal_dma_ex.o(i.HAL_DMAEx_ChangeMemory), (14 bytes).
    Removing stm32f4xx_hal_dma_ex.o(i.HAL_DMAEx_MultiBufferStart), (92 bytes).
    Removing stm32f4xx_hal_dma_ex.o(i.HAL_DMAEx_MultiBufferStart_IT), (142 bytes).
    Removing stm32f4xx_hal_pwr_ex.o(.rev16_text), (4 bytes).
    Removing stm32f4xx_hal_pwr_ex.o(.revsh_text), (4 bytes).
    Removing stm32f4xx_hal_pwr_ex.o(.rrx_text), (6 bytes).
    Removing stm32f4xx_hal_pwr_ex.o(i.HAL_PWREx_ControlVoltageScaling), (176 bytes).
    Removing stm32f4xx_hal_pwr_ex.o(i.HAL_PWREx_DisableBkUpReg), (76 bytes).
    Removing stm32f4xx_hal_pwr_ex.o(i.HAL_PWREx_DisableFlashPowerDown), (28 bytes).
    Removing stm32f4xx_hal_pwr_ex.o(i.HAL_PWREx_DisableOverDrive), (140 bytes).
    Removing stm32f4xx_hal_pwr_ex.o(i.HAL_PWREx_EnableBkUpReg), (76 bytes).
    Removing stm32f4xx_hal_pwr_ex.o(i.HAL_PWREx_EnableFlashPowerDown), (24 bytes).
    Removing stm32f4xx_hal_pwr_ex.o(i.HAL_PWREx_EnableOverDrive), (140 bytes).
    Removing stm32f4xx_hal_pwr_ex.o(i.HAL_PWREx_EnterUnderDriveSTOPMode), (140 bytes).
    Removing stm32f4xx_hal_pwr_ex.o(i.HAL_PWREx_GetVoltageRange), (16 bytes).
    Removing stm32f4xx_hal_i2s_ex.o(.rev16_text), (4 bytes).
    Removing stm32f4xx_hal_i2s_ex.o(.revsh_text), (4 bytes).
    Removing stm32f4xx_hal_i2s_ex.o(.rrx_text), (6 bytes).
    Removing stm32f4xx_hal_i2s_ex.o(i.HAL_I2SEx_TransmitReceive), (488 bytes).
    Removing stm32f4xx_hal_i2s_ex.o(i.HAL_I2SEx_TransmitReceive_DMA), (460 bytes).
    Removing stm32f4xx_hal_i2s_ex.o(i.HAL_I2SEx_TransmitReceive_IT), (372 bytes).
    Removing stm32f4xx_hal_i2s_ex.o(i.HAL_I2S_DMAPause), (172 bytes).
    Removing stm32f4xx_hal_i2s_ex.o(i.HAL_I2S_DMAResume), (188 bytes).
    Removing stm32f4xx_hal_i2s_ex.o(i.HAL_I2S_IRQHandler), (504 bytes).
    Removing stm32f4xx_hal_i2s_ex.o(i.I2SEx_TransmitReceive_IT), (392 bytes).
    Removing stm32f4xx_hal_i2s_ex.o(i.I2S_DMARxCplt), (104 bytes).
    Removing stm32f4xx_hal.o(.rev16_text), (4 bytes).
    Removing stm32f4xx_hal.o(.revsh_text), (4 bytes).
    Removing stm32f4xx_hal.o(.rrx_text), (6 bytes).
    Removing stm32f4xx_hal.o(i.HAL_DBGMCU_DisableDBGSleepMode), (16 bytes).
    Removing stm32f4xx_hal.o(i.HAL_DBGMCU_DisableDBGStandbyMode), (16 bytes).
    Removing stm32f4xx_hal.o(i.HAL_DBGMCU_DisableDBGStopMode), (16 bytes).
    Removing stm32f4xx_hal.o(i.HAL_DBGMCU_EnableDBGSleepMode), (16 bytes).
    Removing stm32f4xx_hal.o(i.HAL_DBGMCU_EnableDBGStandbyMode), (16 bytes).
    Removing stm32f4xx_hal.o(i.HAL_DBGMCU_EnableDBGStopMode), (16 bytes).
    Removing stm32f4xx_hal.o(i.HAL_DeInit), (52 bytes).
    Removing stm32f4xx_hal.o(i.HAL_DisableCompensationCell), (28 bytes).
    Removing stm32f4xx_hal.o(i.HAL_DisableMemorySwappingBank), (28 bytes).
    Removing stm32f4xx_hal.o(i.HAL_EnableCompensationCell), (28 bytes).
    Removing stm32f4xx_hal.o(i.HAL_EnableMemorySwappingBank), (24 bytes).
    Removing stm32f4xx_hal.o(i.HAL_GetDEVID), (16 bytes).
    Removing stm32f4xx_hal.o(i.HAL_GetHalVersion), (8 bytes).
    Removing stm32f4xx_hal.o(i.HAL_GetREVID), (12 bytes).
    Removing stm32f4xx_hal.o(i.HAL_MspDeInit), (2 bytes).
    Removing stm32f4xx_hal.o(i.HAL_MspInit), (2 bytes).
    Removing stm32f4xx_hal.o(i.HAL_ResumeTick), (14 bytes).
    Removing stm32f4xx_hal.o(i.HAL_SuspendTick), (14 bytes).
    Removing stm32f4xx_hal_flash_ex.o(.rev16_text), (4 bytes).
    Removing stm32f4xx_hal_flash_ex.o(.revsh_text), (4 bytes).
    Removing stm32f4xx_hal_flash_ex.o(.rrx_text), (6 bytes).
    Removing stm32f4xx_hal_flash_ex.o(i.FLASH_Erase_Sector), (96 bytes).
    Removing stm32f4xx_hal_flash_ex.o(i.FLASH_FlushCaches), (84 bytes).
    Removing stm32f4xx_hal_flash_ex.o(i.FLASH_MassErase), (60 bytes).
    Removing stm32f4xx_hal_flash_ex.o(i.FLASH_OB_DisableWRP), (112 bytes).
    Removing stm32f4xx_hal_flash_ex.o(i.FLASH_OB_EnableWRP), (116 bytes).
    Removing stm32f4xx_hal_flash_ex.o(i.HAL_FLASHEx_AdvOBGetConfig), (28 bytes).
    Removing stm32f4xx_hal_flash_ex.o(i.HAL_FLASHEx_AdvOBProgram), (188 bytes).
    Removing stm32f4xx_hal_flash_ex.o(i.HAL_FLASHEx_Erase), (156 bytes).
    Removing stm32f4xx_hal_flash_ex.o(i.HAL_FLASHEx_Erase_IT), (104 bytes).
    Removing stm32f4xx_hal_flash_ex.o(i.HAL_FLASHEx_OBGetConfig), (64 bytes).
    Removing stm32f4xx_hal_flash_ex.o(i.HAL_FLASHEx_OBProgram), (184 bytes).
    Removing stm32f4xx_hal_flash_ex.o(i.HAL_FLASHEx_OB_DeSelectPCROP), (20 bytes).
    Removing stm32f4xx_hal_flash_ex.o(i.HAL_FLASHEx_OB_GetBank2WRP), (12 bytes).
    Removing stm32f4xx_hal_flash_ex.o(i.HAL_FLASHEx_OB_SelectPCROP), (24 bytes).
    Removing stm32f4xx_hal_gpio.o(.rev16_text), (4 bytes).
    Removing stm32f4xx_hal_gpio.o(.revsh_text), (4 bytes).
    Removing stm32f4xx_hal_gpio.o(.rrx_text), (6 bytes).
    Removing stm32f4xx_hal_gpio.o(i.HAL_GPIO_DeInit), (368 bytes).
    Removing stm32f4xx_hal_gpio.o(i.HAL_GPIO_EXTI_Callback), (2 bytes).
    Removing stm32f4xx_hal_gpio.o(i.HAL_GPIO_EXTI_IRQHandler), (24 bytes).
    Removing stm32f4xx_hal_gpio.o(i.HAL_GPIO_LockPin), (34 bytes).
    Removing stm32f4xx_hal_gpio.o(i.HAL_GPIO_ReadPin), (10 bytes).
    Removing stm32f4xx_hal_gpio.o(i.HAL_GPIO_TogglePin), (8 bytes).
    Removing stm32f4xx_hal_gpio.o(i.HAL_GPIO_WritePin), (10 bytes).
    Removing stm32f4xx_hal_flash_ramfunc.o(.rev16_text), (4 bytes).
    Removing stm32f4xx_hal_flash_ramfunc.o(.revsh_text), (4 bytes).
    Removing stm32f4xx_hal_flash_ramfunc.o(.rrx_text), (6 bytes).
    Removing stm32f4xx_hal_i2s.o(.rev16_text), (4 bytes).
    Removing stm32f4xx_hal_i2s.o(.revsh_text), (4 bytes).
    Removing stm32f4xx_hal_i2s.o(.rrx_text), (6 bytes).
    Removing stm32f4xx_hal_i2s.o(i.HAL_I2S_DMAPause), (88 bytes).
    Removing stm32f4xx_hal_i2s.o(i.HAL_I2S_DMAResume), (104 bytes).
    Removing stm32f4xx_hal_i2s.o(i.HAL_I2S_DMAStop), (80 bytes).
    Removing stm32f4xx_hal_i2s.o(i.HAL_I2S_DeInit), (36 bytes).
    Removing stm32f4xx_hal_i2s.o(i.HAL_I2S_GetError), (4 bytes).
    Removing stm32f4xx_hal_i2s.o(i.HAL_I2S_GetState), (6 bytes).
    Removing stm32f4xx_hal_i2s.o(i.HAL_I2S_IRQHandler), (150 bytes).
    Removing stm32f4xx_hal_i2s.o(i.HAL_I2S_Init), (202 bytes).
    Removing stm32f4xx_hal_i2s.o(i.HAL_I2S_MspDeInit), (2 bytes).
    Removing stm32f4xx_hal_i2s.o(i.HAL_I2S_MspInit), (2 bytes).
    Removing stm32f4xx_hal_i2s.o(i.HAL_I2S_Receive), (176 bytes).
    Removing stm32f4xx_hal_i2s.o(i.HAL_I2S_Receive_DMA), (192 bytes).
    Removing stm32f4xx_hal_i2s.o(i.HAL_I2S_Receive_IT), (114 bytes).
    Removing stm32f4xx_hal_i2s.o(i.HAL_I2S_RxCpltCallback), (2 bytes).
    Removing stm32f4xx_hal_i2s.o(i.HAL_I2S_RxHalfCpltCallback), (2 bytes).
    Removing stm32f4xx_hal_i2s.o(i.HAL_I2S_Transmit), (192 bytes).
    Removing stm32f4xx_hal_i2s.o(i.HAL_I2S_Transmit_IT), (114 bytes).
    Removing stm32f4xx_hal_i2s.o(i.HAL_I2S_TxCpltCallback), (2 bytes).
    Removing stm32f4xx_hal_i2s.o(i.HAL_I2S_TxHalfCpltCallback), (2 bytes).
    Removing stm32f4xx_hal_i2s.o(i.I2S_DMARxHalfCplt), (10 bytes).
    Removing stm32f4xx_hal_i2s.o(i.I2S_Receive_IT), (100 bytes).
    Removing stm32f4xx_hal_i2s.o(i.I2S_Transmit_IT), (84 bytes).
    Removing stm32f4xx_hal_i2s.o(i.I2S_WaitFlagStateUntilTimeout), (106 bytes).
    Removing stm32f4xx_hal_dma.o(.rev16_text), (4 bytes).
    Removing stm32f4xx_hal_dma.o(.revsh_text), (4 bytes).
    Removing stm32f4xx_hal_dma.o(.rrx_text), (6 bytes).
    Removing stm32f4xx_hal_dma.o(i.HAL_DMA_DeInit), (86 bytes).
    Removing stm32f4xx_hal_dma.o(i.HAL_DMA_GetError), (4 bytes).
    Removing stm32f4xx_hal_dma.o(i.HAL_DMA_GetState), (6 bytes).
    Removing stm32f4xx_hal_dma.o(i.HAL_DMA_PollForTransfer), (336 bytes).
    Removing stm32f4xx_hal_dma.o(i.HAL_DMA_Start), (58 bytes).
    Removing stm32f4xx_hal_hcd.o(.rev16_text), (4 bytes).
    Removing stm32f4xx_hal_hcd.o(.revsh_text), (4 bytes).
    Removing stm32f4xx_hal_hcd.o(.rrx_text), (6 bytes).
    Removing stm32f4xx_ll_usb.o(.rev16_text), (4 bytes).
    Removing stm32f4xx_ll_usb.o(.revsh_text), (4 bytes).
    Removing stm32f4xx_ll_usb.o(.rrx_text), (6 bytes).
    Removing stm32f4xx_hal_spi.o(.rev16_text), (4 bytes).
    Removing stm32f4xx_hal_spi.o(.revsh_text), (4 bytes).
    Removing stm32f4xx_hal_spi.o(.rrx_text), (6 bytes).
    Removing stm32f4xx_ll_sdmmc.o(.rev16_text), (4 bytes).
    Removing stm32f4xx_ll_sdmmc.o(.revsh_text), (4 bytes).
    Removing stm32f4xx_ll_sdmmc.o(.rrx_text), (6 bytes).
    Removing stm32f4xx_ll_sdmmc.o(i.SDIO_GetDataCounter), (4 bytes).
    Removing stm32f4xx_ll_sdmmc.o(i.SDIO_GetFIFOCount), (6 bytes).
    Removing stm32f4xx_ll_sdmmc.o(i.SDIO_PowerState_OFF), (8 bytes).
    Removing stm32f4xx_ll_sdmmc.o(i.SDIO_SetSDIOReadWaitMode), (12 bytes).
    Removing stm32f4xx_hal_sd.o(.rev16_text), (4 bytes).
    Removing stm32f4xx_hal_sd.o(.revsh_text), (4 bytes).
    Removing stm32f4xx_hal_sd.o(.rrx_text), (6 bytes).
    Removing stm32f4xx_hal_sd.o(i.HAL_SD_CheckReadOperation), (94 bytes).
    Removing stm32f4xx_hal_sd.o(i.HAL_SD_CheckWriteOperation), (108 bytes).
    Removing stm32f4xx_hal_sd.o(i.HAL_SD_DMA_RxCpltCallback), (2 bytes).
    Removing stm32f4xx_hal_sd.o(i.HAL_SD_DMA_RxErrorCallback), (2 bytes).
    Removing stm32f4xx_hal_sd.o(i.HAL_SD_DMA_TxCpltCallback), (2 bytes).
    Removing stm32f4xx_hal_sd.o(i.HAL_SD_DMA_TxErrorCallback), (2 bytes).
    Removing stm32f4xx_hal_sd.o(i.HAL_SD_DeInit), (20 bytes).
    Removing stm32f4xx_hal_sd.o(i.HAL_SD_Erase), (248 bytes).
    Removing stm32f4xx_hal_sd.o(i.HAL_SD_GetCardStatus), (114 bytes).
    Removing stm32f4xx_hal_sd.o(i.HAL_SD_HighSpeed), (304 bytes).
    Removing stm32f4xx_hal_sd.o(i.HAL_SD_IRQHandler), (124 bytes).
    Removing stm32f4xx_hal_sd.o(i.HAL_SD_MspDeInit), (2 bytes).
    Removing stm32f4xx_hal_sd.o(i.HAL_SD_MspInit), (2 bytes).
    Removing stm32f4xx_hal_sd.o(i.HAL_SD_ReadBlocks_DMA), (240 bytes).
    Removing stm32f4xx_hal_sd.o(i.HAL_SD_SendSDStatus), (296 bytes).
    Removing stm32f4xx_hal_sd.o(i.HAL_SD_WideBusOperation_Config), (94 bytes).
    Removing stm32f4xx_hal_sd.o(i.HAL_SD_WriteBlocks_DMA), (244 bytes).
    Removing stm32f4xx_hal_sd.o(i.HAL_SD_XferCpltCallback), (2 bytes).
    Removing stm32f4xx_hal_sd.o(i.HAL_SD_XferErrorCallback), (2 bytes).
    Removing stm32f4xx_hal_sd.o(i.SD_DMA_RxCplt), (26 bytes).
    Removing stm32f4xx_hal_sd.o(i.SD_DMA_RxError), (12 bytes).
    Removing stm32f4xx_hal_sd.o(i.SD_DMA_TxCplt), (26 bytes).
    Removing stm32f4xx_hal_sd.o(i.SD_DMA_TxError), (12 bytes).
    Removing stm32f4xx_hal_sd.o(i.SD_FindSCR), (266 bytes).
    Removing stm32f4xx_hal_sd.o(i.SD_WideBus_Disable), (114 bytes).
    Removing stm32f4xx_hal_sd.o(i.SD_WideBus_Enable), (116 bytes).
    Removing stm32f4xx_hal_msp.o(.rev16_text), (4 bytes).
    Removing stm32f4xx_hal_msp.o(.revsh_text), (4 bytes).
    Removing stm32f4xx_hal_msp.o(.rrx_text), (6 bytes).
    Removing stm32f4xx_hal_msp.o(i.HAL_I2S_MspDeInit), (68 bytes).
    Removing stm32f4xx_hal_msp.o(i.HAL_SD_MspDeInit), (60 bytes).
    Removing main.o(.rev16_text), (4 bytes).
    Removing main.o(.revsh_text), (4 bytes).
    Removing main.o(.rrx_text), (6 bytes).
    Removing stm32f4xx_it.o(.rev16_text), (4 bytes).
    Removing stm32f4xx_it.o(.revsh_text), (4 bytes).
    Removing stm32f4xx_it.o(.rrx_text), (6 bytes).
    Removing debug.o(.rev16_text), (4 bytes).
    Removing debug.o(.revsh_text), (4 bytes).
    Removing debug.o(.rrx_text), (6 bytes).
    Removing waveplayer.o(.rev16_text), (4 bytes).
    Removing waveplayer.o(.revsh_text), (4 bytes).
    Removing waveplayer.o(.rrx_text), (6 bytes).
    Removing bsp_driver_sd.o(.rev16_text), (4 bytes).
    Removing bsp_driver_sd.o(.revsh_text), (4 bytes).
    Removing bsp_driver_sd.o(.rrx_text), (6 bytes).
    Removing bsp_driver_sd.o(i.BSP_SD_DMA_Rx_IRQHandler), (12 bytes).
    Removing bsp_driver_sd.o(i.BSP_SD_DMA_Tx_IRQHandler), (12 bytes).
    Removing bsp_driver_sd.o(i.BSP_SD_DetectCallback), (2 bytes).
    Removing bsp_driver_sd.o(i.BSP_SD_DetectIT), (2 bytes).
    Removing bsp_driver_sd.o(i.BSP_SD_Erase), (28 bytes).
    Removing bsp_driver_sd.o(i.BSP_SD_IRQHandler), (12 bytes).
    Removing bsp_driver_sd.o(i.BSP_SD_ITConfig), (4 bytes).
    Removing bsp_driver_sd.o(i.BSP_SD_IsDetected), (14 bytes).
    Removing bsp_driver_sd.o(i.BSP_SD_ReadBlocks_DMA), (52 bytes).
    Removing bsp_driver_sd.o(i.BSP_SD_WriteBlocks_DMA), (52 bytes).
    Removing fatfs.o(.rev16_text), (4 bytes).
    Removing fatfs.o(.revsh_text), (4 bytes).
    Removing fatfs.o(.rrx_text), (6 bytes).
    Removing startup_stm32f429xx.o(HEAP), (512 bytes).
    Removing system_stm32f4xx.o(.rev16_text), (4 bytes).
    Removing system_stm32f4xx.o(.revsh_text), (4 bytes).
    Removing system_stm32f4xx.o(.rrx_text), (6 bytes).
    Removing system_stm32f4xx.o(i.SystemCoreClockUpdate), (124 bytes).
    Removing system_stm32f4xx.o(.constdata), (16 bytes).
    Removing ff.o(.rev16_text), (4 bytes).
    Removing ff.o(.revsh_text), (4 bytes).
    Removing ff.o(.rrx_text), (6 bytes).
    Removing ff.o(i.dec_lock), (60 bytes).
    Removing ff.o(i.dir_read), (102 bytes).
    Removing ff.o(i.dir_remove), (66 bytes).
    Removing ff.o(i.f_chmod), (82 bytes).
    Removing ff.o(i.f_close), (42 bytes).
    Removing ff.o(i.f_closedir), (36 bytes).
    Removing ff.o(i.f_getfree), (200 bytes).
    Removing ff.o(i.f_gets), (72 bytes).
    Removing ff.o(i.f_lseek), (644 bytes).
    Removing ff.o(i.f_mkdir), (356 bytes).
    Removing ff.o(i.f_mkfs), (1334 bytes).
    Removing ff.o(i.f_opendir), (148 bytes).
    Removing ff.o(i.f_printf), (490 bytes).
    Removing ff.o(i.f_putc), (60 bytes).
    Removing ff.o(i.f_puts), (70 bytes).
    Removing ff.o(i.f_readdir), (82 bytes).
    Removing ff.o(i.f_rename), (298 bytes).
    Removing ff.o(i.f_stat), (64 bytes).
    Removing ff.o(i.f_sync), (184 bytes).
    Removing ff.o(i.f_truncate), (216 bytes).
    Removing ff.o(i.f_unlink), (170 bytes).
    Removing ff.o(i.f_utime), (86 bytes).
    Removing ff.o(i.f_write), (470 bytes).
    Removing ff.o(i.get_fileinfo), (80 bytes).
    Removing ff.o(i.putc_bfd), (70 bytes).
    Removing ff.o(i.sync_fs), (182 bytes).
    Removing diskio.o(.rev16_text), (4 bytes).
    Removing diskio.o(.revsh_text), (4 bytes).
    Removing diskio.o(.rrx_text), (6 bytes).
    Removing diskio.o(i.disk_ioctl), (28 bytes).
    Removing diskio.o(i.get_fattime), (4 bytes).
    Removing sd_diskio.o(.rev16_text), (4 bytes).
    Removing sd_diskio.o(.revsh_text), (4 bytes).
    Removing sd_diskio.o(.rrx_text), (6 bytes).
    Removing syscall.o(.rev16_text), (4 bytes).
    Removing syscall.o(.revsh_text), (4 bytes).
    Removing syscall.o(.rrx_text), (6 bytes).
    Removing ff_gen_drv.o(.rev16_text), (4 bytes).
    Removing ff_gen_drv.o(.revsh_text), (4 bytes).
    Removing ff_gen_drv.o(.rrx_text), (6 bytes).
    Removing ff_gen_drv.o(i.FATFS_GetAttachedDriversNbr), (12 bytes).
    Removing ff_gen_drv.o(i.FATFS_UnLinkDriver), (6 bytes).
    Removing ff_gen_drv.o(i.FATFS_UnLinkDriverEx), (52 bytes).
    Removing dadd.o(.text), (334 bytes).
    Removing dmul.o(.text), (228 bytes).
    Removing ddiv.o(.text), (222 bytes).
    Removing dfixul.o(.text), (48 bytes).
    Removing cdrcmple.o(.text), (48 bytes).
    Removing depilogue.o(.text), (186 bytes).

323 unused section(s) (total 22070 bytes) removed from the image.

==============================================================================

Image Symbol Table

    Local Symbols

    Symbol Name                              Value     Ov Type        Size  Object(Section)

    ../Drivers/CMSIS/Device/ST/STM32F4xx/Source/Templates/arm/startup_stm32f429xx.s 0x00000000   Number         0  startup_stm32f429xx.o ABSOLUTE
    ../Drivers/CMSIS/Device/ST/STM32F4xx/Source/Templates/system_stm32f4xx.c 0x00000000   Number         0  system_stm32f4xx.o ABSOLUTE
    ../Drivers/STM32F4xx_HAL_Driver/Src/stm32f4xx_hal.c 0x00000000   Number         0  stm32f4xx_hal.o ABSOLUTE
    ../Drivers/STM32F4xx_HAL_Driver/Src/stm32f4xx_hal_cortex.c 0x00000000   Number         0  stm32f4xx_hal_cortex.o ABSOLUTE
    ../Drivers/STM32F4xx_HAL_Driver/Src/stm32f4xx_hal_dma.c 0x00000000   Number         0  stm32f4xx_hal_dma.o ABSOLUTE
    ../Drivers/STM32F4xx_HAL_Driver/Src/stm32f4xx_hal_dma_ex.c 0x00000000   Number         0  stm32f4xx_hal_dma_ex.o ABSOLUTE
    ../Drivers/STM32F4xx_HAL_Driver/Src/stm32f4xx_hal_flash.c 0x00000000   Number         0  stm32f4xx_hal_flash.o ABSOLUTE
    ../Drivers/STM32F4xx_HAL_Driver/Src/stm32f4xx_hal_flash_ex.c 0x00000000   Number         0  stm32f4xx_hal_flash_ex.o ABSOLUTE
    ../Drivers/STM32F4xx_HAL_Driver/Src/stm32f4xx_hal_flash_ramfunc.c 0x00000000   Number         0  stm32f4xx_hal_flash_ramfunc.o ABSOLUTE
    ../Drivers/STM32F4xx_HAL_Driver/Src/stm32f4xx_hal_gpio.c 0x00000000   Number         0  stm32f4xx_hal_gpio.o ABSOLUTE
    ../Drivers/STM32F4xx_HAL_Driver/Src/stm32f4xx_hal_hcd.c 0x00000000   Number         0  stm32f4xx_hal_hcd.o ABSOLUTE
    ../Drivers/STM32F4xx_HAL_Driver/Src/stm32f4xx_hal_i2s.c 0x00000000   Number         0  stm32f4xx_hal_i2s.o ABSOLUTE
    ../Drivers/STM32F4xx_HAL_Driver/Src/stm32f4xx_hal_i2s_ex.c 0x00000000   Number         0  stm32f4xx_hal_i2s_ex.o ABSOLUTE
    ../Drivers/STM32F4xx_HAL_Driver/Src/stm32f4xx_hal_pwr.c 0x00000000   Number         0  stm32f4xx_hal_pwr.o ABSOLUTE
    ../Drivers/STM32F4xx_HAL_Driver/Src/stm32f4xx_hal_pwr_ex.c 0x00000000   Number         0  stm32f4xx_hal_pwr_ex.o ABSOLUTE
    ../Drivers/STM32F4xx_HAL_Driver/Src/stm32f4xx_hal_rcc.c 0x00000000   Number         0  stm32f4xx_hal_rcc.o ABSOLUTE
    ../Drivers/STM32F4xx_HAL_Driver/Src/stm32f4xx_hal_rcc_ex.c 0x00000000   Number         0  stm32f4xx_hal_rcc_ex.o ABSOLUTE
    ../Drivers/STM32F4xx_HAL_Driver/Src/stm32f4xx_hal_sd.c 0x00000000   Number         0  stm32f4xx_hal_sd.o ABSOLUTE
    ../Drivers/STM32F4xx_HAL_Driver/Src/stm32f4xx_hal_spi.c 0x00000000   Number         0  stm32f4xx_hal_spi.o ABSOLUTE
    ../Drivers/STM32F4xx_HAL_Driver/Src/stm32f4xx_ll_sdmmc.c 0x00000000   Number         0  stm32f4xx_ll_sdmmc.o ABSOLUTE
    ../Drivers/STM32F4xx_HAL_Driver/Src/stm32f4xx_ll_usb.c 0x00000000   Number         0  stm32f4xx_ll_usb.o ABSOLUTE
    ../Middlewares/Third_Party/FatFs/src/diskio.c 0x00000000   Number         0  diskio.o ABSOLUTE
    ../Middlewares/Third_Party/FatFs/src/drivers/sd_diskio.c 0x00000000   Number         0  sd_diskio.o ABSOLUTE
    ../Middlewares/Third_Party/FatFs/src/ff.c 0x00000000   Number         0  ff.o ABSOLUTE
    ../Middlewares/Third_Party/FatFs/src/ff_gen_drv.c 0x00000000   Number         0  ff_gen_drv.o ABSOLUTE
    ../Middlewares/Third_Party/FatFs/src/option/syscall.c 0x00000000   Number         0  syscall.o ABSOLUTE
    ../Src/bsp_driver_sd.c                   0x00000000   Number         0  bsp_driver_sd.o ABSOLUTE
    ../Src/fatfs.c                           0x00000000   Number         0  fatfs.o ABSOLUTE
    ../Src/main.c                            0x00000000   Number         0  main.o ABSOLUTE
    ../Src/stm32f4xx_hal_msp.c               0x00000000   Number         0  stm32f4xx_hal_msp.o ABSOLUTE
    ../Src/stm32f4xx_it.c                    0x00000000   Number         0  stm32f4xx_it.o ABSOLUTE
    ../clib/microlib/division.c              0x00000000   Number         0  uidiv.o ABSOLUTE
    ../clib/microlib/division.c              0x00000000   Number         0  uldiv.o ABSOLUTE
    ../clib/microlib/init/entry.s            0x00000000   Number         0  entry11a.o ABSOLUTE
    ../clib/microlib/init/entry.s            0x00000000   Number         0  entry11b.o ABSOLUTE
    ../clib/microlib/init/entry.s            0x00000000   Number         0  entry10b.o ABSOLUTE
    ../clib/microlib/init/entry.s            0x00000000   Number         0  entry10a.o ABSOLUTE
    ../clib/microlib/init/entry.s            0x00000000   Number         0  entry.o ABSOLUTE
    ../clib/microlib/init/entry.s            0x00000000   Number         0  entry7a.o ABSOLUTE
    ../clib/microlib/init/entry.s            0x00000000   Number         0  entry5.o ABSOLUTE
    ../clib/microlib/init/entry.s            0x00000000   Number         0  entry2.o ABSOLUTE
    ../clib/microlib/init/entry.s            0x00000000   Number         0  entry9b.o ABSOLUTE
    ../clib/microlib/init/entry.s            0x00000000   Number         0  entry7b.o ABSOLUTE
    ../clib/microlib/init/entry.s            0x00000000   Number         0  entry8b.o ABSOLUTE
    ../clib/microlib/init/entry.s            0x00000000   Number         0  entry8a.o ABSOLUTE
    ../clib/microlib/init/entry.s            0x00000000   Number         0  entry9a.o ABSOLUTE
    ../clib/microlib/longlong.c              0x00000000   Number         0  llsshr.o ABSOLUTE
    ../clib/microlib/longlong.c              0x00000000   Number         0  llushr.o ABSOLUTE
    ../clib/microlib/longlong.c              0x00000000   Number         0  llshl.o ABSOLUTE
    ../clib/microlib/printf/printf.c         0x00000000   Number         0  printf6.o ABSOLUTE
    ../clib/microlib/printf/printf.c         0x00000000   Number         0  printf5.o ABSOLUTE
    ../clib/microlib/printf/printf.c         0x00000000   Number         0  printf4.o ABSOLUTE
    ../clib/microlib/printf/printf.c         0x00000000   Number         0  printf3.o ABSOLUTE
    ../clib/microlib/printf/printf.c         0x00000000   Number         0  printf2.o ABSOLUTE
    ../clib/microlib/printf/printf.c         0x00000000   Number         0  printf0.o ABSOLUTE
    ../clib/microlib/printf/printf.c         0x00000000   Number         0  printfb.o ABSOLUTE
    ../clib/microlib/printf/printf.c         0x00000000   Number         0  printfa.o ABSOLUTE
    ../clib/microlib/printf/printf.c         0x00000000   Number         0  printf8.o ABSOLUTE
    ../clib/microlib/printf/printf.c         0x00000000   Number         0  printf7.o ABSOLUTE
    ../clib/microlib/printf/printf.c         0x00000000   Number         0  printf1.o ABSOLUTE
    ../clib/microlib/stdio/streams.c         0x00000000   Number         0  stdout.o ABSOLUTE
    ../clib/microlib/string/memset.c         0x00000000   Number         0  memseta.o ABSOLUTE
    ../clib/microlib/stubs.s                 0x00000000   Number         0  iusefp.o ABSOLUTE
    ../fplib/microlib/fpadd.c                0x00000000   Number         0  dadd.o ABSOLUTE
    ../fplib/microlib/fpdiv.c                0x00000000   Number         0  ddiv.o ABSOLUTE
    ../fplib/microlib/fpepilogue.c           0x00000000   Number         0  depilogue.o ABSOLUTE
    ../fplib/microlib/fpfix.c                0x00000000   Number         0  dfixul.o ABSOLUTE
    ../fplib/microlib/fpmul.c                0x00000000   Number         0  dmul.o ABSOLUTE
    ..\Drivers\CMSIS\Device\ST\STM32F4xx\Source\Templates\system_stm32f4xx.c 0x00000000   Number         0  system_stm32f4xx.o ABSOLUTE
    ..\Drivers\STM32F4xx_HAL_Driver\Src\stm32f4xx_hal.c 0x00000000   Number         0  stm32f4xx_hal.o ABSOLUTE
    ..\Drivers\STM32F4xx_HAL_Driver\Src\stm32f4xx_hal_cortex.c 0x00000000   Number         0  stm32f4xx_hal_cortex.o ABSOLUTE
    ..\Drivers\STM32F4xx_HAL_Driver\Src\stm32f4xx_hal_dma.c 0x00000000   Number         0  stm32f4xx_hal_dma.o ABSOLUTE
    ..\Drivers\STM32F4xx_HAL_Driver\Src\stm32f4xx_hal_dma_ex.c 0x00000000   Number         0  stm32f4xx_hal_dma_ex.o ABSOLUTE
    ..\Drivers\STM32F4xx_HAL_Driver\Src\stm32f4xx_hal_flash.c 0x00000000   Number         0  stm32f4xx_hal_flash.o ABSOLUTE
    ..\Drivers\STM32F4xx_HAL_Driver\Src\stm32f4xx_hal_flash_ex.c 0x00000000   Number         0  stm32f4xx_hal_flash_ex.o ABSOLUTE
    ..\Drivers\STM32F4xx_HAL_Driver\Src\stm32f4xx_hal_flash_ramfunc.c 0x00000000   Number         0  stm32f4xx_hal_flash_ramfunc.o ABSOLUTE
    ..\Drivers\STM32F4xx_HAL_Driver\Src\stm32f4xx_hal_gpio.c 0x00000000   Number         0  stm32f4xx_hal_gpio.o ABSOLUTE
    ..\Drivers\STM32F4xx_HAL_Driver\Src\stm32f4xx_hal_hcd.c 0x00000000   Number         0  stm32f4xx_hal_hcd.o ABSOLUTE
    ..\Drivers\STM32F4xx_HAL_Driver\Src\stm32f4xx_hal_i2s.c 0x00000000   Number         0  stm32f4xx_hal_i2s.o ABSOLUTE
    ..\Drivers\STM32F4xx_HAL_Driver\Src\stm32f4xx_hal_i2s_ex.c 0x00000000   Number         0  stm32f4xx_hal_i2s_ex.o ABSOLUTE
    ..\Drivers\STM32F4xx_HAL_Driver\Src\stm32f4xx_hal_pwr.c 0x00000000   Number         0  stm32f4xx_hal_pwr.o ABSOLUTE
    ..\Drivers\STM32F4xx_HAL_Driver\Src\stm32f4xx_hal_pwr_ex.c 0x00000000   Number         0  stm32f4xx_hal_pwr_ex.o ABSOLUTE
    ..\Drivers\STM32F4xx_HAL_Driver\Src\stm32f4xx_hal_rcc.c 0x00000000   Number         0  stm32f4xx_hal_rcc.o ABSOLUTE
    ..\Drivers\STM32F4xx_HAL_Driver\Src\stm32f4xx_hal_rcc_ex.c 0x00000000   Number         0  stm32f4xx_hal_rcc_ex.o ABSOLUTE
    ..\Drivers\STM32F4xx_HAL_Driver\Src\stm32f4xx_hal_sd.c 0x00000000   Number         0  stm32f4xx_hal_sd.o ABSOLUTE
    ..\Drivers\STM32F4xx_HAL_Driver\Src\stm32f4xx_hal_spi.c 0x00000000   Number         0  stm32f4xx_hal_spi.o ABSOLUTE
    ..\Drivers\STM32F4xx_HAL_Driver\Src\stm32f4xx_ll_sdmmc.c 0x00000000   Number         0  stm32f4xx_ll_sdmmc.o ABSOLUTE
    ..\Drivers\STM32F4xx_HAL_Driver\Src\stm32f4xx_ll_usb.c 0x00000000   Number         0  stm32f4xx_ll_usb.o ABSOLUTE
    ..\Middlewares\Third_Party\FatFs\src\diskio.c 0x00000000   Number         0  diskio.o ABSOLUTE
    ..\Middlewares\Third_Party\FatFs\src\drivers\sd_diskio.c 0x00000000   Number         0  sd_diskio.o ABSOLUTE
    ..\Middlewares\Third_Party\FatFs\src\ff.c 0x00000000   Number         0  ff.o ABSOLUTE
    ..\Middlewares\Third_Party\FatFs\src\ff_gen_drv.c 0x00000000   Number         0  ff_gen_drv.o ABSOLUTE
    ..\Middlewares\Third_Party\FatFs\src\option\syscall.c 0x00000000   Number         0  syscall.o ABSOLUTE
    ..\Src\bsp_driver_sd.c                   0x00000000   Number         0  bsp_driver_sd.o ABSOLUTE
    ..\Src\debug.c                           0x00000000   Number         0  debug.o ABSOLUTE
    ..\Src\fatfs.c                           0x00000000   Number         0  fatfs.o ABSOLUTE
    ..\Src\main.c                            0x00000000   Number         0  main.o ABSOLUTE
    ..\Src\stm32f4xx_hal_msp.c               0x00000000   Number         0  stm32f4xx_hal_msp.o ABSOLUTE
    ..\Src\stm32f4xx_it.c                    0x00000000   Number         0  stm32f4xx_it.o ABSOLUTE
    ..\Src\waveplayer.c                      0x00000000   Number         0  waveplayer.o ABSOLUTE
    ..\\Src\\debug.c                         0x00000000   Number         0  debug.o ABSOLUTE
    ..\\Src\\waveplayer.c                    0x00000000   Number         0  waveplayer.o ABSOLUTE
    cdrcmple.s                               0x00000000   Number         0  cdrcmple.o ABSOLUTE
    dc.s                                     0x00000000   Number         0  dc.o ABSOLUTE
    handlers.s                               0x00000000   Number         0  handlers.o ABSOLUTE
    init.s                                   0x00000000   Number         0  init.o ABSOLUTE
    RESET                                    0x08000000   Section      428  startup_stm32f429xx.o(RESET)
    .ARM.Collect$$$$00000000                 0x080001ac   Section        0  entry.o(.ARM.Collect$$$$00000000)
    .ARM.Collect$$$$00000001                 0x080001ac   Section        4  entry2.o(.ARM.Collect$$$$00000001)
    .ARM.Collect$$$$00000004                 0x080001b0   Section        4  entry5.o(.ARM.Collect$$$$00000004)
    .ARM.Collect$$$$00000008                 0x080001b4   Section        0  entry7b.o(.ARM.Collect$$$$00000008)
    .ARM.Collect$$$$0000000A                 0x080001b4   Section        0  entry8b.o(.ARM.Collect$$$$0000000A)
    .ARM.Collect$$$$0000000B                 0x080001b4   Section        8  entry9a.o(.ARM.Collect$$$$0000000B)
    .ARM.Collect$$$$0000000D                 0x080001bc   Section        0  entry10a.o(.ARM.Collect$$$$0000000D)
    .ARM.Collect$$$$0000000F                 0x080001bc   Section        0  entry11a.o(.ARM.Collect$$$$0000000F)
    .ARM.Collect$$$$00002712                 0x080001bc   Section        4  entry2.o(.ARM.Collect$$$$00002712)
    __lit__00000000                          0x080001bc   Data           4  entry2.o(.ARM.Collect$$$$00002712)
    .text                                    0x080001c0   Section       36  startup_stm32f429xx.o(.text)
    $v0                                      0x080001c0   Number         0  startup_stm32f429xx.o(.text)
    .text                                    0x080001e4   Section       36  init.o(.text)
    i.BSP_SD_GetCardInfo                     0x08000208   Section        0  bsp_driver_sd.o(i.BSP_SD_GetCardInfo)
    i.BSP_SD_GetStatus                       0x08000214   Section        0  bsp_driver_sd.o(i.BSP_SD_GetStatus)
    i.BSP_SD_Init                            0x08000220   Section        0  bsp_driver_sd.o(i.BSP_SD_Init)
    i.BSP_SD_ReadBlocks                      0x08000248   Section        0  bsp_driver_sd.o(i.BSP_SD_ReadBlocks)
    i.BSP_SD_WriteBlocks                     0x08000268   Section        0  bsp_driver_sd.o(i.BSP_SD_WriteBlocks)
    i.DMA1_Stream4_IRQHandler                0x08000288   Section        0  stm32f4xx_it.o(i.DMA1_Stream4_IRQHandler)
    i.DMA1_Stream5_IRQHandler                0x08000294   Section        0  stm32f4xx_it.o(i.DMA1_Stream5_IRQHandler)
    i.DMA_CalcBaseAndBitshift                0x08000298   Section        0  stm32f4xx_hal_dma.o(i.DMA_CalcBaseAndBitshift)
    DMA_CalcBaseAndBitshift                  0x08000299   Thumb Code    34  stm32f4xx_hal_dma.o(i.DMA_CalcBaseAndBitshift)
    i.DMA_SetConfig                          0x080002c0   Section        0  stm32f4xx_hal_dma.o(i.DMA_SetConfig)
    DMA_SetConfig                            0x080002c1   Thumb Code    40  stm32f4xx_hal_dma.o(i.DMA_SetConfig)
    i.FATFS_LinkDriver                       0x080002e8   Section        0  ff_gen_drv.o(i.FATFS_LinkDriver)
    i.FATFS_LinkDriverEx                     0x080002f0   Section        0  ff_gen_drv.o(i.FATFS_LinkDriverEx)
    i.HAL_DMA_Abort                          0x08000330   Section        0  stm32f4xx_hal_dma.o(i.HAL_DMA_Abort)
    i.HAL_DMA_IRQHandler                     0x08000384   Section        0  stm32f4xx_hal_dma.o(i.HAL_DMA_IRQHandler)
    i.HAL_DMA_Init                           0x08000524   Section        0  stm32f4xx_hal_dma.o(i.HAL_DMA_Init)
    i.HAL_DMA_Start_IT                       0x0800059c   Section        0  stm32f4xx_hal_dma.o(i.HAL_DMA_Start_IT)
    i.HAL_Delay                              0x080005ea   Section        0  stm32f4xx_hal.o(i.HAL_Delay)
    i.HAL_GPIO_Init                          0x08000600   Section        0  stm32f4xx_hal_gpio.o(i.HAL_GPIO_Init)
    i.HAL_GetTick                            0x080007cc   Section        0  stm32f4xx_hal.o(i.HAL_GetTick)
    i.HAL_I2S_DMAStop                        0x080007d8   Section        0  stm32f4xx_hal_i2s_ex.o(i.HAL_I2S_DMAStop)
    i.HAL_I2S_ErrorCallback                  0x080008a0   Section        0  stm32f4xx_hal_i2s.o(i.HAL_I2S_ErrorCallback)
    i.HAL_I2S_Init                           0x080008a4   Section        0  stm32f4xx_hal_i2s_ex.o(i.HAL_I2S_Init)
    i.HAL_I2S_MspInit                        0x08000a08   Section        0  stm32f4xx_hal_msp.o(i.HAL_I2S_MspInit)
    i.HAL_I2S_Transmit_DMA                   0x08000a9c   Section        0  stm32f4xx_hal_i2s.o(i.HAL_I2S_Transmit_DMA)
    i.HAL_I2S_TxCpltCallback                 0x08000b44   Section        0  waveplayer.o(i.HAL_I2S_TxCpltCallback)
    i.HAL_I2S_TxHalfCpltCallback             0x08000b78   Section        0  waveplayer.o(i.HAL_I2S_TxHalfCpltCallback)
    i.HAL_IncTick                            0x08000bc8   Section        0  stm32f4xx_hal.o(i.HAL_IncTick)
    i.HAL_Init                               0x08000bd8   Section        0  stm32f4xx_hal.o(i.HAL_Init)
    i.HAL_InitTick                           0x08000c0c   Section        0  stm32f4xx_hal.o(i.HAL_InitTick)
    i.HAL_MspInit                            0x08000c2e   Section        0  stm32f4xx_hal_msp.o(i.HAL_MspInit)
    i.HAL_NVIC_EnableIRQ                     0x08000c44   Section        0  stm32f4xx_hal_cortex.o(i.HAL_NVIC_EnableIRQ)
    i.HAL_NVIC_SetPriority                   0x08000c5c   Section        0  stm32f4xx_hal_cortex.o(i.HAL_NVIC_SetPriority)
    i.HAL_NVIC_SetPriorityGrouping           0x08000c9c   Section        0  stm32f4xx_hal_cortex.o(i.HAL_NVIC_SetPriorityGrouping)
    i.HAL_RCCEx_PeriphCLKConfig              0x08000cc0   Section        0  stm32f4xx_hal_rcc_ex.o(i.HAL_RCCEx_PeriphCLKConfig)
    i.HAL_RCC_GetHCLKFreq                    0x08000f68   Section        0  stm32f4xx_hal_rcc.o(i.HAL_RCC_GetHCLKFreq)
    i.HAL_RCC_GetSysClockFreq                0x08000f9c   Section        0  stm32f4xx_hal_rcc.o(i.HAL_RCC_GetSysClockFreq)
    i.HAL_RCC_OscConfig                      0x08001010   Section        0  stm32f4xx_hal_rcc.o(i.HAL_RCC_OscConfig)
    i.HAL_SD_GetStatus                       0x08001348   Section        0  stm32f4xx_hal_sd.o(i.HAL_SD_GetStatus)
    i.HAL_SD_Get_CardInfo                    0x08001396   Section        0  stm32f4xx_hal_sd.o(i.HAL_SD_Get_CardInfo)
    i.HAL_SD_Init                            0x0800164e   Section        0  stm32f4xx_hal_sd.o(i.HAL_SD_Init)
    i.HAL_SD_MspInit                         0x080016f0   Section        0  stm32f4xx_hal_msp.o(i.HAL_SD_MspInit)
    i.HAL_SD_ReadBlocks                      0x08001754   Section        0  stm32f4xx_hal_sd.o(i.HAL_SD_ReadBlocks)
    i.HAL_SD_StopTransfer                    0x080018d0   Section        0  stm32f4xx_hal_sd.o(i.HAL_SD_StopTransfer)
    i.HAL_SD_WriteBlocks                     0x080018fc   Section        0  stm32f4xx_hal_sd.o(i.HAL_SD_WriteBlocks)
    i.HAL_SYSTICK_CLKSourceConfig            0x08001ad4   Section        0  stm32f4xx_hal_cortex.o(i.HAL_SYSTICK_CLKSourceConfig)
    i.HAL_SYSTICK_Callback                   0x08001aec   Section        0  stm32f4xx_hal_cortex.o(i.HAL_SYSTICK_Callback)
    i.HAL_SYSTICK_Config                     0x08001aee   Section        0  stm32f4xx_hal_cortex.o(i.HAL_SYSTICK_Config)
    i.HAL_SYSTICK_IRQHandler                 0x08001b16   Section        0  stm32f4xx_hal_cortex.o(i.HAL_SYSTICK_IRQHandler)
    i.I2S_DMAError                           0x08001b1e   Section        0  stm32f4xx_hal_i2s.o(i.I2S_DMAError)
    i.I2S_DMATxCplt                          0x08001b3c   Section        0  stm32f4xx_hal_i2s_ex.o(i.I2S_DMATxCplt)
    i.I2S_DMATxHalfCplt                      0x08001ba0   Section        0  stm32f4xx_hal_i2s.o(i.I2S_DMATxHalfCplt)
    i.I2S_GetInputClock                      0x08001bac   Section        0  stm32f4xx_hal_i2s_ex.o(i.I2S_GetInputClock)
    i.MX_FATFS_Init                          0x08001c04   Section        0  fatfs.o(i.MX_FATFS_Init)
    i.MX_GPIO_Init                           0x08001c20   Section        0  main.o(i.MX_GPIO_Init)
    MX_GPIO_Init                             0x08001c21   Thumb Code   116  main.o(i.MX_GPIO_Init)
    i.NVIC_SetPriority                       0x08001c9c   Section        0  stm32f4xx_hal_cortex.o(i.NVIC_SetPriority)
    NVIC_SetPriority                         0x08001c9d   Thumb Code    32  stm32f4xx_hal_cortex.o(i.NVIC_SetPriority)
    i.SDIO_DataConfig                        0x08001cbc   Section        0  stm32f4xx_ll_sdmmc.o(i.SDIO_DataConfig)
    i.SDIO_GetCommandResponse                0x08001ce0   Section        0  stm32f4xx_ll_sdmmc.o(i.SDIO_GetCommandResponse)
    i.SDIO_GetPowerState                     0x08001ce6   Section        0  stm32f4xx_ll_sdmmc.o(i.SDIO_GetPowerState)
    i.SDIO_GetResponse                       0x08001cf0   Section        0  stm32f4xx_ll_sdmmc.o(i.SDIO_GetResponse)
    i.SDIO_Init                              0x08001d00   Section        0  stm32f4xx_ll_sdmmc.o(i.SDIO_Init)
    i.SDIO_PowerState_ON                     0x08001d24   Section        0  stm32f4xx_ll_sdmmc.o(i.SDIO_PowerState_ON)
    i.SDIO_ReadFIFO                          0x08001d2c   Section        0  stm32f4xx_ll_sdmmc.o(i.SDIO_ReadFIFO)
    i.SDIO_SendCommand                       0x08001d32   Section        0  stm32f4xx_ll_sdmmc.o(i.SDIO_SendCommand)
    i.SDIO_WriteFIFO                         0x08001d52   Section        0  stm32f4xx_ll_sdmmc.o(i.SDIO_WriteFIFO)
    i.SD_CmdResp1Error                       0x08001d5c   Section        0  stm32f4xx_hal_sd.o(i.SD_CmdResp1Error)
    SD_CmdResp1Error                         0x08001d5d   Thumb Code   230  stm32f4xx_hal_sd.o(i.SD_CmdResp1Error)
    i.SD_CmdResp2Error                       0x08001e48   Section        0  stm32f4xx_hal_sd.o(i.SD_CmdResp2Error)
    SD_CmdResp2Error                         0x08001e49   Thumb Code    46  stm32f4xx_hal_sd.o(i.SD_CmdResp2Error)
    i.SD_CmdResp6Error                       0x08001e76   Section        0  stm32f4xx_hal_sd.o(i.SD_CmdResp6Error)
    SD_CmdResp6Error                         0x08001e77   Thumb Code   114  stm32f4xx_hal_sd.o(i.SD_CmdResp6Error)
    i.SD_CmdResp7Error                       0x08001ee8   Section        0  stm32f4xx_hal_sd.o(i.SD_CmdResp7Error)
    SD_CmdResp7Error                         0x08001ee9   Thumb Code    64  stm32f4xx_hal_sd.o(i.SD_CmdResp7Error)
    i.SD_Initialize_Cards                    0x08001f28   Section        0  stm32f4xx_hal_sd.o(i.SD_Initialize_Cards)
    SD_Initialize_Cards                      0x08001f29   Thumb Code   220  stm32f4xx_hal_sd.o(i.SD_Initialize_Cards)
    i.SD_IsCardProgramming                   0x08002004   Section        0  stm32f4xx_hal_sd.o(i.SD_IsCardProgramming)
    SD_IsCardProgramming                     0x08002005   Thumb Code   310  stm32f4xx_hal_sd.o(i.SD_IsCardProgramming)
    i.SD_PowerON                             0x08002140   Section        0  stm32f4xx_hal_sd.o(i.SD_PowerON)
    SD_PowerON                               0x08002141   Thumb Code   364  stm32f4xx_hal_sd.o(i.SD_PowerON)
    i.SD_initialize                          0x080022b4   Section        0  sd_diskio.o(i.SD_initialize)
    i.SD_ioctl                               0x080022d4   Section        0  sd_diskio.o(i.SD_ioctl)
    i.SD_read                                0x08002324   Section        0  sd_diskio.o(i.SD_read)
    i.SD_status                              0x08002344   Section        0  sd_diskio.o(i.SD_status)
    i.SD_write                               0x08002364   Section        0  sd_diskio.o(i.SD_write)
    i.SysTick_Handler                        0x08002382   Section        0  stm32f4xx_it.o(i.SysTick_Handler)
    i.SystemClock_Config                     0x08002390   Section        0  main.o(i.SystemClock_Config)
    i.SystemInit                             0x08002420   Section        0  system_stm32f4xx.o(i.SystemInit)
    i.WavePlayerStart                        0x08002474   Section        0  waveplayer.o(i.WavePlayerStart)
    i.__0printf$bare                         0x080024c0   Section        0  printfb.o(i.__0printf$bare)
    i.__scatterload_copy                     0x080024d0   Section       14  handlers.o(i.__scatterload_copy)
    i.__scatterload_null                     0x080024de   Section        2  handlers.o(i.__scatterload_null)
    i.__scatterload_zeroinit                 0x080024e0   Section       14  handlers.o(i.__scatterload_zeroinit)
    i._printf_core                           0x080024ee   Section        0  printfb.o(i._printf_core)
    _printf_core                             0x080024ef   Thumb Code    34  printfb.o(i._printf_core)
    i.check_fs                               0x08002510   Section        0  ff.o(i.check_fs)
    check_fs                                 0x08002511   Thumb Code    90  ff.o(i.check_fs)
    i.chk_lock                               0x08002570   Section        0  ff.o(i.chk_lock)
    chk_lock                                 0x08002571   Thumb Code   102  ff.o(i.chk_lock)
    i.clear_lock                             0x080025dc   Section        0  ff.o(i.clear_lock)
    clear_lock                               0x080025dd   Thumb Code    32  ff.o(i.clear_lock)
    i.clmt_clust                             0x08002600   Section        0  ff.o(i.clmt_clust)
    clmt_clust                               0x08002601   Thumb Code    42  ff.o(i.clmt_clust)
    i.clust2sect                             0x0800262a   Section        0  ff.o(i.clust2sect)
    i.create_chain                           0x08002648   Section        0  ff.o(i.create_chain)
    create_chain                             0x08002649   Thumb Code   176  ff.o(i.create_chain)
    i.create_name                            0x080026f8   Section        0  ff.o(i.create_name)
    create_name                              0x080026f9   Thumb Code   234  ff.o(i.create_name)
    i.dir_next                               0x080027f8   Section        0  ff.o(i.dir_next)
    dir_next                                 0x080027f9   Thumb Code   286  ff.o(i.dir_next)
    i.dir_register                           0x08002916   Section        0  ff.o(i.dir_register)
    dir_register                             0x08002917   Thumb Code   118  ff.o(i.dir_register)
    i.dir_sdi                                0x0800298c   Section        0  ff.o(i.dir_sdi)
    dir_sdi                                  0x0800298d   Thumb Code   152  ff.o(i.dir_sdi)
    i.disk_initialize                        0x08002a24   Section        0  diskio.o(i.disk_initialize)
    i.disk_read                              0x08002a4c   Section        0  diskio.o(i.disk_read)
    i.disk_status                            0x08002a68   Section        0  diskio.o(i.disk_status)
    i.disk_write                             0x08002a80   Section        0  diskio.o(i.disk_write)
    i.f_mount                                0x08002a9c   Section        0  ff.o(i.f_mount)
    i.f_open                                 0x08002af8   Section        0  ff.o(i.f_open)
    i.f_read                                 0x08002c98   Section        0  ff.o(i.f_read)
    i.find_volume                            0x08002e24   Section        0  ff.o(i.find_volume)
    find_volume                              0x08002e25   Thumb Code   588  ff.o(i.find_volume)
    i.follow_path                            0x0800307c   Section        0  ff.o(i.follow_path)
    follow_path                              0x0800307d   Thumb Code   192  ff.o(i.follow_path)
    i.fputc                                  0x0800313c   Section        0  debug.o(i.fputc)
    i.get_fat                                0x08003158   Section        0  ff.o(i.get_fat)
    i.get_fattime                            0x0800321a   Section        0  fatfs.o(i.get_fattime)
    i.get_ldnumber                           0x0800321e   Section        0  ff.o(i.get_ldnumber)
    get_ldnumber                             0x0800321f   Thumb Code    60  ff.o(i.get_ldnumber)
    i.inc_lock                               0x0800325c   Section        0  ff.o(i.inc_lock)
    inc_lock                                 0x0800325d   Thumb Code   154  ff.o(i.inc_lock)
    i.ld_clust                               0x080032fc   Section        0  ff.o(i.ld_clust)
    ld_clust                                 0x080032fd   Thumb Code    20  ff.o(i.ld_clust)
    i.main                                   0x08003310   Section        0  main.o(i.main)
    i.mem_cpy                                0x080033f4   Section        0  ff.o(i.mem_cpy)
    mem_cpy                                  0x080033f5   Thumb Code    18  ff.o(i.mem_cpy)
    i.mem_set                                0x08003406   Section        0  ff.o(i.mem_set)
    mem_set                                  0x08003407   Thumb Code    14  ff.o(i.mem_set)
    i.move_window                            0x08003414   Section        0  ff.o(i.move_window)
    move_window                              0x08003415   Thumb Code    54  ff.o(i.move_window)
    i.put_fat                                0x0800344a   Section        0  ff.o(i.put_fat)
    i.remove_chain                           0x08003542   Section        0  ff.o(i.remove_chain)
    remove_chain                             0x08003543   Thumb Code   110  ff.o(i.remove_chain)
    i.st_clust                               0x080035b0   Section        0  ff.o(i.st_clust)
    st_clust                                 0x080035b1   Thumb Code    16  ff.o(i.st_clust)
    i.sync_window                            0x080035c0   Section        0  ff.o(i.sync_window)
    sync_window                              0x080035c1   Thumb Code    96  ff.o(i.sync_window)
    i.validate                               0x08003620   Section        0  ff.o(i.validate)
    validate                                 0x08003621   Thumb Code    44  ff.o(i.validate)
    .constdata                               0x0800364c   Section       16  stm32f4xx_hal_rcc.o(.constdata)
    .constdata                               0x0800365c   Section        8  stm32f4xx_hal_dma.o(.constdata)
    flagBitshiftOffset                       0x0800365c   Data           8  stm32f4xx_hal_dma.o(.constdata)
    .constdata                               0x08003664   Section      172  ff.o(.constdata)
    ExCvt                                    0x08003664   Data         128  ff.o(.constdata)
    vst                                      0x080036e4   Data          22  ff.o(.constdata)
    cst                                      0x080036fa   Data          22  ff.o(.constdata)
    .constdata                               0x08003710   Section       20  sd_diskio.o(.constdata)
    .data                                    0x20000000   Section        4  stm32f4xx_hal.o(.data)
    uwTick                                   0x20000000   Data           4  stm32f4xx_hal.o(.data)
    .data                                    0x20000004   Section        4  main.o(.data)
    .data                                    0x20000008   Section       12  waveplayer.o(.data)
    .data                                    0x20000014   Section        5  fatfs.o(.data)
    .data                                    0x2000001c   Section        4  system_stm32f4xx.o(.data)
    .data                                    0x20000020   Section        8  ff.o(.data)
    Fsid                                     0x20000020   Data           2  ff.o(.data)
    FatFs                                    0x20000024   Data           4  ff.o(.data)
    .data                                    0x20000028   Section        1  sd_diskio.o(.data)
    Stat                                     0x20000028   Data           1  sd_diskio.o(.data)
    .data                                    0x2000002c   Section        4  stdout.o(.data)
    .bss                                     0x20000030   Section      816  main.o(.bss)
    .bss                                     0x20000360   Section       88  main.o(.bss)
    .bss                                     0x200003b8   Section       88  main.o(.bss)
    .bss                                     0x20000410   Section     8748  waveplayer.o(.bss)
    .bss                                     0x2000263c   Section       24  ff.o(.bss)
    Files                                    0x2000263c   Data          24  ff.o(.bss)
    .bss                                     0x20002654   Section       12  ff_gen_drv.o(.bss)
    STACK                                    0x20002660   Section     1024  startup_stm32f429xx.o(STACK)

    Global Symbols

    Symbol Name                              Value     Ov Type        Size  Object(Section)

    BuildAttributes$$THM_ISAv4$E$P$D$K$B$S$7EM$VFPi3$EXTD16$VFPS$VFMA$PE$A:L22UL41UL21$X:L11$S22US41US21$IEEE1$IW$USESV6$~STKCKD$USESV7$~SHL$OSPACE$ROPI$EBA8$MICROLIB$REQ8$PRES8$EABIv2 0x00000000   Number         0  anon$$obj.o ABSOLUTE
    __ARM_use_no_argv                        0x00000000   Number         0  main.o ABSOLUTE
    __cpp_initialize__aeabi_                  - Undefined Weak Reference
    __cxa_finalize                            - Undefined Weak Reference
    __decompress                              - Undefined Weak Reference
    _clock_init                               - Undefined Weak Reference
    _microlib_exit                            - Undefined Weak Reference
    __Vectors_Size                           0x000001ac   Number         0  startup_stm32f429xx.o ABSOLUTE
    __Vectors                                0x08000000   Data           4  startup_stm32f429xx.o(RESET)
    __Vectors_End                            0x080001ac   Data           0  startup_stm32f429xx.o(RESET)
    __main                                   0x080001ad   Thumb Code     0  entry.o(.ARM.Collect$$$$00000000)
    _main_stk                                0x080001ad   Thumb Code     0  entry2.o(.ARM.Collect$$$$00000001)
    _main_scatterload                        0x080001b1   Thumb Code     0  entry5.o(.ARM.Collect$$$$00000004)
    __main_after_scatterload                 0x080001b5   Thumb Code     0  entry5.o(.ARM.Collect$$$$00000004)
    _main_clock                              0x080001b5   Thumb Code     0  entry7b.o(.ARM.Collect$$$$00000008)
    _main_cpp_init                           0x080001b5   Thumb Code     0  entry8b.o(.ARM.Collect$$$$0000000A)
    _main_init                               0x080001b5   Thumb Code     0  entry9a.o(.ARM.Collect$$$$0000000B)
    __rt_final_cpp                           0x080001bd   Thumb Code     0  entry10a.o(.ARM.Collect$$$$0000000D)
    __rt_final_exit                          0x080001bd   Thumb Code     0  entry11a.o(.ARM.Collect$$$$0000000F)
    Reset_Handler                            0x080001c1   Thumb Code     8  startup_stm32f429xx.o(.text)
    NMI_Handler                              0x080001c9   Thumb Code     2  startup_stm32f429xx.o(.text)
    HardFault_Handler                        0x080001cb   Thumb Code     2  startup_stm32f429xx.o(.text)
    MemManage_Handler                        0x080001cd   Thumb Code     2  startup_stm32f429xx.o(.text)
    BusFault_Handler                         0x080001cf   Thumb Code     2  startup_stm32f429xx.o(.text)
    UsageFault_Handler                       0x080001d1   Thumb Code     2  startup_stm32f429xx.o(.text)
    SVC_Handler                              0x080001d3   Thumb Code     2  startup_stm32f429xx.o(.text)
    DebugMon_Handler                         0x080001d5   Thumb Code     2  startup_stm32f429xx.o(.text)
    PendSV_Handler                           0x080001d7   Thumb Code     2  startup_stm32f429xx.o(.text)
    ADC_IRQHandler                           0x080001db   Thumb Code     0  startup_stm32f429xx.o(.text)
    CAN1_RX0_IRQHandler                      0x080001db   Thumb Code     0  startup_stm32f429xx.o(.text)
    CAN1_RX1_IRQHandler                      0x080001db   Thumb Code     0  startup_stm32f429xx.o(.text)
    CAN1_SCE_IRQHandler                      0x080001db   Thumb Code     0  startup_stm32f429xx.o(.text)
    CAN1_TX_IRQHandler                       0x080001db   Thumb Code     0  startup_stm32f429xx.o(.text)
    CAN2_RX0_IRQHandler                      0x080001db   Thumb Code     0  startup_stm32f429xx.o(.text)
    CAN2_RX1_IRQHandler                      0x080001db   Thumb Code     0  startup_stm32f429xx.o(.text)
    CAN2_SCE_IRQHandler                      0x080001db   Thumb Code     0  startup_stm32f429xx.o(.text)
    CAN2_TX_IRQHandler                       0x080001db   Thumb Code     0  startup_stm32f429xx.o(.text)
    DCMI_IRQHandler                          0x080001db   Thumb Code     0  startup_stm32f429xx.o(.text)
    DMA1_Stream0_IRQHandler                  0x080001db   Thumb Code     0  startup_stm32f429xx.o(.text)
    DMA1_Stream1_IRQHandler                  0x080001db   Thumb Code     0  startup_stm32f429xx.o(.text)
    DMA1_Stream2_IRQHandler                  0x080001db   Thumb Code     0  startup_stm32f429xx.o(.text)
    DMA1_Stream3_IRQHandler                  0x080001db   Thumb Code     0  startup_stm32f429xx.o(.text)
    DMA1_Stream6_IRQHandler                  0x080001db   Thumb Code     0  startup_stm32f429xx.o(.text)
    DMA1_Stream7_IRQHandler                  0x080001db   Thumb Code     0  startup_stm32f429xx.o(.text)
    DMA2D_IRQHandler                         0x080001db   Thumb Code     0  startup_stm32f429xx.o(.text)
    DMA2_Stream0_IRQHandler                  0x080001db   Thumb Code     0  startup_stm32f429xx.o(.text)
    DMA2_Stream1_IRQHandler                  0x080001db   Thumb Code     0  startup_stm32f429xx.o(.text)
    DMA2_Stream2_IRQHandler                  0x080001db   Thumb Code     0  startup_stm32f429xx.o(.text)
    DMA2_Stream3_IRQHandler                  0x080001db   Thumb Code     0  startup_stm32f429xx.o(.text)
    DMA2_Stream4_IRQHandler                  0x080001db   Thumb Code     0  startup_stm32f429xx.o(.text)
    DMA2_Stream5_IRQHandler                  0x080001db   Thumb Code     0  startup_stm32f429xx.o(.text)
    DMA2_Stream6_IRQHandler                  0x080001db   Thumb Code     0  startup_stm32f429xx.o(.text)
    DMA2_Stream7_IRQHandler                  0x080001db   Thumb Code     0  startup_stm32f429xx.o(.text)
    ETH_IRQHandler                           0x080001db   Thumb Code     0  startup_stm32f429xx.o(.text)
    ETH_WKUP_IRQHandler                      0x080001db   Thumb Code     0  startup_stm32f429xx.o(.text)
    EXTI0_IRQHandler                         0x080001db   Thumb Code     0  startup_stm32f429xx.o(.text)
    EXTI15_10_IRQHandler                     0x080001db   Thumb Code     0  startup_stm32f429xx.o(.text)
    EXTI1_IRQHandler                         0x080001db   Thumb Code     0  startup_stm32f429xx.o(.text)
    EXTI2_IRQHandler                         0x080001db   Thumb Code     0  startup_stm32f429xx.o(.text)
    EXTI3_IRQHandler                         0x080001db   Thumb Code     0  startup_stm32f429xx.o(.text)
    EXTI4_IRQHandler                         0x080001db   Thumb Code     0  startup_stm32f429xx.o(.text)
    EXTI9_5_IRQHandler                       0x080001db   Thumb Code     0  startup_stm32f429xx.o(.text)
    FLASH_IRQHandler                         0x080001db   Thumb Code     0  startup_stm32f429xx.o(.text)
    FMC_IRQHandler                           0x080001db   Thumb Code     0  startup_stm32f429xx.o(.text)
    FPU_IRQHandler                           0x080001db   Thumb Code     0  startup_stm32f429xx.o(.text)
    HASH_RNG_IRQHandler                      0x080001db   Thumb Code     0  startup_stm32f429xx.o(.text)
    I2C1_ER_IRQHandler                       0x080001db   Thumb Code     0  startup_stm32f429xx.o(.text)
    I2C1_EV_IRQHandler                       0x080001db   Thumb Code     0  startup_stm32f429xx.o(.text)
    I2C2_ER_IRQHandler                       0x080001db   Thumb Code     0  startup_stm32f429xx.o(.text)
    I2C2_EV_IRQHandler                       0x080001db   Thumb Code     0  startup_stm32f429xx.o(.text)
    I2C3_ER_IRQHandler                       0x080001db   Thumb Code     0  startup_stm32f429xx.o(.text)
    I2C3_EV_IRQHandler                       0x080001db   Thumb Code     0  startup_stm32f429xx.o(.text)
    LTDC_ER_IRQHandler                       0x080001db   Thumb Code     0  startup_stm32f429xx.o(.text)
    LTDC_IRQHandler                          0x080001db   Thumb Code     0  startup_stm32f429xx.o(.text)
    OTG_FS_IRQHandler                        0x080001db   Thumb Code     0  startup_stm32f429xx.o(.text)
    OTG_FS_WKUP_IRQHandler                   0x080001db   Thumb Code     0  startup_stm32f429xx.o(.text)
    OTG_HS_EP1_IN_IRQHandler                 0x080001db   Thumb Code     0  startup_stm32f429xx.o(.text)
    OTG_HS_EP1_OUT_IRQHandler                0x080001db   Thumb Code     0  startup_stm32f429xx.o(.text)
    OTG_HS_IRQHandler                        0x080001db   Thumb Code     0  startup_stm32f429xx.o(.text)
    OTG_HS_WKUP_IRQHandler                   0x080001db   Thumb Code     0  startup_stm32f429xx.o(.text)
    PVD_IRQHandler                           0x080001db   Thumb Code     0  startup_stm32f429xx.o(.text)
    RCC_IRQHandler                           0x080001db   Thumb Code     0  startup_stm32f429xx.o(.text)
    RTC_Alarm_IRQHandler                     0x080001db   Thumb Code     0  startup_stm32f429xx.o(.text)
    RTC_WKUP_IRQHandler                      0x080001db   Thumb Code     0  startup_stm32f429xx.o(.text)
    SAI1_IRQHandler                          0x080001db   Thumb Code     0  startup_stm32f429xx.o(.text)
    SDIO_IRQHandler                          0x080001db   Thumb Code     0  startup_stm32f429xx.o(.text)
    SPI1_IRQHandler                          0x080001db   Thumb Code     0  startup_stm32f429xx.o(.text)
    SPI2_IRQHandler                          0x080001db   Thumb Code     0  startup_stm32f429xx.o(.text)
    SPI3_IRQHandler                          0x080001db   Thumb Code     0  startup_stm32f429xx.o(.text)
    SPI4_IRQHandler                          0x080001db   Thumb Code     0  startup_stm32f429xx.o(.text)
    SPI5_IRQHandler                          0x080001db   Thumb Code     0  startup_stm32f429xx.o(.text)
    SPI6_IRQHandler                          0x080001db   Thumb Code     0  startup_stm32f429xx.o(.text)
    TAMP_STAMP_IRQHandler                    0x080001db   Thumb Code     0  startup_stm32f429xx.o(.text)
    TIM1_BRK_TIM9_IRQHandler                 0x080001db   Thumb Code     0  startup_stm32f429xx.o(.text)
    TIM1_CC_IRQHandler                       0x080001db   Thumb Code     0  startup_stm32f429xx.o(.text)
    TIM1_TRG_COM_TIM11_IRQHandler            0x080001db   Thumb Code     0  startup_stm32f429xx.o(.text)
    TIM1_UP_TIM10_IRQHandler                 0x080001db   Thumb Code     0  startup_stm32f429xx.o(.text)
    TIM2_IRQHandler                          0x080001db   Thumb Code     0  startup_stm32f429xx.o(.text)
    TIM3_IRQHandler                          0x080001db   Thumb Code     0  startup_stm32f429xx.o(.text)
    TIM4_IRQHandler                          0x080001db   Thumb Code     0  startup_stm32f429xx.o(.text)
    TIM5_IRQHandler                          0x080001db   Thumb Code     0  startup_stm32f429xx.o(.text)
    TIM6_DAC_IRQHandler                      0x080001db   Thumb Code     0  startup_stm32f429xx.o(.text)
    TIM7_IRQHandler                          0x080001db   Thumb Code     0  startup_stm32f429xx.o(.text)
    TIM8_BRK_TIM12_IRQHandler                0x080001db   Thumb Code     0  startup_stm32f429xx.o(.text)
    TIM8_CC_IRQHandler                       0x080001db   Thumb Code     0  startup_stm32f429xx.o(.text)
    TIM8_TRG_COM_TIM14_IRQHandler            0x080001db   Thumb Code     0  startup_stm32f429xx.o(.text)
    TIM8_UP_TIM13_IRQHandler                 0x080001db   Thumb Code     0  startup_stm32f429xx.o(.text)
    UART4_IRQHandler                         0x080001db   Thumb Code     0  startup_stm32f429xx.o(.text)
    UART5_IRQHandler                         0x080001db   Thumb Code     0  startup_stm32f429xx.o(.text)
    UART7_IRQHandler                         0x080001db   Thumb Code     0  startup_stm32f429xx.o(.text)
    UART8_IRQHandler                         0x080001db   Thumb Code     0  startup_stm32f429xx.o(.text)
    USART1_IRQHandler                        0x080001db   Thumb Code     0  startup_stm32f429xx.o(.text)
    USART2_IRQHandler                        0x080001db   Thumb Code     0  startup_stm32f429xx.o(.text)
    USART3_IRQHandler                        0x080001db   Thumb Code     0  startup_stm32f429xx.o(.text)
    USART6_IRQHandler                        0x080001db   Thumb Code     0  startup_stm32f429xx.o(.text)
    WWDG_IRQHandler                          0x080001db   Thumb Code     0  startup_stm32f429xx.o(.text)
    __scatterload                            0x080001e5   Thumb Code    28  init.o(.text)
    __scatterload_rt2                        0x080001e5   Thumb Code     0  init.o(.text)
    BSP_SD_GetCardInfo                       0x08000209   Thumb Code     8  bsp_driver_sd.o(i.BSP_SD_GetCardInfo)
    BSP_SD_GetStatus                         0x08000215   Thumb Code     6  bsp_driver_sd.o(i.BSP_SD_GetStatus)
    BSP_SD_Init                              0x08000221   Thumb Code    32  bsp_driver_sd.o(i.BSP_SD_Init)
    BSP_SD_ReadBlocks                        0x08000249   Thumb Code    26  bsp_driver_sd.o(i.BSP_SD_ReadBlocks)
    BSP_SD_WriteBlocks                       0x08000269   Thumb Code    26  bsp_driver_sd.o(i.BSP_SD_WriteBlocks)
    DMA1_Stream4_IRQHandler                  0x08000289   Thumb Code     6  stm32f4xx_it.o(i.DMA1_Stream4_IRQHandler)
    DMA1_Stream5_IRQHandler                  0x08000295   Thumb Code     2  stm32f4xx_it.o(i.DMA1_Stream5_IRQHandler)
    FATFS_LinkDriver                         0x080002e9   Thumb Code     6  ff_gen_drv.o(i.FATFS_LinkDriver)
    FATFS_LinkDriverEx                       0x080002f1   Thumb Code    60  ff_gen_drv.o(i.FATFS_LinkDriverEx)
    HAL_DMA_Abort                            0x08000331   Thumb Code    84  stm32f4xx_hal_dma.o(i.HAL_DMA_Abort)
    HAL_DMA_IRQHandler                       0x08000385   Thumb Code   412  stm32f4xx_hal_dma.o(i.HAL_DMA_IRQHandler)
    HAL_DMA_Init                             0x08000525   Thumb Code   116  stm32f4xx_hal_dma.o(i.HAL_DMA_Init)
    HAL_DMA_Start_IT                         0x0800059d   Thumb Code    78  stm32f4xx_hal_dma.o(i.HAL_DMA_Start_IT)
    HAL_Delay                                0x080005eb   Thumb Code    22  stm32f4xx_hal.o(i.HAL_Delay)
    HAL_GPIO_Init                            0x08000601   Thumb Code   408  stm32f4xx_hal_gpio.o(i.HAL_GPIO_Init)
    HAL_GetTick                              0x080007cd   Thumb Code     6  stm32f4xx_hal.o(i.HAL_GetTick)
    HAL_I2S_DMAStop                          0x080007d9   Thumb Code   190  stm32f4xx_hal_i2s_ex.o(i.HAL_I2S_DMAStop)
    HAL_I2S_ErrorCallback                    0x080008a1   Thumb Code     2  stm32f4xx_hal_i2s.o(i.HAL_I2S_ErrorCallback)
    HAL_I2S_Init                             0x080008a5   Thumb Code   346  stm32f4xx_hal_i2s_ex.o(i.HAL_I2S_Init)
    HAL_I2S_MspInit                          0x08000a09   Thumb Code   122  stm32f4xx_hal_msp.o(i.HAL_I2S_MspInit)
    HAL_I2S_Transmit_DMA                     0x08000a9d   Thumb Code   156  stm32f4xx_hal_i2s.o(i.HAL_I2S_Transmit_DMA)
    HAL_I2S_TxCpltCallback                   0x08000b45   Thumb Code    34  waveplayer.o(i.HAL_I2S_TxCpltCallback)
    HAL_I2S_TxHalfCpltCallback               0x08000b79   Thumb Code    68  waveplayer.o(i.HAL_I2S_TxHalfCpltCallback)
    HAL_IncTick                              0x08000bc9   Thumb Code    10  stm32f4xx_hal.o(i.HAL_IncTick)
    HAL_Init                                 0x08000bd9   Thumb Code    48  stm32f4xx_hal.o(i.HAL_Init)
    HAL_InitTick                             0x08000c0d   Thumb Code    34  stm32f4xx_hal.o(i.HAL_InitTick)
    HAL_MspInit                              0x08000c2f   Thumb Code    22  stm32f4xx_hal_msp.o(i.HAL_MspInit)
    HAL_NVIC_EnableIRQ                       0x08000c45   Thumb Code    22  stm32f4xx_hal_cortex.o(i.HAL_NVIC_EnableIRQ)
    HAL_NVIC_SetPriority                     0x08000c5d   Thumb Code    60  stm32f4xx_hal_cortex.o(i.HAL_NVIC_SetPriority)
    HAL_NVIC_SetPriorityGrouping             0x08000c9d   Thumb Code    26  stm32f4xx_hal_cortex.o(i.HAL_NVIC_SetPriorityGrouping)
    HAL_RCCEx_PeriphCLKConfig                0x08000cc1   Thumb Code   644  stm32f4xx_hal_rcc_ex.o(i.HAL_RCCEx_PeriphCLKConfig)
    HAL_RCC_GetHCLKFreq                      0x08000f69   Thumb Code    38  stm32f4xx_hal_rcc.o(i.HAL_RCC_GetHCLKFreq)
    HAL_RCC_GetSysClockFreq                  0x08000f9d   Thumb Code   104  stm32f4xx_hal_rcc.o(i.HAL_RCC_GetSysClockFreq)
    HAL_RCC_OscConfig                        0x08001011   Thumb Code   802  stm32f4xx_hal_rcc.o(i.HAL_RCC_OscConfig)
    HAL_SD_GetStatus                         0x08001349   Thumb Code    78  stm32f4xx_hal_sd.o(i.HAL_SD_GetStatus)
    HAL_SD_Get_CardInfo                      0x08001397   Thumb Code   696  stm32f4xx_hal_sd.o(i.HAL_SD_Get_CardInfo)
    HAL_SD_Init                              0x0800164f   Thumb Code   160  stm32f4xx_hal_sd.o(i.HAL_SD_Init)
    HAL_SD_MspInit                           0x080016f1   Thumb Code    84  stm32f4xx_hal_msp.o(i.HAL_SD_MspInit)
    HAL_SD_ReadBlocks                        0x08001755   Thumb Code   380  stm32f4xx_hal_sd.o(i.HAL_SD_ReadBlocks)
    HAL_SD_StopTransfer                      0x080018d1   Thumb Code    44  stm32f4xx_hal_sd.o(i.HAL_SD_StopTransfer)
    HAL_SD_WriteBlocks                       0x080018fd   Thumb Code   472  stm32f4xx_hal_sd.o(i.HAL_SD_WriteBlocks)
    HAL_SYSTICK_CLKSourceConfig              0x08001ad5   Thumb Code    24  stm32f4xx_hal_cortex.o(i.HAL_SYSTICK_CLKSourceConfig)
    HAL_SYSTICK_Callback                     0x08001aed   Thumb Code     2  stm32f4xx_hal_cortex.o(i.HAL_SYSTICK_Callback)
    HAL_SYSTICK_Config                       0x08001aef   Thumb Code    40  stm32f4xx_hal_cortex.o(i.HAL_SYSTICK_Config)
    HAL_SYSTICK_IRQHandler                   0x08001b17   Thumb Code     8  stm32f4xx_hal_cortex.o(i.HAL_SYSTICK_IRQHandler)
    I2S_DMAError                             0x08001b1f   Thumb Code    30  stm32f4xx_hal_i2s.o(i.I2S_DMAError)
    I2S_DMATxCplt                            0x08001b3d   Thumb Code    92  stm32f4xx_hal_i2s_ex.o(i.I2S_DMATxCplt)
    I2S_DMATxHalfCplt                        0x08001ba1   Thumb Code    10  stm32f4xx_hal_i2s.o(i.I2S_DMATxHalfCplt)
    I2S_GetInputClock                        0x08001bad   Thumb Code    66  stm32f4xx_hal_i2s_ex.o(i.I2S_GetInputClock)
    MX_FATFS_Init                            0x08001c05   Thumb Code    18  fatfs.o(i.MX_FATFS_Init)
    SDIO_DataConfig                          0x08001cbd   Thumb Code    36  stm32f4xx_ll_sdmmc.o(i.SDIO_DataConfig)
    SDIO_GetCommandResponse                  0x08001ce1   Thumb Code     6  stm32f4xx_ll_sdmmc.o(i.SDIO_GetCommandResponse)
    SDIO_GetPowerState                       0x08001ce7   Thumb Code     8  stm32f4xx_ll_sdmmc.o(i.SDIO_GetPowerState)
    SDIO_GetResponse                         0x08001cf1   Thumb Code    12  stm32f4xx_ll_sdmmc.o(i.SDIO_GetResponse)
    SDIO_Init                                0x08001d01   Thumb Code    36  stm32f4xx_ll_sdmmc.o(i.SDIO_Init)
    SDIO_PowerState_ON                       0x08001d25   Thumb Code     8  stm32f4xx_ll_sdmmc.o(i.SDIO_PowerState_ON)
    SDIO_ReadFIFO                            0x08001d2d   Thumb Code     6  stm32f4xx_ll_sdmmc.o(i.SDIO_ReadFIFO)
    SDIO_SendCommand                         0x08001d33   Thumb Code    32  stm32f4xx_ll_sdmmc.o(i.SDIO_SendCommand)
    SDIO_WriteFIFO                           0x08001d53   Thumb Code    10  stm32f4xx_ll_sdmmc.o(i.SDIO_WriteFIFO)
    SD_initialize                            0x080022b5   Thumb Code    26  sd_diskio.o(i.SD_initialize)
    SD_ioctl                                 0x080022d5   Thumb Code    74  sd_diskio.o(i.SD_ioctl)
    SD_read                                  0x08002325   Thumb Code    30  sd_diskio.o(i.SD_read)
    SD_status                                0x08002345   Thumb Code    26  sd_diskio.o(i.SD_status)
    SD_write                                 0x08002365   Thumb Code    30  sd_diskio.o(i.SD_write)
    SysTick_Handler                          0x08002383   Thumb Code    14  stm32f4xx_it.o(i.SysTick_Handler)
    SystemClock_Config                       0x08002391   Thumb Code   136  main.o(i.SystemClock_Config)
    SystemInit                               0x08002421   Thumb Code    66  system_stm32f4xx.o(i.SystemInit)
    WavePlayerStart                          0x08002475   Thumb Code    60  waveplayer.o(i.WavePlayerStart)
    __0printf$bare                           0x080024c1   Thumb Code     8  printfb.o(i.__0printf$bare)
    __1printf$bare                           0x080024c1   Thumb Code     0  printfb.o(i.__0printf$bare)
    __2printf                                0x080024c1   Thumb Code     0  printfb.o(i.__0printf$bare)
    __scatterload_copy                       0x080024d1   Thumb Code    14  handlers.o(i.__scatterload_copy)
    __scatterload_null                       0x080024df   Thumb Code     2  handlers.o(i.__scatterload_null)
    __scatterload_zeroinit                   0x080024e1   Thumb Code    14  handlers.o(i.__scatterload_zeroinit)
    clust2sect                               0x0800262b   Thumb Code    30  ff.o(i.clust2sect)
    disk_initialize                          0x08002a25   Thumb Code    36  diskio.o(i.disk_initialize)
    disk_read                                0x08002a4d   Thumb Code    24  diskio.o(i.disk_read)
    disk_status                              0x08002a69   Thumb Code    18  diskio.o(i.disk_status)
    disk_write                               0x08002a81   Thumb Code    24  diskio.o(i.disk_write)
    f_mount                                  0x08002a9d   Thumb Code    88  ff.o(i.f_mount)
    f_open                                   0x08002af9   Thumb Code   412  ff.o(i.f_open)
    f_read                                   0x08002c99   Thumb Code   396  ff.o(i.f_read)
    fputc                                    0x0800313d   Thumb Code    22  debug.o(i.fputc)
    get_fat                                  0x08003159   Thumb Code   194  ff.o(i.get_fat)
    get_fattime                              0x0800321b   Thumb Code     4  fatfs.o(i.get_fattime)
    main                                     0x08003311   Thumb Code   172  main.o(i.main)
    put_fat                                  0x0800344b   Thumb Code   248  ff.o(i.put_fat)
    APBAHBPrescTable                         0x0800364c   Data          16  stm32f4xx_hal_rcc.o(.constdata)
    SD_Driver                                0x08003710   Data          20  sd_diskio.o(.constdata)
    Region$$Table$$Base                      0x08003724   Number         0  anon$$obj.o(Region$$Table)
    Region$$Table$$Limit                     0x08003744   Number         0  anon$$obj.o(Region$$Table)
    res                                      0x20000004   Data           4  main.o(.data)
    bufSwitch                                0x20000008   Data           1  waveplayer.o(.data)
    playing                                  0x20000009   Data           1  waveplayer.o(.data)
    bytesRead1                               0x2000000c   Data           4  waveplayer.o(.data)
    bytesRead2                               0x20000010   Data           4  waveplayer.o(.data)
    retSD                                    0x20000014   Data           1  fatfs.o(.data)
    SD_Path                                  0x20000015   Data           4  fatfs.o(.data)
    SystemCoreClock                          0x2000001c   Data           4  system_stm32f4xx.o(.data)
    __stdout                                 0x2000002c   Data           4  stdout.o(.data)
    hi2s2                                    0x20000030   Data          68  main.o(.bss)
    hsd                                      0x20000074   Data          96  main.o(.bss)
    fatfs                                    0x200000d4   Data         560  main.o(.bss)
    SDInfo                                   0x20000308   Data          88  main.o(.bss)
    hdma_spi2_tx                             0x20000360   Data          88  main.o(.bss)
    SDCardInfo                               0x200003b8   Data          88  main.o(.bss)
    buf1                                     0x20000410   Data        4096  waveplayer.o(.bss)
    buf2                                     0x20001410   Data        4096  waveplayer.o(.bss)
    fr                                       0x20002410   Data         556  waveplayer.o(.bss)
    disk                                     0x20002654   Data          12  ff_gen_drv.o(.bss)
    __initial_sp                             0x20002a60   Data           0  startup_stm32f429xx.o(STACK)



==============================================================================

Memory Map of the image

  Image Entry point : 0x080001ad

  Load Region LR_IROM1 (Base: 0x08000000, Size: 0x00003774, Max: 0x00200000, ABSOLUTE)

    Execution Region ER_IROM1 (Base: 0x08000000, Size: 0x00003744, Max: 0x00200000, ABSOLUTE)

    Base Addr    Size         Type   Attr      Idx    E Section Name        Object

    0x08000000   0x000001ac   Data   RO         2173    RESET               startup_stm32f429xx.o
    0x080001ac   0x00000000   Code   RO         2731  * .ARM.Collect$$$$00000000  mc_w.l(entry.o)
    0x080001ac   0x00000004   Code   RO         2996    .ARM.Collect$$$$00000001  mc_w.l(entry2.o)
    0x080001b0   0x00000004   Code   RO         2999    .ARM.Collect$$$$00000004  mc_w.l(entry5.o)
    0x080001b4   0x00000000   Code   RO         3001    .ARM.Collect$$$$00000008  mc_w.l(entry7b.o)
    0x080001b4   0x00000000   Code   RO         3003    .ARM.Collect$$$$0000000A  mc_w.l(entry8b.o)
    0x080001b4   0x00000008   Code   RO         3004    .ARM.Collect$$$$0000000B  mc_w.l(entry9a.o)
    0x080001bc   0x00000000   Code   RO         3006    .ARM.Collect$$$$0000000D  mc_w.l(entry10a.o)
    0x080001bc   0x00000000   Code   RO         3008    .ARM.Collect$$$$0000000F  mc_w.l(entry11a.o)
    0x080001bc   0x00000004   Code   RO         2997    .ARM.Collect$$$$00002712  mc_w.l(entry2.o)
    0x080001c0   0x00000024   Code   RO         2174    .text               startup_stm32f429xx.o
    0x080001e4   0x00000024   Code   RO         3026    .text               mc_w.l(init.o)
    0x08000208   0x0000000c   Code   RO         2035    i.BSP_SD_GetCardInfo  bsp_driver_sd.o
    0x08000214   0x0000000c   Code   RO         2036    i.BSP_SD_GetStatus  bsp_driver_sd.o
    0x08000220   0x00000028   Code   RO         2039    i.BSP_SD_Init       bsp_driver_sd.o
    0x08000248   0x00000020   Code   RO         2041    i.BSP_SD_ReadBlocks  bsp_driver_sd.o
    0x08000268   0x00000020   Code   RO         2043    i.BSP_SD_WriteBlocks  bsp_driver_sd.o
    0x08000288   0x0000000c   Code   RO         1925    i.DMA1_Stream4_IRQHandler  stm32f4xx_it.o
    0x08000294   0x00000002   Code   RO         1926    i.DMA1_Stream5_IRQHandler  stm32f4xx_it.o
    0x08000296   0x00000002   PAD
    0x08000298   0x00000028   Code   RO         1327    i.DMA_CalcBaseAndBitshift  stm32f4xx_hal_dma.o
    0x080002c0   0x00000028   Code   RO         1328    i.DMA_SetConfig     stm32f4xx_hal_dma.o
    0x080002e8   0x00000006   Code   RO         2684    i.FATFS_LinkDriver  ff_gen_drv.o
    0x080002ee   0x00000002   PAD
    0x080002f0   0x00000040   Code   RO         2685    i.FATFS_LinkDriverEx  ff_gen_drv.o
    0x08000330   0x00000054   Code   RO         1329    i.HAL_DMA_Abort     stm32f4xx_hal_dma.o
    0x08000384   0x000001a0   Code   RO         1333    i.HAL_DMA_IRQHandler  stm32f4xx_hal_dma.o
    0x08000524   0x00000078   Code   RO         1334    i.HAL_DMA_Init      stm32f4xx_hal_dma.o
    0x0800059c   0x0000004e   Code   RO         1337    i.HAL_DMA_Start_IT  stm32f4xx_hal_dma.o
    0x080005ea   0x00000016   Code   RO          812    i.HAL_Delay         stm32f4xx_hal.o
    0x08000600   0x000001cc   Code   RO         1066    i.HAL_GPIO_Init     stm32f4xx_hal_gpio.o
    0x080007cc   0x0000000c   Code   RO          820    i.HAL_GetTick       stm32f4xx_hal.o
    0x080007d8   0x000000c8   Code   RO          720    i.HAL_I2S_DMAStop   stm32f4xx_hal_i2s_ex.o
    0x080008a0   0x00000002   Code   RO         1151    i.HAL_I2S_ErrorCallback  stm32f4xx_hal_i2s.o
    0x080008a2   0x00000002   PAD
    0x080008a4   0x00000164   Code   RO          722    i.HAL_I2S_Init      stm32f4xx_hal_i2s_ex.o
    0x08000a08   0x00000094   Code   RO         1799    i.HAL_I2S_MspInit   stm32f4xx_hal_msp.o
    0x08000a9c   0x000000a8   Code   RO         1164    i.HAL_I2S_Transmit_DMA  stm32f4xx_hal_i2s.o
    0x08000b44   0x00000034   Code   RO         1989    i.HAL_I2S_TxCpltCallback  waveplayer.o
    0x08000b78   0x00000050   Code   RO         1990    i.HAL_I2S_TxHalfCpltCallback  waveplayer.o
    0x08000bc8   0x00000010   Code   RO          821    i.HAL_IncTick       stm32f4xx_hal.o
    0x08000bd8   0x00000034   Code   RO          822    i.HAL_Init          stm32f4xx_hal.o
    0x08000c0c   0x00000022   Code   RO          823    i.HAL_InitTick      stm32f4xx_hal.o
    0x08000c2e   0x00000016   Code   RO         1800    i.HAL_MspInit       stm32f4xx_hal_msp.o
    0x08000c44   0x00000016   Code   RO          482    i.HAL_NVIC_EnableIRQ  stm32f4xx_hal_cortex.o
    0x08000c5a   0x00000002   PAD
    0x08000c5c   0x00000040   Code   RO          488    i.HAL_NVIC_SetPriority  stm32f4xx_hal_cortex.o
    0x08000c9c   0x00000024   Code   RO          489    i.HAL_NVIC_SetPriorityGrouping  stm32f4xx_hal_cortex.o
    0x08000cc0   0x000002a8   Code   RO          444    i.HAL_RCCEx_PeriphCLKConfig  stm32f4xx_hal_rcc_ex.o
    0x08000f68   0x00000034   Code   RO           10    i.HAL_RCC_GetHCLKFreq  stm32f4xx_hal_rcc.o
    0x08000f9c   0x00000074   Code   RO           14    i.HAL_RCC_GetSysClockFreq  stm32f4xx_hal_rcc.o
    0x08001010   0x00000338   Code   RO           17    i.HAL_RCC_OscConfig  stm32f4xx_hal_rcc.o
    0x08001348   0x0000004e   Code   RO         1569    i.HAL_SD_GetStatus  stm32f4xx_hal_sd.o
    0x08001396   0x000002b8   Code   RO         1570    i.HAL_SD_Get_CardInfo  stm32f4xx_hal_sd.o
    0x0800164e   0x000000a0   Code   RO         1573    i.HAL_SD_Init       stm32f4xx_hal_sd.o
    0x080016ee   0x00000002   PAD
    0x080016f0   0x00000064   Code   RO         1802    i.HAL_SD_MspInit    stm32f4xx_hal_msp.o
    0x08001754   0x0000017c   Code   RO         1576    i.HAL_SD_ReadBlocks  stm32f4xx_hal_sd.o
    0x080018d0   0x0000002c   Code   RO         1579    i.HAL_SD_StopTransfer  stm32f4xx_hal_sd.o
    0x080018fc   0x000001d8   Code   RO         1581    i.HAL_SD_WriteBlocks  stm32f4xx_hal_sd.o
    0x08001ad4   0x00000018   Code   RO          491    i.HAL_SYSTICK_CLKSourceConfig  stm32f4xx_hal_cortex.o
    0x08001aec   0x00000002   Code   RO          492    i.HAL_SYSTICK_Callback  stm32f4xx_hal_cortex.o
    0x08001aee   0x00000028   Code   RO          493    i.HAL_SYSTICK_Config  stm32f4xx_hal_cortex.o
    0x08001b16   0x00000008   Code   RO          494    i.HAL_SYSTICK_IRQHandler  stm32f4xx_hal_cortex.o
    0x08001b1e   0x0000001e   Code   RO         1168    i.I2S_DMAError      stm32f4xx_hal_i2s.o
    0x08001b3c   0x00000064   Code   RO          725    i.I2S_DMATxCplt     stm32f4xx_hal_i2s_ex.o
    0x08001ba0   0x0000000a   Code   RO         1170    i.I2S_DMATxHalfCplt  stm32f4xx_hal_i2s.o
    0x08001baa   0x00000002   PAD
    0x08001bac   0x00000058   Code   RO          726    i.I2S_GetInputClock  stm32f4xx_hal_i2s_ex.o
    0x08001c04   0x0000001c   Code   RO         2138    i.MX_FATFS_Init     fatfs.o
    0x08001c20   0x0000007c   Code   RO         1847    i.MX_GPIO_Init      main.o
    0x08001c9c   0x00000020   Code   RO          495    i.NVIC_SetPriority  stm32f4xx_hal_cortex.o
    0x08001cbc   0x00000024   Code   RO         1464    i.SDIO_DataConfig   stm32f4xx_ll_sdmmc.o
    0x08001ce0   0x00000006   Code   RO         1465    i.SDIO_GetCommandResponse  stm32f4xx_ll_sdmmc.o
    0x08001ce6   0x00000008   Code   RO         1468    i.SDIO_GetPowerState  stm32f4xx_ll_sdmmc.o
    0x08001cee   0x00000002   PAD
    0x08001cf0   0x00000010   Code   RO         1469    i.SDIO_GetResponse  stm32f4xx_ll_sdmmc.o
    0x08001d00   0x00000024   Code   RO         1470    i.SDIO_Init         stm32f4xx_ll_sdmmc.o
    0x08001d24   0x00000008   Code   RO         1472    i.SDIO_PowerState_ON  stm32f4xx_ll_sdmmc.o
    0x08001d2c   0x00000006   Code   RO         1473    i.SDIO_ReadFIFO     stm32f4xx_ll_sdmmc.o
    0x08001d32   0x00000020   Code   RO         1474    i.SDIO_SendCommand  stm32f4xx_ll_sdmmc.o
    0x08001d52   0x0000000a   Code   RO         1476    i.SDIO_WriteFIFO    stm32f4xx_ll_sdmmc.o
    0x08001d5c   0x000000ec   Code   RO         1585    i.SD_CmdResp1Error  stm32f4xx_hal_sd.o
    0x08001e48   0x0000002e   Code   RO         1586    i.SD_CmdResp2Error  stm32f4xx_hal_sd.o
    0x08001e76   0x00000072   Code   RO         1587    i.SD_CmdResp6Error  stm32f4xx_hal_sd.o
    0x08001ee8   0x00000040   Code   RO         1588    i.SD_CmdResp7Error  stm32f4xx_hal_sd.o
    0x08001f28   0x000000dc   Code   RO         1594    i.SD_Initialize_Cards  stm32f4xx_hal_sd.o
    0x08002004   0x0000013c   Code   RO         1595    i.SD_IsCardProgramming  stm32f4xx_hal_sd.o
    0x08002140   0x00000174   Code   RO         1596    i.SD_PowerON        stm32f4xx_hal_sd.o
    0x080022b4   0x00000020   Code   RO         2593    i.SD_initialize     sd_diskio.o
    0x080022d4   0x00000050   Code   RO         2594    i.SD_ioctl          sd_diskio.o
    0x08002324   0x0000001e   Code   RO         2595    i.SD_read           sd_diskio.o
    0x08002342   0x00000002   PAD
    0x08002344   0x00000020   Code   RO         2596    i.SD_status         sd_diskio.o
    0x08002364   0x0000001e   Code   RO         2597    i.SD_write          sd_diskio.o
    0x08002382   0x0000000e   Code   RO         1927    i.SysTick_Handler   stm32f4xx_it.o
    0x08002390   0x00000090   Code   RO         1848    i.SystemClock_Config  main.o
    0x08002420   0x00000054   Code   RO         2182    i.SystemInit        system_stm32f4xx.o
    0x08002474   0x0000004c   Code   RO         1991    i.WavePlayerStart   waveplayer.o
    0x080024c0   0x00000010   Code   RO         2737    i.__0printf$bare    mc_w.l(printfb.o)
    0x080024d0   0x0000000e   Code   RO         3038    i.__scatterload_copy  mc_w.l(handlers.o)
    0x080024de   0x00000002   Code   RO         3039    i.__scatterload_null  mc_w.l(handlers.o)
    0x080024e0   0x0000000e   Code   RO         3040    i.__scatterload_zeroinit  mc_w.l(handlers.o)
    0x080024ee   0x00000022   Code   RO         2744    i._printf_core      mc_w.l(printfb.o)
    0x08002510   0x00000060   Code   RO         2218    i.check_fs          ff.o
    0x08002570   0x0000006c   Code   RO         2219    i.chk_lock          ff.o
    0x080025dc   0x00000024   Code   RO         2220    i.clear_lock        ff.o
    0x08002600   0x0000002a   Code   RO         2221    i.clmt_clust        ff.o
    0x0800262a   0x0000001e   Code   RO         2222    i.clust2sect        ff.o
    0x08002648   0x000000b0   Code   RO         2223    i.create_chain      ff.o
    0x080026f8   0x00000100   Code   RO         2224    i.create_name       ff.o
    0x080027f8   0x0000011e   Code   RO         2226    i.dir_next          ff.o
    0x08002916   0x00000076   Code   RO         2228    i.dir_register      ff.o
    0x0800298c   0x00000098   Code   RO         2230    i.dir_sdi           ff.o
    0x08002a24   0x00000028   Code   RO         2538    i.disk_initialize   diskio.o
    0x08002a4c   0x0000001c   Code   RO         2540    i.disk_read         diskio.o
    0x08002a68   0x00000018   Code   RO         2541    i.disk_status       diskio.o
    0x08002a80   0x0000001c   Code   RO         2542    i.disk_write        diskio.o
    0x08002a9c   0x0000005c   Code   RO         2239    i.f_mount           ff.o
    0x08002af8   0x000001a0   Code   RO         2240    i.f_open            ff.o
    0x08002c98   0x0000018c   Code   RO         2245    i.f_read            ff.o
    0x08002e24   0x00000258   Code   RO         2254    i.find_volume       ff.o
    0x0800307c   0x000000c0   Code   RO         2255    i.follow_path       ff.o
    0x0800313c   0x0000001c   Code   RO         1965    i.fputc             debug.o
    0x08003158   0x000000c2   Code   RO         2256    i.get_fat           ff.o
    0x0800321a   0x00000004   Code   RO         2139    i.get_fattime       fatfs.o
    0x0800321e   0x0000003c   Code   RO         2258    i.get_ldnumber      ff.o
    0x0800325a   0x00000002   PAD
    0x0800325c   0x000000a0   Code   RO         2259    i.inc_lock          ff.o
    0x080032fc   0x00000014   Code   RO         2260    i.ld_clust          ff.o
    0x08003310   0x000000e4   Code   RO         1849    i.main              main.o
    0x080033f4   0x00000012   Code   RO         2261    i.mem_cpy           ff.o
    0x08003406   0x0000000e   Code   RO         2262    i.mem_set           ff.o
    0x08003414   0x00000036   Code   RO         2263    i.move_window       ff.o
    0x0800344a   0x000000f8   Code   RO         2264    i.put_fat           ff.o
    0x08003542   0x0000006e   Code   RO         2266    i.remove_chain      ff.o
    0x080035b0   0x00000010   Code   RO         2267    i.st_clust          ff.o
    0x080035c0   0x00000060   Code   RO         2269    i.sync_window       ff.o
    0x08003620   0x0000002c   Code   RO         2270    i.validate          ff.o
    0x0800364c   0x00000010   Data   RO           18    .constdata          stm32f4xx_hal_rcc.o
    0x0800365c   0x00000008   Data   RO         1338    .constdata          stm32f4xx_hal_dma.o
    0x08003664   0x000000ac   Data   RO         2272    .constdata          ff.o
    0x08003710   0x00000014   Data   RO         2598    .constdata          sd_diskio.o
    0x08003724   0x00000020   Data   RO         3036    Region$$Table       anon$$obj.o


    Execution Region RW_IRAM1 (Base: 0x20000000, Size: 0x00002a60, Max: 0x00030000, ABSOLUTE)

    Base Addr    Size         Type   Attr      Idx    E Section Name        Object

    0x20000000   0x00000004   Data   RW          828    .data               stm32f4xx_hal.o
    0x20000004   0x00000004   Data   RW         1853    .data               main.o
    0x20000008   0x0000000c   Data   RW         1993    .data               waveplayer.o
    0x20000014   0x00000005   Data   RW         2140    .data               fatfs.o
    0x20000019   0x00000003   PAD
    0x2000001c   0x00000004   Data   RW         2184    .data               system_stm32f4xx.o
    0x20000020   0x00000008   Data   RW         2273    .data               ff.o
    0x20000028   0x00000001   Data   RW         2599    .data               sd_diskio.o
    0x20000029   0x00000003   PAD
    0x2000002c   0x00000004   Data   RW         3010    .data               mc_w.l(stdout.o)
    0x20000030   0x00000330   Zero   RW         1850    .bss                main.o
    0x20000360   0x00000058   Zero   RW         1851    .bss                main.o
    0x200003b8   0x00000058   Zero   RW         1852    .bss                main.o
    0x20000410   0x0000222c   Zero   RW         1992    .bss                waveplayer.o
    0x2000263c   0x00000018   Zero   RW         2271    .bss                ff.o
    0x20002654   0x0000000c   Zero   RW         2688    .bss                ff_gen_drv.o
    0x20002660   0x00000400   Zero   RW         2171    STACK               startup_stm32f429xx.o


==============================================================================

Image component sizes


      Code (inc. data)   RO Data    RW Data    ZI Data      Debug   Object Name

       128         30          0          0          0       3182   bsp_driver_sd.o
        28          6          0          0          0        492   debug.o
       120         18          0          0          0       3000   diskio.o
        32         10          0          5          0       1358   fatfs.o
      4030         64        172          8         24      29666   ff.o
        70          4          0          0         12       1599   ff_gen_drv.o
       496         72          0          4        992       9492   main.o
       204         18         20          1          0       4180   sd_diskio.o
        36          8        428          0       1024        912   startup_stm32f429xx.o
       136         16          0          4          0       4078   stm32f4xx_hal.o
       228         14          0          0          0      32041   stm32f4xx_hal_cortex.o
       778         14          8          0          0       5203   stm32f4xx_hal_dma.o
       460         52          0          0          0       1844   stm32f4xx_hal_gpio.o
       210         12          0          0          0       3046   stm32f4xx_hal_i2s.o
       744         50          0          0          0       3877   stm32f4xx_hal_i2s_ex.o
       270         42          0          0          0       2216   stm32f4xx_hal_msp.o
       992         48         16          0          0     389847   stm32f4xx_hal_rcc.o
       680         36          0          0          0       1560   stm32f4xx_hal_rcc_ex.o
      3198         20          0          0          0      17614   stm32f4xx_hal_sd.o
        28          6          0          0          0       1402   stm32f4xx_it.o
       158          4          0          0          0       5949   stm32f4xx_ll_sdmmc.o
        84         18          0          4          0       1305   system_stm32f4xx.o
       208         46          0         12       8748       2425   waveplayer.o

    ----------------------------------------------------------------------
     13336        608        676         44      10800     526288   Object Totals
         0          0         32          0          0          0   (incl. Generated)
        18          0          0          6          0          0   (incl. Padding)

    ----------------------------------------------------------------------

      Code (inc. data)   RO Data    RW Data    ZI Data      Debug   Library Member Name

         0          0          0          0          0          0   entry.o
         0          0          0          0          0          0   entry10a.o
         0          0          0          0          0          0   entry11a.o
         8          4          0          0          0          0   entry2.o
         4          0          0          0          0          0   entry5.o
         0          0          0          0          0          0   entry7b.o
         0          0          0          0          0          0   entry8b.o
         8          4          0          0          0          0   entry9a.o
        30          0          0          0          0          0   handlers.o
        36          8          0          0          0         68   init.o
        50          8          0          0          0        152   printfb.o
         0          0          0          4          0          0   stdout.o

    ----------------------------------------------------------------------
       136         24          0          4          0        220   Library Totals
         0          0          0          0          0          0   (incl. Padding)

    ----------------------------------------------------------------------

      Code (inc. data)   RO Data    RW Data    ZI Data      Debug   Library Name

       136         24          0          4          0        220   mc_w.l

    ----------------------------------------------------------------------
       136         24          0          4          0        220   Library Totals

    ----------------------------------------------------------------------

==============================================================================


      Code (inc. data)   RO Data    RW Data    ZI Data      Debug   

     13472        632        676         48      10800     516160   Grand Totals
     13472        632        676         48      10800     516160   ELF Image Totals
     13472        632        676         48          0          0   ROM Totals

==============================================================================

    Total RO  Size (Code + RO Data)                14148 (  13.82kB)
    Total RW  Size (RW Data + ZI Data)             10848 (  10.59kB)
    Total ROM Size (Code + RO Data + RW Data)      14196 (  13.86kB)

==============================================================================

